01-01 00:00:16.647   604   604 I auditd  : type=1400 audit(0.0:913): avc: denied { listen } for comm="ffff_io01" laddr=160.48.199.254 lport=1038 scontext=u:r:bmw_telematics_service:s0 tcontext=u:r:bmw_telematics_service:s0 tclass=tcp_socket permissive=1
01-01 00:00:16.647   570   570 I auditd  : type=1400 audit(0.0:914): avc: denied { listen } for comm="ffff_io01" laddr=160.48.199.254 lport=1040 scontext=u:r:bmw_itasu_service:s0 tcontext=u:r:bmw_itasu_service:s0 tclass=tcp_socket permissive=1
01-01 00:00:16.647   604   604 I auditd  : type=1400 audit(0.0:915): avc: denied { accept } for comm="ffff_io01" laddr=160.48.199.254 lport=1038 scontext=u:r:bmw_telematics_service:s0 tcontext=u:r:bmw_telematics_service:s0 tclass=tcp_socket permissive=1
01-01 00:00:16.647   604   604 I auditd  : type=1400 audit(0.0:916): avc: denied { getopt } for comm="ffff_io01" laddr=160.48.199.254 lport=1039 scontext=u:r:bmw_telematics_service:s0 tcontext=u:r:bmw_telematics_service:s0 tclass=tcp_socket permissive=1
01-01 00:00:16.647   570   570 I auditd  : type=1400 audit(0.0:917): avc: denied { accept } for comm="ffff_io01" laddr=160.48.199.254 lport=1040 scontext=u:r:bmw_itasu_service:s0 tcontext=u:r:bmw_itasu_service:s0 tclass=tcp_socket permissive=1
01-01 00:00:16.647   604   604 I auditd  : type=1400 audit(0.0:918): avc: denied { connect } for comm="ffff_io01" laddr=160.48.199.254 lport=1039 scontext=u:r:bmw_telematics_service:s0 tcontext=u:r:bmw_telematics_service:s0 tclass=tcp_socket permissive=1
01-01 00:00:16.647   604   604 I auditd  : type=1400 audit(0.0:919): avc: denied { name_connect } for comm="ffff_io01" dest=1024 scontext=u:r:bmw_telematics_service:s0 tcontext=u:object_r:port:s0 tclass=tcp_socket permissive=1
01-01 00:00:16.647   604   604 I auditd  : type=1400 audit(0.0:920): avc: denied { write } for comm="ffff_io01" scontext=u:r:bmw_telematics_service:s0 tcontext=u:r:bmw_telematics_service:s0 tclass=netlink_route_socket permissive=1
01-01 00:00:16.647   604   604 I auditd  : type=1400 audit(0.0:921): avc: denied { nlmsg_read } for comm="ffff_io01" scontext=u:r:bmw_telematics_service:s0 tcontext=u:r:bmw_telematics_service:s0 tclass=netlink_route_socket permissive=1
01-01 00:00:16.647   570   570 I auditd  : type=1400 audit(0.0:922): avc: denied { getopt } for comm="ffff_io01" laddr=160.48.199.254 lport=1041 scontext=u:r:bmw_itasu_service:s0 tcontext=u:r:bmw_itasu_service:s0 tclass=tcp_socket permissive=1
01-01 00:00:16.647   604   604 I auditd  : type=1400 audit(0.0:923): avc: denied { shutdown } for comm="ffff_io00" laddr=160.48.199.254 lport=1039 scontext=u:r:bmw_telematics_service:s0 tcontext=u:r:bmw_telematics_service:s0 tclass=tcp_socket permissive=1
01-01 00:00:16.647   570   570 I auditd  : type=1400 audit(0.0:924): avc: denied { connect } for comm="ffff_io01" laddr=160.48.199.254 lport=1041 scontext=u:r:bmw_itasu_service:s0 tcontext=u:r:bmw_itasu_service:s0 tclass=tcp_socket permissive=1
01-01 00:00:16.647   570   570 I auditd  : type=1400 audit(0.0:925): avc: denied { name_connect } for comm="ffff_io01" dest=1024 scontext=u:r:bmw_itasu_service:s0 tcontext=u:object_r:port:s0 tclass=tcp_socket permissive=1
01-01 00:00:16.647   570   570 I auditd  : type=1400 audit(0.0:926): avc: denied { nlmsg_read } for comm="ffff_io01" scontext=u:r:bmw_itasu_service:s0 tcontext=u:r:bmw_itasu_service:s0 tclass=netlink_route_socket permissive=1
01-01 00:00:16.647   570   570 I auditd  : type=1400 audit(0.0:927): avc: denied { shutdown } for comm="ffff_io00" laddr=160.48.199.254 lport=1041 scontext=u:r:bmw_itasu_service:s0 tcontext=u:r:bmw_itasu_service:s0 tclass=tcp_socket permissive=1
01-01 00:00:16.648   186   186 I exynos-v920-pcie 161c1000.pcie: LTSSM: d
01-01 00:00:16.648   186   186 I exynos-v920-pcie 161c1000.pcie: LTSSM: e
01-01 00:00:16.648   186   186 I exynos-v920-pcie 161c1000.pcie: LTSSM: d
01-01 00:00:16.648   186   186 I exynos-v920-pcie 161c1000.pcie: LTSSM: 11
01-01 00:00:16.648   186   186 I exynos-v920-pcie 161c1000.pcie: [exynos_v920_pcie_establish_link] Link up:20000d1
01-01 00:00:16.648   186   186 I exynos-v920-pcie 161c1000.pcie: [exynos_v920_pcie_msi_init] val:0x1
01-01 00:00:16.651   614   614 I auditd  : type=1400 audit(0.0:928): avc: denied { read } for comm="ffff_io01" scontext=u:r:hal_timezonesync_default:s0 tcontext=u:r:hal_timezonesync_default:s0 tclass=netlink_route_socket permissive=1
01-01 00:00:16.651   614   614 I auditd  : type=1400 audit(0.0:929): avc: denied { create } for comm="ffff_io01" scontext=u:r:hal_timezonesync_default:s0 tcontext=u:r:hal_timezonesync_default:s0 tclass=udp_socket permissive=1
01-01 00:00:16.651   614   614 I auditd  : type=1400 audit(0.0:930): avc: denied { ioctl } for comm="ffff_io01" path="socket:[23402]" dev="sockfs" ino=23402 ioctlcmd=0x8910 scontext=u:r:hal_timezonesync_default:s0 tcontext=u:r:hal_timezonesync_default:s0 tclass=udp_socket permissive=1
01-01 00:00:16.651   614   614 I auditd  : type=1400 audit(0.0:931): avc: denied { create } for comm="ffff_io01" scontext=u:r:hal_timezonesync_default:s0 tcontext=u:r:hal_timezonesync_default:s0 tclass=tcp_socket permissive=1
01-01 00:00:16.651   614   614 I auditd  : type=1400 audit(0.0:932): avc: denied { setopt } for comm="ffff_io01" scontext=u:r:hal_timezonesync_default:s0 tcontext=u:r:hal_timezonesync_default:s0 tclass=tcp_socket permissive=1
01-01 00:00:16.651   614   614 I auditd  : type=1400 audit(0.0:933): avc: denied { bind } for comm="ffff_io01" scontext=u:r:hal_timezonesync_default:s0 tcontext=u:r:hal_timezonesync_default:s0 tclass=tcp_socket permissive=1
01-01 00:00:16.651   614   614 I auditd  : type=1400 audit(0.0:934): avc: denied { name_bind } for comm="ffff_io01" src=1026 scontext=u:r:hal_timezonesync_default:s0 tcontext=u:object_r:port:s0 tclass=tcp_socket permissive=1
01-01 00:00:16.651   614   614 I auditd  : type=1400 audit(0.0:935): avc: denied { node_bind } for comm="ffff_io01" saddr=160.48.199.254 src=1026 scontext=u:r:hal_timezonesync_default:s0 tcontext=u:object_r:node:s0 tclass=tcp_socket permissive=1
01-01 00:00:16.651   614   614 I auditd  : type=1400 audit(0.0:936): avc: denied { listen } for comm="ffff_io01" laddr=160.48.199.254 lport=1042 scontext=u:r:hal_timezonesync_default:s0 tcontext=u:r:hal_timezonesync_default:s0 tclass=tcp_socket permissive=1
01-01 00:00:16.651   614   614 I auditd  : type=1400 audit(0.0:937): avc: denied { accept } for comm="ffff_io01" laddr=160.48.199.254 lport=1042 scontext=u:r:hal_timezonesync_default:s0 tcontext=u:r:hal_timezonesync_default:s0 tclass=tcp_socket permissive=1
01-01 00:00:16.651   614   614 I auditd  : type=1400 audit(0.0:938): avc: denied { getopt } for comm="ffff_io01" laddr=160.48.199.254 lport=1043 scontext=u:r:hal_timezonesync_default:s0 tcontext=u:r:hal_timezonesync_default:s0 tclass=tcp_socket permissive=1
01-01 00:00:16.651   614   614 I auditd  : type=1400 audit(0.0:939): avc: denied { connect } for comm="ffff_io01" laddr=160.48.199.254 lport=1043 scontext=u:r:hal_timezonesync_default:s0 tcontext=u:r:hal_timezonesync_default:s0 tclass=tcp_socket permissive=1
01-01 00:00:16.651   614   614 I auditd  : type=1400 audit(0.0:940): avc: denied { name_connect } for comm="ffff_io01" dest=1024 scontext=u:r:hal_timezonesync_default:s0 tcontext=u:object_r:port:s0 tclass=tcp_socket permissive=1
01-01 00:00:16.651   614   614 I auditd  : type=1400 audit(0.0:941): avc: denied { write } for comm="ffff_io01" scontext=u:r:hal_timezonesync_default:s0 tcontext=u:r:hal_timezonesync_default:s0 tclass=netlink_route_socket permissive=1
01-01 00:00:16.651   614   614 I auditd  : type=1400 audit(0.0:942): avc: denied { nlmsg_read } for comm="ffff_io01" scontext=u:r:hal_timezonesync_default:s0 tcontext=u:r:hal_timezonesync_default:s0 tclass=netlink_route_socket permissive=1
01-01 00:00:16.651   614   614 I auditd  : type=1400 audit(0.0:943): avc: denied { shutdown } for comm="ffff_io00" laddr=160.48.199.254 lport=1043 scontext=u:r:hal_timezonesync_default:s0 tcontext=u:r:hal_timezonesync_default:s0 tclass=tcp_socket permissive=1
01-01 00:00:16.651   532   532 I auditd  : type=1400 audit(0.0:944): avc: denied { read } for comm="ffff_io01" scontext=u:r:bmw_drivingexcitement_service:s0 tcontext=u:r:bmw_drivingexcitement_service:s0 tclass=netlink_route_socket permissive=1
01-01 00:00:16.651   532   532 I auditd  : type=1400 audit(0.0:945): avc: denied { create } for comm="ffff_io01" scontext=u:r:bmw_drivingexcitement_service:s0 tcontext=u:r:bmw_drivingexcitement_service:s0 tclass=tcp_socket permissive=1
01-01 00:00:16.651   532   532 I auditd  : type=1400 audit(0.0:946): avc: denied { setopt } for comm="ffff_io01" scontext=u:r:bmw_drivingexcitement_service:s0 tcontext=u:r:bmw_drivingexcitement_service:s0 tclass=tcp_socket permissive=1
01-01 00:00:16.651   532   532 I auditd  : type=1400 audit(0.0:947): avc: denied { bind } for comm="ffff_io01" scontext=u:r:bmw_drivingexcitement_service:s0 tcontext=u:r:bmw_drivingexcitement_service:s0 tclass=tcp_socket permissive=1
01-01 00:00:16.651   532   532 I auditd  : type=1400 audit(0.0:948): avc: denied { name_bind } for comm="ffff_io01" src=1026 scontext=u:r:bmw_drivingexcitement_service:s0 tcontext=u:object_r:port:s0 tclass=tcp_socket permissive=1
01-01 00:00:16.651   532   532 I auditd  : type=1400 audit(0.0:949): avc: denied { node_bind } for comm="ffff_io01" saddr=160.48.199.254 src=1026 scontext=u:r:bmw_drivingexcitement_service:s0 tcontext=u:object_r:node:s0 tclass=tcp_socket permissive=1
01-01 00:00:16.651   532   532 I auditd  : type=1400 audit(0.0:950): avc: denied { listen } for comm="ffff_io01" laddr=160.48.199.254 lport=1044 scontext=u:r:bmw_drivingexcitement_service:s0 tcontext=u:r:bmw_drivingexcitement_service:s0 tclass=tcp_socket permissive=1
01-01 00:00:16.651   532   532 I auditd  : type=1400 audit(0.0:951): avc: denied { accept } for comm="ffff_io01" laddr=160.48.199.254 lport=1044 scontext=u:r:bmw_drivingexcitement_service:s0 tcontext=u:r:bmw_drivingexcitement_service:s0 tclass=tcp_socket permissive=1
01-01 00:00:16.651   532   532 I auditd  : type=1400 audit(0.0:952): avc: denied { getopt } for comm="ffff_io01" laddr=160.48.199.254 lport=1045 scontext=u:r:bmw_drivingexcitement_service:s0 tcontext=u:r:bmw_drivingexcitement_service:s0 tclass=tcp_socket permissive=1
01-01 00:00:16.651   532   532 I auditd  : type=1400 audit(0.0:953): avc: denied { connect } for comm="ffff_io01" laddr=160.48.199.254 lport=1045 scontext=u:r:bmw_drivingexcitement_service:s0 tcontext=u:r:bmw_drivingexcitement_service:s0 tclass=tcp_socket permissive=1
01-01 00:00:16.651   532   532 I auditd  : type=1400 audit(0.0:954): avc: denied { name_connect } for comm="ffff_io01" dest=1024 scontext=u:r:bmw_drivingexcitement_service:s0 tcontext=u:object_r:port:s0 tclass=tcp_socket permissive=1
01-01 00:00:16.651   532   532 I auditd  : type=1400 audit(0.0:955): avc: denied { write } for comm="ffff_io01" scontext=u:r:bmw_drivingexcitement_service:s0 tcontext=u:r:bmw_drivingexcitement_service:s0 tclass=netlink_route_socket permissive=1
01-01 00:00:16.651   532   532 I auditd  : type=1400 audit(0.0:956): avc: denied { nlmsg_read } for comm="ffff_io01" scontext=u:r:bmw_drivingexcitement_service:s0 tcontext=u:r:bmw_drivingexcitement_service:s0 tclass=netlink_route_socket permissive=1
01-01 00:00:16.651   532   532 I auditd  : type=1400 audit(0.0:957): avc: denied { shutdown } for comm="ffff_io00" laddr=160.48.199.254 lport=1045 scontext=u:r:bmw_drivingexcitement_service:s0 tcontext=u:r:bmw_drivingexcitement_service:s0 tclass=tcp_socket permissive=1
01-01 00:00:16.655   587   587 I auditd  : type=1400 audit(0.0:958): avc: denied { create } for comm="ffff_io00" scontext=u:r:bmw_factory_reset_service:s0 tcontext=u:r:bmw_factory_reset_service:s0 tclass=udp_socket permissive=1
01-01 00:00:16.655   587   587 I auditd  : type=1400 audit(0.0:959): avc: denied { ioctl } for comm="ffff_io00" path="socket:[23431]" dev="sockfs" ino=23431 ioctlcmd=0x8910 scontext=u:r:bmw_factory_reset_service:s0 tcontext=u:r:bmw_factory_reset_service:s0 tclass=udp_socket permissive=1
01-01 00:00:16.655   587   587 I auditd  : type=1400 audit(0.0:960): avc: denied { create } for comm="ffff_io00" scontext=u:r:bmw_factory_reset_service:s0 tcontext=u:r:bmw_factory_reset_service:s0 tclass=tcp_socket permissive=1
01-01 00:00:16.655   587   587 I auditd  : type=1400 audit(0.0:961): avc: denied { setopt } for comm="ffff_io00" scontext=u:r:bmw_factory_reset_service:s0 tcontext=u:r:bmw_factory_reset_service:s0 tclass=tcp_socket permissive=1
01-01 00:00:16.655   587   587 I auditd  : type=1400 audit(0.0:962): avc: denied { bind } for comm="ffff_io00" scontext=u:r:bmw_factory_reset_service:s0 tcontext=u:r:bmw_factory_reset_service:s0 tclass=tcp_socket permissive=1
01-01 00:00:16.655   587   587 I auditd  : type=1400 audit(0.0:963): avc: denied { name_bind } for comm="ffff_io00" src=1026 scontext=u:r:bmw_factory_reset_service:s0 tcontext=u:object_r:port:s0 tclass=tcp_socket permissive=1
01-01 00:00:16.655   587   587 I auditd  : type=1400 audit(0.0:964): avc: denied { node_bind } for comm="ffff_io00" saddr=160.48.199.254 src=1026 scontext=u:r:bmw_factory_reset_service:s0 tcontext=u:object_r:node:s0 tclass=tcp_socket permissive=1
01-01 00:00:16.655   587   587 I auditd  : type=1400 audit(0.0:965): avc: denied { listen } for comm="ffff_io00" laddr=160.48.199.254 lport=1046 scontext=u:r:bmw_factory_reset_service:s0 tcontext=u:r:bmw_factory_reset_service:s0 tclass=tcp_socket permissive=1
01-01 00:00:16.655   587   587 I auditd  : type=1400 audit(0.0:966): avc: denied { accept } for comm="ffff_io00" laddr=160.48.199.254 lport=1046 scontext=u:r:bmw_factory_reset_service:s0 tcontext=u:r:bmw_factory_reset_service:s0 tclass=tcp_socket permissive=1
01-01 00:00:16.655   587   587 I auditd  : type=1400 audit(0.0:967): avc: denied { getopt } for comm="ffff_io00" laddr=160.48.199.254 lport=1047 scontext=u:r:bmw_factory_reset_service:s0 tcontext=u:r:bmw_factory_reset_service:s0 tclass=tcp_socket permissive=1
01-01 00:00:16.655   587   587 I auditd  : type=1400 audit(0.0:968): avc: denied { connect } for comm="ffff_io00" laddr=160.48.199.254 lport=1047 scontext=u:r:bmw_factory_reset_service:s0 tcontext=u:r:bmw_factory_reset_service:s0 tclass=tcp_socket permissive=1
01-01 00:00:16.655   587   587 I auditd  : type=1400 audit(0.0:969): avc: denied { name_connect } for comm="ffff_io00" dest=1024 scontext=u:r:bmw_factory_reset_service:s0 tcontext=u:object_r:port:s0 tclass=tcp_socket permissive=1
01-01 00:00:16.655   587   587 I auditd  : type=1400 audit(0.0:970): avc: denied { nlmsg_read } for comm="ffff_io00" scontext=u:r:bmw_factory_reset_service:s0 tcontext=u:r:bmw_factory_reset_service:s0 tclass=netlink_route_socket permissive=1
01-01 00:00:16.655   587   587 I auditd  : type=1400 audit(0.0:971): avc: denied { shutdown } for comm="ffff_io01" laddr=160.48.199.254 lport=1047 scontext=u:r:bmw_factory_reset_service:s0 tcontext=u:r:bmw_factory_reset_service:s0 tclass=tcp_socket permissive=1
01-01 00:00:16.655   571   571 I auditd  : type=1400 audit(0.0:972): avc: denied { create } for comm="ffff_io00" scontext=u:r:hal_lifecycle_default:s0 tcontext=u:r:hal_lifecycle_default:s0 tclass=udp_socket permissive=1
01-01 00:00:16.666   186   186 I exynos-v920-pcie 161c1000.pcie: [exynos_v920_pcie_poweron]pci_dev->subordinate->number:1, busdev:1000000
01-01 00:00:16.666   186   186 I exynos-v920-pcie 161c1000.pcie: Current Link Speed is GEN2 (MAX GEN3)
01-01 00:00:16.666   186   186 I exynos-v920-pcie 161c1000.pcie: [exynos_v920_pcie_poweron] end of poweron, pcie state: 3
01-01 00:00:16.659   571   571 I auditd  : type=1400 audit(0.0:973): avc: denied { ioctl } for comm="ffff_io00" path="socket:[23447]" dev="sockfs" ino=23447 ioctlcmd=0x8910 scontext=u:r:hal_lifecycle_default:s0 tcontext=u:r:hal_lifecycle_default:s0 tclass=udp_socket permissive=1
01-01 00:00:16.659   571   571 I auditd  : type=1400 audit(0.0:974): avc: denied { create } for comm="ffff_io00" scontext=u:r:hal_lifecycle_default:s0 tcontext=u:r:hal_lifecycle_default:s0 tclass=tcp_socket permissive=1
01-01 00:00:16.659   571   571 I auditd  : type=1400 audit(0.0:975): avc: denied { setopt } for comm="ffff_io00" scontext=u:r:hal_lifecycle_default:s0 tcontext=u:r:hal_lifecycle_default:s0 tclass=tcp_socket permissive=1
01-01 00:00:16.659   571   571 I auditd  : type=1400 audit(0.0:976): avc: denied { bind } for comm="ffff_io00" scontext=u:r:hal_lifecycle_default:s0 tcontext=u:r:hal_lifecycle_default:s0 tclass=tcp_socket permissive=1
01-01 00:00:16.659   571   571 I auditd  : type=1400 audit(0.0:977): avc: denied { name_bind } for comm="ffff_io00" src=1026 scontext=u:r:hal_lifecycle_default:s0 tcontext=u:object_r:port:s0 tclass=tcp_socket permissive=1
01-01 00:00:16.659   571   571 I auditd  : type=1400 audit(0.0:978): avc: denied { node_bind } for comm="ffff_io00" saddr=160.48.199.254 src=1026 scontext=u:r:hal_lifecycle_default:s0 tcontext=u:object_r:node:s0 tclass=tcp_socket permissive=1
01-01 00:00:16.659   571   571 I auditd  : type=1400 audit(0.0:979): avc: denied { listen } for comm="ffff_io00" laddr=160.48.199.254 lport=1048 scontext=u:r:hal_lifecycle_default:s0 tcontext=u:r:hal_lifecycle_default:s0 tclass=tcp_socket permissive=1
01-01 00:00:16.659   571   571 I auditd  : type=1400 audit(0.0:980): avc: denied { accept } for comm="ffff_io00" laddr=160.48.199.254 lport=1048 scontext=u:r:hal_lifecycle_default:s0 tcontext=u:r:hal_lifecycle_default:s0 tclass=tcp_socket permissive=1
01-01 00:00:16.659   571   571 I auditd  : type=1400 audit(0.0:981): avc: denied { getopt } for comm="ffff_io00" laddr=160.48.199.254 lport=1049 scontext=u:r:hal_lifecycle_default:s0 tcontext=u:r:hal_lifecycle_default:s0 tclass=tcp_socket permissive=1
01-01 00:00:16.659   571   571 I auditd  : type=1400 audit(0.0:982): avc: denied { connect } for comm="ffff_io00" laddr=160.48.199.254 lport=1049 scontext=u:r:hal_lifecycle_default:s0 tcontext=u:r:hal_lifecycle_default:s0 tclass=tcp_socket permissive=1
01-01 00:00:16.659   571   571 I auditd  : type=1400 audit(0.0:983): avc: denied { name_connect } for comm="ffff_io00" dest=1024 scontext=u:r:hal_lifecycle_default:s0 tcontext=u:object_r:port:s0 tclass=tcp_socket permissive=1
01-01 00:00:16.659   571   571 I auditd  : type=1400 audit(0.0:984): avc: denied { nlmsg_read } for comm="ffff_io00" scontext=u:r:hal_lifecycle_default:s0 tcontext=u:r:hal_lifecycle_default:s0 tclass=netlink_route_socket permissive=1
01-01 00:00:16.659   571   571 I auditd  : type=1400 audit(0.0:985): avc: denied { shutdown } for comm="ffff_io01" laddr=160.48.199.254 lport=1049 scontext=u:r:hal_lifecycle_default:s0 tcontext=u:r:hal_lifecycle_default:s0 tclass=tcp_socket permissive=1
01-01 00:00:16.659   561   561 I auditd  : type=1400 audit(0.0:986): avc: denied { read } for comm="ffff_io00" scontext=u:r:hal_bmwfortune_default:s0 tcontext=u:r:hal_bmwfortune_default:s0 tclass=netlink_route_socket permissive=1
01-01 00:00:16.659   572   572 I auditd  : type=1400 audit(0.0:987): avc: denied { create } for comm="ffff_io00" scontext=u:r:bmw_privacy_service:s0 tcontext=u:r:bmw_privacy_service:s0 tclass=udp_socket permissive=1
01-01 00:00:16.659   572   572 I auditd  : type=1400 audit(0.0:988): avc: denied { ioctl } for comm="ffff_io00" path="socket:[23464]" dev="sockfs" ino=23464 ioctlcmd=0x8910 scontext=u:r:bmw_privacy_service:s0 tcontext=u:r:bmw_privacy_service:s0 tclass=udp_socket permissive=1
01-01 00:00:16.659   561   561 I auditd  : type=1400 audit(0.0:989): avc: denied { create } for comm="ffff_io00" scontext=u:r:hal_bmwfortune_default:s0 tcontext=u:r:hal_bmwfortune_default:s0 tclass=tcp_socket permissive=1
01-01 00:00:16.659   561   561 I auditd  : type=1400 audit(0.0:990): avc: denied { setopt } for comm="ffff_io00" scontext=u:r:hal_bmwfortune_default:s0 tcontext=u:r:hal_bmwfortune_default:s0 tclass=tcp_socket permissive=1
01-01 00:00:16.659   561   561 I auditd  : type=1400 audit(0.0:991): avc: denied { bind } for comm="ffff_io00" scontext=u:r:hal_bmwfortune_default:s0 tcontext=u:r:hal_bmwfortune_default:s0 tclass=tcp_socket permissive=1
01-01 00:00:16.659   561   561 I auditd  : type=1400 audit(0.0:992): avc: denied { name_bind } for comm="ffff_io00" src=1026 scontext=u:r:hal_bmwfortune_default:s0 tcontext=u:object_r:port:s0 tclass=tcp_socket permissive=1
01-01 00:00:16.659   561   561 I auditd  : type=1400 audit(0.0:993): avc: denied { node_bind } for comm="ffff_io00" saddr=160.48.199.254 src=1026 scontext=u:r:hal_bmwfortune_default:s0 tcontext=u:object_r:node:s0 tclass=tcp_socket permissive=1
01-01 00:00:16.659   572   572 I auditd  : type=1400 audit(0.0:994): avc: denied { create } for comm="ffff_io00" scontext=u:r:bmw_privacy_service:s0 tcontext=u:r:bmw_privacy_service:s0 tclass=tcp_socket permissive=1
01-01 00:00:16.659   572   572 I auditd  : type=1400 audit(0.0:995): avc: denied { setopt } for comm="ffff_io00" scontext=u:r:bmw_privacy_service:s0 tcontext=u:r:bmw_privacy_service:s0 tclass=tcp_socket permissive=1
01-01 00:00:16.659   572   572 I auditd  : type=1400 audit(0.0:996): avc: denied { bind } for comm="ffff_io00" scontext=u:r:bmw_privacy_service:s0 tcontext=u:r:bmw_privacy_service:s0 tclass=tcp_socket permissive=1
01-01 00:00:16.659   572   572 I auditd  : type=1400 audit(0.0:997): avc: denied { name_bind } for comm="ffff_io00" src=1026 scontext=u:r:bmw_privacy_service:s0 tcontext=u:object_r:port:s0 tclass=tcp_socket permissive=1
01-01 00:00:16.659   572   572 I auditd  : type=1400 audit(0.0:998): avc: denied { node_bind } for comm="ffff_io00" saddr=160.48.199.254 src=1026 scontext=u:r:bmw_privacy_service:s0 tcontext=u:object_r:node:s0 tclass=tcp_socket permissive=1
01-01 00:00:16.663   561   561 I auditd  : type=1400 audit(0.0:999): avc: denied { listen } for comm="ffff_io00" laddr=160.48.199.254 lport=1050 scontext=u:r:hal_bmwfortune_default:s0 tcontext=u:r:hal_bmwfortune_default:s0 tclass=tcp_socket permissive=1
01-01 00:00:16.663   561   561 I auditd  : type=1400 audit(0.0:1000): avc: denied { accept } for comm="ffff_io00" laddr=160.48.199.254 lport=1050 scontext=u:r:hal_bmwfortune_default:s0 tcontext=u:r:hal_bmwfortune_default:s0 tclass=tcp_socket permissive=1
01-01 00:00:16.663   561   561 I auditd  : type=1400 audit(0.0:1001): avc: denied { getopt } for comm="ffff_io00" laddr=160.48.199.254 lport=1051 scontext=u:r:hal_bmwfortune_default:s0 tcontext=u:r:hal_bmwfortune_default:s0 tclass=tcp_socket permissive=1
01-01 00:00:16.663   561   561 I auditd  : type=1400 audit(0.0:1002): avc: denied { connect } for comm="ffff_io00" laddr=160.48.199.254 lport=1051 scontext=u:r:hal_bmwfortune_default:s0 tcontext=u:r:hal_bmwfortune_default:s0 tclass=tcp_socket permissive=1
01-01 00:00:16.663   561   561 I auditd  : type=1400 audit(0.0:1003): avc: denied { name_connect } for comm="ffff_io00" dest=1024 scontext=u:r:hal_bmwfortune_default:s0 tcontext=u:object_r:port:s0 tclass=tcp_socket permissive=1
01-01 00:00:16.663   561   561 I auditd  : type=1400 audit(0.0:1004): avc: denied { write } for comm="ffff_io00" scontext=u:r:hal_bmwfortune_default:s0 tcontext=u:r:hal_bmwfortune_default:s0 tclass=netlink_route_socket permissive=1
01-01 00:00:16.663   561   561 I auditd  : type=1400 audit(0.0:1005): avc: denied { nlmsg_read } for comm="ffff_io00" scontext=u:r:hal_bmwfortune_default:s0 tcontext=u:r:hal_bmwfortune_default:s0 tclass=netlink_route_socket permissive=1
01-01 00:00:16.663   572   572 I auditd  : type=1400 audit(0.0:1006): avc: denied { listen } for comm="ffff_io00" laddr=160.48.199.254 lport=1052 scontext=u:r:bmw_privacy_service:s0 tcontext=u:r:bmw_privacy_service:s0 tclass=tcp_socket permissive=1
01-01 00:00:16.663   572   572 I auditd  : type=1400 audit(0.0:1007): avc: denied { accept } for comm="ffff_io00" laddr=160.48.199.254 lport=1052 scontext=u:r:bmw_privacy_service:s0 tcontext=u:r:bmw_privacy_service:s0 tclass=tcp_socket permissive=1
01-01 00:00:16.663   572   572 I auditd  : type=1400 audit(0.0:1008): avc: denied { getopt } for comm="ffff_io00" laddr=160.48.199.254 lport=1053 scontext=u:r:bmw_privacy_service:s0 tcontext=u:r:bmw_privacy_service:s0 tclass=tcp_socket permissive=1
01-01 00:00:16.663   572   572 I auditd  : type=1400 audit(0.0:1009): avc: denied { connect } for comm="ffff_io00" laddr=160.48.199.254 lport=1053 scontext=u:r:bmw_privacy_service:s0 tcontext=u:r:bmw_privacy_service:s0 tclass=tcp_socket permissive=1
01-01 00:00:16.663   572   572 I auditd  : type=1400 audit(0.0:1010): avc: denied { name_connect } for comm="ffff_io00" dest=1024 scontext=u:r:bmw_privacy_service:s0 tcontext=u:object_r:port:s0 tclass=tcp_socket permissive=1
01-01 00:00:16.663   572   572 I auditd  : type=1400 audit(0.0:1011): avc: denied { nlmsg_read } for comm="ffff_io00" scontext=u:r:bmw_privacy_service:s0 tcontext=u:r:bmw_privacy_service:s0 tclass=netlink_route_socket permissive=1
01-01 00:00:16.663   561   561 I auditd  : type=1400 audit(0.0:1012): avc: denied { shutdown } for comm="ffff_io01" laddr=160.48.199.254 lport=1051 scontext=u:r:hal_bmwfortune_default:s0 tcontext=u:r:hal_bmwfortune_default:s0 tclass=tcp_socket permissive=1
01-01 00:00:16.663   572   572 I auditd  : type=1400 audit(0.0:1013): avc: denied { shutdown } for comm="ffff_io01" laddr=160.48.199.254 lport=1053 scontext=u:r:bmw_privacy_service:s0 tcontext=u:r:bmw_privacy_service:s0 tclass=tcp_socket permissive=1
01-01 00:00:16.667   530   530 I auditd  : type=1400 audit(0.0:1014): avc: denied { read } for comm="ffff_io00" scontext=u:r:bmw_cdcsync_service:s0 tcontext=u:r:bmw_cdcsync_service:s0 tclass=netlink_route_socket permissive=1
01-01 00:00:16.667   530   530 I auditd  : type=1400 audit(0.0:1015): avc: denied { create } for comm="ffff_io00" scontext=u:r:bmw_cdcsync_service:s0 tcontext=u:r:bmw_cdcsync_service:s0 tclass=tcp_socket permissive=1
01-01 00:00:16.667   530   530 I auditd  : type=1400 audit(0.0:1016): avc: denied { setopt } for comm="ffff_io00" scontext=u:r:bmw_cdcsync_service:s0 tcontext=u:r:bmw_cdcsync_service:s0 tclass=tcp_socket permissive=1
01-01 00:00:16.667   530   530 I auditd  : type=1400 audit(0.0:1017): avc: denied { bind } for comm="ffff_io00" scontext=u:r:bmw_cdcsync_service:s0 tcontext=u:r:bmw_cdcsync_service:s0 tclass=tcp_socket permissive=1
01-01 00:00:16.667   530   530 I auditd  : type=1400 audit(0.0:1018): avc: denied { name_bind } for comm="ffff_io00" src=1026 scontext=u:r:bmw_cdcsync_service:s0 tcontext=u:object_r:port:s0 tclass=tcp_socket permissive=1
01-01 00:00:16.667   530   530 I auditd  : type=1400 audit(0.0:1019): avc: denied { node_bind } for comm="ffff_io00" saddr=160.48.199.254 src=1026 scontext=u:r:bmw_cdcsync_service:s0 tcontext=u:object_r:node:s0 tclass=tcp_socket permissive=1
01-01 00:00:16.667   530   530 I auditd  : type=1400 audit(0.0:1020): avc: denied { listen } for comm="ffff_io00" laddr=160.48.199.254 lport=1054 scontext=u:r:bmw_cdcsync_service:s0 tcontext=u:r:bmw_cdcsync_service:s0 tclass=tcp_socket permissive=1
01-01 00:00:16.667   530   530 I auditd  : type=1400 audit(0.0:1021): avc: denied { accept } for comm="ffff_io00" laddr=160.48.199.254 lport=1054 scontext=u:r:bmw_cdcsync_service:s0 tcontext=u:r:bmw_cdcsync_service:s0 tclass=tcp_socket permissive=1
01-01 00:00:16.667   530   530 I auditd  : type=1400 audit(0.0:1022): avc: denied { getopt } for comm="ffff_io00" laddr=160.48.199.254 lport=1055 scontext=u:r:bmw_cdcsync_service:s0 tcontext=u:r:bmw_cdcsync_service:s0 tclass=tcp_socket permissive=1
01-01 00:00:16.667   530   530 I auditd  : type=1400 audit(0.0:1023): avc: denied { connect } for comm="ffff_io00" laddr=160.48.199.254 lport=1055 scontext=u:r:bmw_cdcsync_service:s0 tcontext=u:r:bmw_cdcsync_service:s0 tclass=tcp_socket permissive=1
01-01 00:00:16.667   530   530 I auditd  : type=1400 audit(0.0:1024): avc: denied { name_connect } for comm="ffff_io00" dest=1024 scontext=u:r:bmw_cdcsync_service:s0 tcontext=u:object_r:port:s0 tclass=tcp_socket permissive=1
01-01 00:00:16.667   530   530 I auditd  : type=1400 audit(0.0:1025): avc: denied { write } for comm="ffff_io00" scontext=u:r:bmw_cdcsync_service:s0 tcontext=u:r:bmw_cdcsync_service:s0 tclass=netlink_route_socket permissive=1
01-01 00:00:16.667   530   530 I auditd  : type=1400 audit(0.0:1026): avc: denied { nlmsg_read } for comm="ffff_io00" scontext=u:r:bmw_cdcsync_service:s0 tcontext=u:r:bmw_cdcsync_service:s0 tclass=netlink_route_socket permissive=1
01-01 00:00:16.667   530   530 I auditd  : type=1400 audit(0.0:1027): avc: denied { shutdown } for comm="ffff_io01" laddr=160.48.199.254 lport=1055 scontext=u:r:bmw_cdcsync_service:s0 tcontext=u:r:bmw_cdcsync_service:s0 tclass=tcp_socket permissive=1
01-01 00:00:16.667   507   507 I auditd  : type=1400 audit(0.0:1028): avc: denied { read } for comm="ffff_io00" scontext=u:r:bmw_ccmessage_service:s0 tcontext=u:r:bmw_ccmessage_service:s0 tclass=netlink_route_socket permissive=1
01-01 00:00:16.667   507   507 I auditd  : type=1400 audit(0.0:1029): avc: denied { create } for comm="ffff_io00" scontext=u:r:bmw_ccmessage_service:s0 tcontext=u:r:bmw_ccmessage_service:s0 tclass=tcp_socket permissive=1
01-01 00:00:16.667   507   507 I auditd  : type=1400 audit(0.0:1030): avc: denied { setopt } for comm="ffff_io00" scontext=u:r:bmw_ccmessage_service:s0 tcontext=u:r:bmw_ccmessage_service:s0 tclass=tcp_socket permissive=1
01-01 00:00:16.667   507   507 I auditd  : type=1400 audit(0.0:1031): avc: denied { bind } for comm="ffff_io00" scontext=u:r:bmw_ccmessage_service:s0 tcontext=u:r:bmw_ccmessage_service:s0 tclass=tcp_socket permissive=1
01-01 00:00:16.667   507   507 I auditd  : type=1400 audit(0.0:1032): avc: denied { name_bind } for comm="ffff_io00" src=1026 scontext=u:r:bmw_ccmessage_service:s0 tcontext=u:object_r:port:s0 tclass=tcp_socket permissive=1
01-01 00:00:16.667   507   507 I auditd  : type=1400 audit(0.0:1033): avc: denied { node_bind } for comm="ffff_io00" saddr=160.48.199.254 src=1026 scontext=u:r:bmw_ccmessage_service:s0 tcontext=u:object_r:node:s0 tclass=tcp_socket permissive=1
01-01 00:00:16.671   507   507 I auditd  : type=1400 audit(0.0:1034): avc: denied { listen } for comm="ffff_io00" laddr=160.48.199.254 lport=1056 scontext=u:r:bmw_ccmessage_service:s0 tcontext=u:r:bmw_ccmessage_service:s0 tclass=tcp_socket permissive=1
01-01 00:00:16.671   507   507 I auditd  : type=1400 audit(0.0:1035): avc: denied { accept } for comm="ffff_io00" laddr=160.48.199.254 lport=1056 scontext=u:r:bmw_ccmessage_service:s0 tcontext=u:r:bmw_ccmessage_service:s0 tclass=tcp_socket permissive=1
01-01 00:00:16.671   507   507 I auditd  : type=1400 audit(0.0:1036): avc: denied { getopt } for comm="ffff_io00" laddr=160.48.199.254 lport=1057 scontext=u:r:bmw_ccmessage_service:s0 tcontext=u:r:bmw_ccmessage_service:s0 tclass=tcp_socket permissive=1
01-01 00:00:16.671   507   507 I auditd  : type=1400 audit(0.0:1037): avc: denied { connect } for comm="ffff_io00" laddr=160.48.199.254 lport=1057 scontext=u:r:bmw_ccmessage_service:s0 tcontext=u:r:bmw_ccmessage_service:s0 tclass=tcp_socket permissive=1
01-01 00:00:16.671   507   507 I auditd  : type=1400 audit(0.0:1038): avc: denied { name_connect } for comm="ffff_io00" dest=1024 scontext=u:r:bmw_ccmessage_service:s0 tcontext=u:object_r:port:s0 tclass=tcp_socket permissive=1
01-01 00:00:16.671   507   507 I auditd  : type=1400 audit(0.0:1039): avc: denied { write } for comm="ffff_io00" scontext=u:r:bmw_ccmessage_service:s0 tcontext=u:r:bmw_ccmessage_service:s0 tclass=netlink_route_socket permissive=1
01-01 00:00:16.671   507   507 I auditd  : type=1400 audit(0.0:1040): avc: denied { nlmsg_read } for comm="ffff_io00" scontext=u:r:bmw_ccmessage_service:s0 tcontext=u:r:bmw_ccmessage_service:s0 tclass=netlink_route_socket permissive=1
01-01 00:00:16.671   507   507 I auditd  : type=1400 audit(0.0:1041): avc: denied { shutdown } for comm="ffff_io01" laddr=160.48.199.254 lport=1057 scontext=u:r:bmw_ccmessage_service:s0 tcontext=u:r:bmw_ccmessage_service:s0 tclass=tcp_socket permissive=1
01-01 00:00:16.671   529   529 I auditd  : type=1400 audit(0.0:1042): avc: denied { read } for comm="ffff_io01" scontext=u:r:hal_carplayaudio_default:s0 tcontext=u:r:hal_carplayaudio_default:s0 tclass=netlink_route_socket permissive=1
01-01 00:00:16.671   529   529 I auditd  : type=1400 audit(0.0:1043): avc: denied { create } for comm="ffff_io01" scontext=u:r:hal_carplayaudio_default:s0 tcontext=u:r:hal_carplayaudio_default:s0 tclass=tcp_socket permissive=1
01-01 00:00:16.671   529   529 I auditd  : type=1400 audit(0.0:1044): avc: denied { setopt } for comm="ffff_io01" scontext=u:r:hal_carplayaudio_default:s0 tcontext=u:r:hal_carplayaudio_default:s0 tclass=tcp_socket permissive=1
01-01 00:00:16.671   529   529 I auditd  : type=1400 audit(0.0:1045): avc: denied { bind } for comm="ffff_io01" scontext=u:r:hal_carplayaudio_default:s0 tcontext=u:r:hal_carplayaudio_default:s0 tclass=tcp_socket permissive=1
01-01 00:00:16.671   529   529 I auditd  : type=1400 audit(0.0:1046): avc: denied { name_bind } for comm="ffff_io01" src=1026 scontext=u:r:hal_carplayaudio_default:s0 tcontext=u:object_r:port:s0 tclass=tcp_socket permissive=1
01-01 00:00:16.671   529   529 I auditd  : type=1400 audit(0.0:1047): avc: denied { node_bind } for comm="ffff_io01" saddr=160.48.199.254 src=1026 scontext=u:r:hal_carplayaudio_default:s0 tcontext=u:object_r:node:s0 tclass=tcp_socket permissive=1
01-01 00:00:16.671   529   529 I auditd  : type=1400 audit(0.0:1048): avc: denied { listen } for comm="ffff_io01" laddr=160.48.199.254 lport=1058 scontext=u:r:hal_carplayaudio_default:s0 tcontext=u:r:hal_carplayaudio_default:s0 tclass=tcp_socket permissive=1
01-01 00:00:16.671   529   529 I auditd  : type=1400 audit(0.0:1049): avc: denied { accept } for comm="ffff_io01" laddr=160.48.199.254 lport=1058 scontext=u:r:hal_carplayaudio_default:s0 tcontext=u:r:hal_carplayaudio_default:s0 tclass=tcp_socket permissive=1
01-01 00:00:16.671   529   529 I auditd  : type=1400 audit(0.0:1050): avc: denied { getopt } for comm="ffff_io01" laddr=160.48.199.254 lport=1059 scontext=u:r:hal_carplayaudio_default:s0 tcontext=u:r:hal_carplayaudio_default:s0 tclass=tcp_socket permissive=1
01-01 00:00:16.671   529   529 I auditd  : type=1400 audit(0.0:1051): avc: denied { connect } for comm="ffff_io01" laddr=160.48.199.254 lport=1059 scontext=u:r:hal_carplayaudio_default:s0 tcontext=u:r:hal_carplayaudio_default:s0 tclass=tcp_socket permissive=1
01-01 00:00:16.671   529   529 I auditd  : type=1400 audit(0.0:1052): avc: denied { name_connect } for comm="ffff_io01" dest=1024 scontext=u:r:hal_carplayaudio_default:s0 tcontext=u:object_r:port:s0 tclass=tcp_socket permissive=1
01-01 00:00:16.671   529   529 I auditd  : type=1400 audit(0.0:1053): avc: denied { write } for comm="ffff_io01" scontext=u:r:hal_carplayaudio_default:s0 tcontext=u:r:hal_carplayaudio_default:s0 tclass=netlink_route_socket permissive=1
01-01 00:00:16.671   529   529 I auditd  : type=1400 audit(0.0:1054): avc: denied { nlmsg_read } for comm="ffff_io01" scontext=u:r:hal_carplayaudio_default:s0 tcontext=u:r:hal_carplayaudio_default:s0 tclass=netlink_route_socket permissive=1
01-01 00:00:16.671   529   529 I auditd  : type=1400 audit(0.0:1055): avc: denied { shutdown } for comm="ffff_io00" laddr=160.48.199.254 lport=1059 scontext=u:r:hal_carplayaudio_default:s0 tcontext=u:r:hal_carplayaudio_default:s0 tclass=tcp_socket permissive=1
01-01 00:00:16.675   508   508 I auditd  : type=1400 audit(0.0:1056): avc: denied { read } for comm="ffff_io00" scontext=u:r:bmw_occupancydetection_service:s0 tcontext=u:r:bmw_occupancydetection_service:s0 tclass=netlink_route_socket permissive=1
01-01 00:00:16.675   508   508 I auditd  : type=1400 audit(0.0:1057): avc: denied { create } for comm="ffff_io00" scontext=u:r:bmw_occupancydetection_service:s0 tcontext=u:r:bmw_occupancydetection_service:s0 tclass=udp_socket permissive=1
01-01 00:00:16.675   508   508 I auditd  : type=1400 audit(0.0:1058): avc: denied { ioctl } for comm="ffff_io00" path="socket:[23546]" dev="sockfs" ino=23546 ioctlcmd=0x8910 scontext=u:r:bmw_occupancydetection_service:s0 tcontext=u:r:bmw_occupancydetection_service:s0 tclass=udp_socket permissive=1
01-01 00:00:16.675   508   508 I auditd  : type=1400 audit(0.0:1059): avc: denied { create } for comm="ffff_io00" scontext=u:r:bmw_occupancydetection_service:s0 tcontext=u:r:bmw_occupancydetection_service:s0 tclass=tcp_socket permissive=1
01-01 00:00:16.675   508   508 I auditd  : type=1400 audit(0.0:1060): avc: denied { setopt } for comm="ffff_io00" scontext=u:r:bmw_occupancydetection_service:s0 tcontext=u:r:bmw_occupancydetection_service:s0 tclass=tcp_socket permissive=1
01-01 00:00:16.675   508   508 I auditd  : type=1400 audit(0.0:1061): avc: denied { bind } for comm="ffff_io00" scontext=u:r:bmw_occupancydetection_service:s0 tcontext=u:r:bmw_occupancydetection_service:s0 tclass=tcp_socket permissive=1
01-01 00:00:16.675   508   508 I auditd  : type=1400 audit(0.0:1062): avc: denied { name_bind } for comm="ffff_io00" src=1026 scontext=u:r:bmw_occupancydetection_service:s0 tcontext=u:object_r:port:s0 tclass=tcp_socket permissive=1
01-01 00:00:16.675   508   508 I auditd  : type=1400 audit(0.0:1063): avc: denied { node_bind } for comm="ffff_io00" saddr=160.48.199.254 src=1026 scontext=u:r:bmw_occupancydetection_service:s0 tcontext=u:object_r:node:s0 tclass=tcp_socket permissive=1
01-01 00:00:16.675   508   508 I auditd  : type=1400 audit(0.0:1064): avc: denied { listen } for comm="ffff_io00" laddr=160.48.199.254 lport=1060 scontext=u:r:bmw_occupancydetection_service:s0 tcontext=u:r:bmw_occupancydetection_service:s0 tclass=tcp_socket permissive=1
01-01 00:00:16.675   508   508 I auditd  : type=1400 audit(0.0:1065): avc: denied { accept } for comm="ffff_io00" laddr=160.48.199.254 lport=1060 scontext=u:r:bmw_occupancydetection_service:s0 tcontext=u:r:bmw_occupancydetection_service:s0 tclass=tcp_socket permissive=1
01-01 00:00:16.675   508   508 I auditd  : type=1400 audit(0.0:1066): avc: denied { getopt } for comm="ffff_io00" laddr=160.48.199.254 lport=1061 scontext=u:r:bmw_occupancydetection_service:s0 tcontext=u:r:bmw_occupancydetection_service:s0 tclass=tcp_socket permissive=1
01-01 00:00:16.675   508   508 I auditd  : type=1400 audit(0.0:1067): avc: denied { connect } for comm="ffff_io00" laddr=160.48.199.254 lport=1061 scontext=u:r:bmw_occupancydetection_service:s0 tcontext=u:r:bmw_occupancydetection_service:s0 tclass=tcp_socket permissive=1
01-01 00:00:16.675   508   508 I auditd  : type=1400 audit(0.0:1068): avc: denied { name_connect } for comm="ffff_io00" dest=1024 scontext=u:r:bmw_occupancydetection_service:s0 tcontext=u:object_r:port:s0 tclass=tcp_socket permissive=1
01-01 00:00:16.675   508   508 I auditd  : type=1400 audit(0.0:1069): avc: denied { write } for comm="ffff_io00" scontext=u:r:bmw_occupancydetection_service:s0 tcontext=u:r:bmw_occupancydetection_service:s0 tclass=netlink_route_socket permissive=1
01-01 00:00:16.675   508   508 I auditd  : type=1400 audit(0.0:1070): avc: denied { nlmsg_read } for comm="ffff_io00" scontext=u:r:bmw_occupancydetection_service:s0 tcontext=u:r:bmw_occupancydetection_service:s0 tclass=netlink_route_socket permissive=1
01-01 00:00:16.675   508   508 I auditd  : type=1400 audit(0.0:1071): avc: denied { shutdown } for comm="ffff_io01" laddr=160.48.199.254 lport=1061 scontext=u:r:bmw_occupancydetection_service:s0 tcontext=u:r:bmw_occupancydetection_service:s0 tclass=tcp_socket permissive=1
01-01 00:00:16.675   476   476 I auditd  : type=1400 audit(0.0:1072): avc: denied { read } for comm="ffff_io01" scontext=u:r:hal_amplifier_default:s0 tcontext=u:r:hal_amplifier_default:s0 tclass=netlink_route_socket permissive=1
01-01 00:00:16.675   476   476 I auditd  : type=1400 audit(0.0:1073): avc: denied { create } for comm="ffff_io01" scontext=u:r:hal_amplifier_default:s0 tcontext=u:r:hal_amplifier_default:s0 tclass=tcp_socket permissive=1
01-01 00:00:16.675   476   476 I auditd  : type=1400 audit(0.0:1074): avc: denied { setopt } for comm="ffff_io01" scontext=u:r:hal_amplifier_default:s0 tcontext=u:r:hal_amplifier_default:s0 tclass=tcp_socket permissive=1
01-01 00:00:16.675   476   476 I auditd  : type=1400 audit(0.0:1075): avc: denied { bind } for comm="ffff_io01" scontext=u:r:hal_amplifier_default:s0 tcontext=u:r:hal_amplifier_default:s0 tclass=tcp_socket permissive=1
01-01 00:00:16.675   476   476 I auditd  : type=1400 audit(0.0:1076): avc: denied { name_bind } for comm="ffff_io01" src=1026 scontext=u:r:hal_amplifier_default:s0 tcontext=u:object_r:port:s0 tclass=tcp_socket permissive=1
01-01 00:00:16.675   476   476 I auditd  : type=1400 audit(0.0:1077): avc: denied { node_bind } for comm="ffff_io01" saddr=160.48.199.254 src=1026 scontext=u:r:hal_amplifier_default:s0 tcontext=u:object_r:node:s0 tclass=tcp_socket permissive=1
01-01 00:00:16.675   476   476 I auditd  : type=1400 audit(0.0:1078): avc: denied { listen } for comm="ffff_io01" laddr=160.48.199.254 lport=1062 scontext=u:r:hal_amplifier_default:s0 tcontext=u:r:hal_amplifier_default:s0 tclass=tcp_socket permissive=1
01-01 00:00:16.675   476   476 I auditd  : type=1400 audit(0.0:1079): avc: denied { accept } for comm="ffff_io01" laddr=160.48.199.254 lport=1062 scontext=u:r:hal_amplifier_default:s0 tcontext=u:r:hal_amplifier_default:s0 tclass=tcp_socket permissive=1
01-01 00:00:16.675   476   476 I auditd  : type=1400 audit(0.0:1080): avc: denied { getopt } for comm="ffff_io01" laddr=160.48.199.254 lport=1063 scontext=u:r:hal_amplifier_default:s0 tcontext=u:r:hal_amplifier_default:s0 tclass=tcp_socket permissive=1
01-01 00:00:16.679   627   627 I auditd  : type=1400 audit(0.0:1081): avc: denied { create } for comm="ffff_io00" scontext=u:r:hal_navsens:s0 tcontext=u:r:hal_navsens:s0 tclass=netlink_route_socket permissive=1
01-01 00:00:16.679   627   627 I auditd  : type=1400 audit(0.0:1082): avc: denied { bind } for comm="ffff_io00" scontext=u:r:hal_navsens:s0 tcontext=u:r:hal_navsens:s0 tclass=netlink_route_socket permissive=1
01-01 00:00:16.679   476   476 I auditd  : type=1400 audit(0.0:1083): avc: denied { connect } for comm="ffff_io01" laddr=160.48.199.254 lport=1063 scontext=u:r:hal_amplifier_default:s0 tcontext=u:r:hal_amplifier_default:s0 tclass=tcp_socket permissive=1
01-01 00:00:16.679   476   476 I auditd  : type=1400 audit(0.0:1084): avc: denied { name_connect } for comm="ffff_io01" dest=1024 scontext=u:r:hal_amplifier_default:s0 tcontext=u:object_r:port:s0 tclass=tcp_socket permissive=1
01-01 00:00:16.679   476   476 I auditd  : type=1400 audit(0.0:1085): avc: denied { write } for comm="ffff_io01" scontext=u:r:hal_amplifier_default:s0 tcontext=u:r:hal_amplifier_default:s0 tclass=netlink_route_socket permissive=1
01-01 00:00:16.679   476   476 I auditd  : type=1400 audit(0.0:1086): avc: denied { nlmsg_read } for comm="ffff_io01" scontext=u:r:hal_amplifier_default:s0 tcontext=u:r:hal_amplifier_default:s0 tclass=netlink_route_socket permissive=1
01-01 00:00:16.679   476   476 I auditd  : type=1400 audit(0.0:1087): avc: denied { shutdown } for comm="ffff_io00" laddr=160.48.199.254 lport=1063 scontext=u:r:hal_amplifier_default:s0 tcontext=u:r:hal_amplifier_default:s0 tclass=tcp_socket permissive=1
01-01 00:00:16.691   292   292 I logd    : logdr: UID=1000 GID=1000 PID=740 n tail=0 logMask=8 pid=628 start=0ns deadline=0ns
01-01 00:00:16.695   292   292 I logd    : logdr: UID=1000 GID=1000 PID=740 n tail=0 logMask=1 pid=628 start=0ns deadline=0ns
01-01 00:00:16.679   465   465 I auditd  : type=1400 audit(0.0:1088): avc: denied { create } for comm="ffff_io00" scontext=u:r:hal_countrydummyproxy_default:s0 tcontext=u:r:hal_countrydummyproxy_default:s0 tclass=tcp_socket permissive=1
01-01 00:00:16.679   465   465 I auditd  : type=1400 audit(0.0:1089): avc: denied { setopt } for comm="ffff_io00" scontext=u:r:hal_countrydummyproxy_default:s0 tcontext=u:r:hal_countrydummyproxy_default:s0 tclass=tcp_socket permissive=1
01-01 00:00:16.679   465   465 I auditd  : type=1400 audit(0.0:1090): avc: denied { bind } for comm="ffff_io00" scontext=u:r:hal_countrydummyproxy_default:s0 tcontext=u:r:hal_countrydummyproxy_default:s0 tclass=tcp_socket permissive=1
01-01 00:00:16.679   465   465 I auditd  : type=1400 audit(0.0:1091): avc: denied { name_bind } for comm="ffff_io00" src=1026 scontext=u:r:hal_countrydummyproxy_default:s0 tcontext=u:object_r:port:s0 tclass=tcp_socket permissive=1
01-01 00:00:16.679   465   465 I auditd  : type=1400 audit(0.0:1092): avc: denied { node_bind } for comm="ffff_io00" saddr=160.48.199.254 src=1026 scontext=u:r:hal_countrydummyproxy_default:s0 tcontext=u:object_r:node:s0 tclass=tcp_socket permissive=1
01-01 00:00:16.679   465   465 I auditd  : type=1400 audit(0.0:1093): avc: denied { listen } for comm="ffff_io00" laddr=160.48.199.254 lport=1064 scontext=u:r:hal_countrydummyproxy_default:s0 tcontext=u:r:hal_countrydummyproxy_default:s0 tclass=tcp_socket permissive=1
01-01 00:00:16.679   465   465 I auditd  : type=1400 audit(0.0:1094): avc: denied { accept } for comm="ffff_io00" laddr=160.48.199.254 lport=1064 scontext=u:r:hal_countrydummyproxy_default:s0 tcontext=u:r:hal_countrydummyproxy_default:s0 tclass=tcp_socket permissive=1
01-01 00:00:16.679   465   465 I auditd  : type=1400 audit(0.0:1095): avc: denied { getopt } for comm="ffff_io00" laddr=160.48.199.254 lport=1065 scontext=u:r:hal_countrydummyproxy_default:s0 tcontext=u:r:hal_countrydummyproxy_default:s0 tclass=tcp_socket permissive=1
01-01 00:00:16.679   465   465 I auditd  : type=1400 audit(0.0:1096): avc: denied { connect } for comm="ffff_io00" laddr=160.48.199.254 lport=1065 scontext=u:r:hal_countrydummyproxy_default:s0 tcontext=u:r:hal_countrydummyproxy_default:s0 tclass=tcp_socket permissive=1
01-01 00:00:16.679   465   465 I auditd  : type=1400 audit(0.0:1097): avc: denied { name_connect } for comm="ffff_io00" dest=1024 scontext=u:r:hal_countrydummyproxy_default:s0 tcontext=u:object_r:port:s0 tclass=tcp_socket permissive=1
01-01 00:00:16.679   465   465 I auditd  : type=1400 audit(0.0:1098): avc: denied { nlmsg_read } for comm="ffff_io00" scontext=u:r:hal_countrydummyproxy_default:s0 tcontext=u:r:hal_countrydummyproxy_default:s0 tclass=netlink_route_socket permissive=1
01-01 00:00:16.679   465   465 I auditd  : type=1400 audit(0.0:1099): avc: denied { shutdown } for comm="ffff_io01" laddr=160.48.199.254 lport=1065 scontext=u:r:hal_countrydummyproxy_default:s0 tcontext=u:r:hal_countrydummyproxy_default:s0 tclass=tcp_socket permissive=1
01-01 00:00:16.679   486   486 I auditd  : type=1400 audit(0.0:1100): avc: denied { read } for comm="ffff_io01" scontext=u:r:hal_audiodiag_default:s0 tcontext=u:r:hal_audiodiag_default:s0 tclass=netlink_route_socket permissive=1
01-01 00:00:16.679   486   486 I auditd  : type=1400 audit(0.0:1101): avc: denied { create } for comm="ffff_io01" scontext=u:r:hal_audiodiag_default:s0 tcontext=u:r:hal_audiodiag_default:s0 tclass=tcp_socket permissive=1
01-01 00:00:16.679   486   486 I auditd  : type=1400 audit(0.0:1102): avc: denied { setopt } for comm="ffff_io01" scontext=u:r:hal_audiodiag_default:s0 tcontext=u:r:hal_audiodiag_default:s0 tclass=tcp_socket permissive=1
01-01 00:00:16.679   486   486 I auditd  : type=1400 audit(0.0:1103): avc: denied { bind } for comm="ffff_io01" scontext=u:r:hal_audiodiag_default:s0 tcontext=u:r:hal_audiodiag_default:s0 tclass=tcp_socket permissive=1
01-01 00:00:16.679   486   486 I auditd  : type=1400 audit(0.0:1104): avc: denied { name_bind } for comm="ffff_io01" src=1026 scontext=u:r:hal_audiodiag_default:s0 tcontext=u:object_r:port:s0 tclass=tcp_socket permissive=1
01-01 00:00:16.679   486   486 I auditd  : type=1400 audit(0.0:1105): avc: denied { node_bind } for comm="ffff_io01" saddr=160.48.199.254 src=1026 scontext=u:r:hal_audiodiag_default:s0 tcontext=u:object_r:node:s0 tclass=tcp_socket permissive=1
01-01 00:00:16.683   486   486 I auditd  : type=1400 audit(0.0:1106): avc: denied { listen } for comm="ffff_io01" laddr=160.48.199.254 lport=1066 scontext=u:r:hal_audiodiag_default:s0 tcontext=u:r:hal_audiodiag_default:s0 tclass=tcp_socket permissive=1
01-01 00:00:16.683   486   486 I auditd  : type=1400 audit(0.0:1107): avc: denied { accept } for comm="ffff_io01" laddr=160.48.199.254 lport=1066 scontext=u:r:hal_audiodiag_default:s0 tcontext=u:r:hal_audiodiag_default:s0 tclass=tcp_socket permissive=1
01-01 00:00:16.683   486   486 I auditd  : type=1400 audit(0.0:1108): avc: denied { getopt } for comm="ffff_io01" laddr=160.48.199.254 lport=1067 scontext=u:r:hal_audiodiag_default:s0 tcontext=u:r:hal_audiodiag_default:s0 tclass=tcp_socket permissive=1
01-01 00:00:16.683   486   486 I auditd  : type=1400 audit(0.0:1109): avc: denied { connect } for comm="ffff_io01" laddr=160.48.199.254 lport=1067 scontext=u:r:hal_audiodiag_default:s0 tcontext=u:r:hal_audiodiag_default:s0 tclass=tcp_socket permissive=1
01-01 00:00:16.683   486   486 I auditd  : type=1400 audit(0.0:1110): avc: denied { name_connect } for comm="ffff_io01" dest=1024 scontext=u:r:hal_audiodiag_default:s0 tcontext=u:object_r:port:s0 tclass=tcp_socket permissive=1
01-01 00:00:16.683   486   486 I auditd  : type=1400 audit(0.0:1111): avc: denied { write } for comm="ffff_io01" scontext=u:r:hal_audiodiag_default:s0 tcontext=u:r:hal_audiodiag_default:s0 tclass=netlink_route_socket permissive=1
01-01 00:00:16.683   486   486 I auditd  : type=1400 audit(0.0:1112): avc: denied { nlmsg_read } for comm="ffff_io01" scontext=u:r:hal_audiodiag_default:s0 tcontext=u:r:hal_audiodiag_default:s0 tclass=netlink_route_socket permissive=1
01-01 00:00:16.683   486   486 I auditd  : type=1400 audit(0.0:1113): avc: denied { shutdown } for comm="ffff_io00" laddr=160.48.199.254 lport=1067 scontext=u:r:hal_audiodiag_default:s0 tcontext=u:r:hal_audiodiag_default:s0 tclass=tcp_socket permissive=1
01-01 00:00:16.683   475   475 I auditd  : type=1400 audit(0.0:1114): avc: denied { create } for comm="ffff_io01" scontext=u:r:hal_bmwtuner_default:s0 tcontext=u:r:hal_bmwtuner_default:s0 tclass=tcp_socket permissive=1
