01-01 00:00:16.683   475   475 I auditd  : type=1400 audit(0.0:1115): avc: denied { setopt } for comm="ffff_io01" scontext=u:r:hal_bmwtuner_default:s0 tcontext=u:r:hal_bmwtuner_default:s0 tclass=tcp_socket permissive=1
01-01 00:00:16.683   475   475 I auditd  : type=1400 audit(0.0:1116): avc: denied { bind } for comm="ffff_io01" scontext=u:r:hal_bmwtuner_default:s0 tcontext=u:r:hal_bmwtuner_default:s0 tclass=tcp_socket permissive=1
01-01 00:00:16.683   475   475 I auditd  : type=1400 audit(0.0:1117): avc: denied { name_bind } for comm="ffff_io01" src=1026 scontext=u:r:hal_bmwtuner_default:s0 tcontext=u:object_r:port:s0 tclass=tcp_socket permissive=1
01-01 00:00:16.683   475   475 I auditd  : type=1400 audit(0.0:1118): avc: denied { node_bind } for comm="ffff_io01" saddr=160.48.199.254 src=1026 scontext=u:r:hal_bmwtuner_default:s0 tcontext=u:object_r:node:s0 tclass=tcp_socket permissive=1
01-01 00:00:16.683   475   475 I auditd  : type=1400 audit(0.0:1119): avc: denied { listen } for comm="ffff_io01" laddr=160.48.199.254 lport=1068 scontext=u:r:hal_bmwtuner_default:s0 tcontext=u:r:hal_bmwtuner_default:s0 tclass=tcp_socket permissive=1
01-01 00:00:16.683   475   475 I auditd  : type=1400 audit(0.0:1120): avc: denied { accept } for comm="ffff_io01" laddr=160.48.199.254 lport=1068 scontext=u:r:hal_bmwtuner_default:s0 tcontext=u:r:hal_bmwtuner_default:s0 tclass=tcp_socket permissive=1
01-01 00:00:16.683   475   475 I auditd  : type=1400 audit(0.0:1121): avc: denied { getopt } for comm="ffff_io01" laddr=160.48.199.254 lport=1069 scontext=u:r:hal_bmwtuner_default:s0 tcontext=u:r:hal_bmwtuner_default:s0 tclass=tcp_socket permissive=1
01-01 00:00:16.683   475   475 I auditd  : type=1400 audit(0.0:1122): avc: denied { connect } for comm="ffff_io01" laddr=160.48.199.254 lport=1069 scontext=u:r:hal_bmwtuner_default:s0 tcontext=u:r:hal_bmwtuner_default:s0 tclass=tcp_socket permissive=1
01-01 00:00:16.683   475   475 I auditd  : type=1400 audit(0.0:1123): avc: denied { name_connect } for comm="ffff_io01" dest=1024 scontext=u:r:hal_bmwtuner_default:s0 tcontext=u:object_r:port:s0 tclass=tcp_socket permissive=1
01-01 00:00:16.683   475   475 I auditd  : type=1400 audit(0.0:1124): avc: denied { nlmsg_read } for comm="ffff_io01" scontext=u:r:hal_bmwtuner_default:s0 tcontext=u:r:hal_bmwtuner_default:s0 tclass=netlink_route_socket permissive=1
01-01 00:00:16.683   475   475 I auditd  : type=1400 audit(0.0:1125): avc: denied { shutdown } for comm="ffff_io00" laddr=160.48.199.254 lport=1069 scontext=u:r:hal_bmwtuner_default:s0 tcontext=u:r:hal_bmwtuner_default:s0 tclass=tcp_socket permissive=1
01-01 00:00:16.683   510   510 I auditd  : type=1400 audit(0.0:1126): avc: denied { read } for comm="ffff_io01" scontext=u:r:hal_broadcastradio_default:s0 tcontext=u:r:hal_broadcastradio_default:s0 tclass=netlink_route_socket permissive=1
01-01 00:00:16.683   510   510 I auditd  : type=1400 audit(0.0:1127): avc: denied { create } for comm="ffff_io01" scontext=u:r:hal_broadcastradio_default:s0 tcontext=u:r:hal_broadcastradio_default:s0 tclass=udp_socket permissive=1
01-01 00:00:16.683   510   510 I auditd  : type=1400 audit(0.0:1128): avc: denied { ioctl } for comm="ffff_io01" path="socket:[25722]" dev="sockfs" ino=25722 ioctlcmd=0x8910 scontext=u:r:hal_broadcastradio_default:s0 tcontext=u:r:hal_broadcastradio_default:s0 tclass=udp_socket permissive=1
01-01 00:00:16.683   510   510 I auditd  : type=1400 audit(0.0:1129): avc: denied { create } for comm="ffff_io01" scontext=u:r:hal_broadcastradio_default:s0 tcontext=u:r:hal_broadcastradio_default:s0 tclass=tcp_socket permissive=1
01-01 00:00:16.683   510   510 I auditd  : type=1400 audit(0.0:1130): avc: denied { setopt } for comm="ffff_io01" scontext=u:r:hal_broadcastradio_default:s0 tcontext=u:r:hal_broadcastradio_default:s0 tclass=tcp_socket permissive=1
01-01 00:00:16.683   510   510 I auditd  : type=1400 audit(0.0:1131): avc: denied { bind } for comm="ffff_io01" scontext=u:r:hal_broadcastradio_default:s0 tcontext=u:r:hal_broadcastradio_default:s0 tclass=tcp_socket permissive=1
01-01 00:00:16.683   510   510 I auditd  : type=1400 audit(0.0:1132): avc: denied { name_bind } for comm="ffff_io01" src=1026 scontext=u:r:hal_broadcastradio_default:s0 tcontext=u:object_r:port:s0 tclass=tcp_socket permissive=1
01-01 00:00:16.683   510   510 I auditd  : type=1400 audit(0.0:1133): avc: denied { node_bind } for comm="ffff_io01" saddr=160.48.199.254 src=1026 scontext=u:r:hal_broadcastradio_default:s0 tcontext=u:object_r:node:s0 tclass=tcp_socket permissive=1
01-01 00:00:16.687   510   510 I auditd  : type=1400 audit(0.0:1134): avc: denied { listen } for comm="ffff_io01" laddr=160.48.199.254 lport=1070 scontext=u:r:hal_broadcastradio_default:s0 tcontext=u:r:hal_broadcastradio_default:s0 tclass=tcp_socket permissive=1
01-01 00:00:16.687   510   510 I auditd  : type=1400 audit(0.0:1135): avc: denied { accept } for comm="ffff_io01" laddr=160.48.199.254 lport=1070 scontext=u:r:hal_broadcastradio_default:s0 tcontext=u:r:hal_broadcastradio_default:s0 tclass=tcp_socket permissive=1
01-01 00:00:16.687   510   510 I auditd  : type=1400 audit(0.0:1136): avc: denied { getopt } for comm="ffff_io01" laddr=160.48.199.254 lport=1071 scontext=u:r:hal_broadcastradio_default:s0 tcontext=u:r:hal_broadcastradio_default:s0 tclass=tcp_socket permissive=1
01-01 00:00:16.687   510   510 I auditd  : type=1400 audit(0.0:1137): avc: denied { connect } for comm="ffff_io01" laddr=160.48.199.254 lport=1071 scontext=u:r:hal_broadcastradio_default:s0 tcontext=u:r:hal_broadcastradio_default:s0 tclass=tcp_socket permissive=1
01-01 00:00:16.687   510   510 I auditd  : type=1400 audit(0.0:1138): avc: denied { name_connect } for comm="ffff_io01" dest=1024 scontext=u:r:hal_broadcastradio_default:s0 tcontext=u:object_r:port:s0 tclass=tcp_socket permissive=1
01-01 00:00:16.687   510   510 I auditd  : type=1400 audit(0.0:1139): avc: denied { write } for comm="ffff_io01" scontext=u:r:hal_broadcastradio_default:s0 tcontext=u:r:hal_broadcastradio_default:s0 tclass=netlink_route_socket permissive=1
01-01 00:00:16.698     1     1 I init    : Service 'exec 21 (/system/bin/ip link set dev vnet32_0 up)' (pid 738) exited with status 0 waiting took 0.068000 seconds
01-01 00:00:16.698     1     1 I init    : Sending signal 9 to service 'exec 21 (/system/bin/ip link set dev vnet32_0 up)' (pid 738) process group...
01-01 00:00:16.698     1     1 I libprocessgroup: Successfully killed process cgroup uid 0 pid 738 in 0ms
01-01 00:00:16.699     1     1 I init    : starting service 'exec 22 (/system/bin/ip rule add from all lookup main prio 100)'...
01-01 00:00:16.701     1     1 I init    : SVC_EXEC service 'exec 22 (/system/bin/ip rule add from all lookup main prio 100)' pid 755 (uid 0 gid 0+0 context u:r:vendor_init:s0) started; waiting...
01-01 00:00:16.687   510   510 I auditd  : type=1400 audit(0.0:1140): avc: denied { nlmsg_read } for comm="ffff_io01" scontext=u:r:hal_broadcastradio_default:s0 tcontext=u:r:hal_broadcastradio_default:s0 tclass=netlink_route_socket permissive=1
01-01 00:00:16.687   510   510 I auditd  : type=1400 audit(0.0:1141): avc: denied { shutdown } for comm="ffff_io00" laddr=160.48.199.254 lport=1071 scontext=u:r:hal_broadcastradio_default:s0 tcontext=u:r:hal_broadcastradio_default:s0 tclass=tcp_socket permissive=1
01-01 00:00:16.687   560   560 I auditd  : type=1400 audit(0.0:1142): avc: denied { read } for comm="ffff_io01" scontext=u:r:bmw_dsm_service:s0 tcontext=u:r:bmw_dsm_service:s0 tclass=netlink_route_socket permissive=1
01-01 00:00:16.687   661   661 I auditd  : type=1400 audit(0.0:1143): avc: denied { read } for comm="ffff_io00" scontext=u:r:bmw_rsu_service:s0 tcontext=u:r:bmw_rsu_service:s0 tclass=netlink_route_socket permissive=1
01-01 00:00:16.687   621   621 I auditd  : type=1400 audit(0.0:1144): avc: denied { read } for comm="ffff_io00" scontext=u:r:hal_bmwtvcontrol_default:s0 tcontext=u:r:hal_bmwtvcontrol_default:s0 tclass=netlink_route_socket permissive=1
01-01 00:00:16.687   622   622 I auditd  : type=1400 audit(0.0:1145): avc: denied { read } for comm="ffff_io01" scontext=u:r:hal_bmwtvstream_default:s0 tcontext=u:r:hal_bmwtvstream_default:s0 tclass=netlink_route_socket permissive=1
01-01 00:00:16.691   570   570 I auditd  : type=1400 audit(0.0:1146): avc: denied { create } for comm="ffff_io01" scontext=u:r:bmw_itasu_service:s0 tcontext=u:r:bmw_itasu_service:s0 tclass=udp_socket permissive=1
01-01 00:00:16.691   570   570 I auditd  : type=1400 audit(0.0:1147): avc: denied { ioctl } for comm="ffff_io01" path="socket:[25828]" dev="sockfs" ino=25828 ioctlcmd=0x8910 scontext=u:r:bmw_itasu_service:s0 tcontext=u:r:bmw_itasu_service:s0 tclass=udp_socket permissive=1
01-01 00:00:16.691   465   465 I auditd  : type=1400 audit(0.0:1148): avc: denied { read } for comm="ffff_io00" scontext=u:r:hal_countrydummyproxy_default:s0 tcontext=u:r:hal_countrydummyproxy_default:s0 tclass=netlink_route_socket permissive=1
01-01 00:00:16.691   465   465 I auditd  : type=1400 audit(0.0:1149): avc: denied { create } for comm="ffff_io01" scontext=u:r:hal_countrydummyproxy_default:s0 tcontext=u:r:hal_countrydummyproxy_default:s0 tclass=udp_socket permissive=1
01-01 00:00:16.691   465   465 I auditd  : type=1400 audit(0.0:1150): avc: denied { ioctl } for comm="ffff_io01" path="socket:[22218]" dev="sockfs" ino=22218 ioctlcmd=0x8910 scontext=u:r:hal_countrydummyproxy_default:s0 tcontext=u:r:hal_countrydummyproxy_default:s0 tclass=udp_socket permissive=1
01-01 00:00:16.691   475   475 I auditd  : type=1400 audit(0.0:1151): avc: denied { create } for comm="ffff_io01" scontext=u:r:hal_bmwtuner_default:s0 tcontext=u:r:hal_bmwtuner_default:s0 tclass=udp_socket permissive=1
01-01 00:00:16.691   475   475 I auditd  : type=1400 audit(0.0:1152): avc: denied { ioctl } for comm="ffff_io01" path="socket:[25905]" dev="sockfs" ino=25905 ioctlcmd=0x8910 scontext=u:r:hal_bmwtuner_default:s0 tcontext=u:r:hal_bmwtuner_default:s0 tclass=udp_socket permissive=1
01-01 00:00:16.691   622   622 I auditd  : type=1400 audit(0.0:1153): avc: denied { create } for comm="ffff_io01" scontext=u:r:hal_bmwtvstream_default:s0 tcontext=u:r:hal_bmwtvstream_default:s0 tclass=udp_socket permissive=1
01-01 00:00:16.691   622   622 I auditd  : type=1400 audit(0.0:1154): avc: denied { ioctl } for comm="ffff_io01" path="socket:[25935]" dev="sockfs" ino=25935 ioctlcmd=0x8910 scontext=u:r:hal_bmwtvstream_default:s0 tcontext=u:r:hal_bmwtvstream_default:s0 tclass=udp_socket permissive=1
01-01 00:00:16.695   627   627 I auditd  : type=1400 audit(0.0:1155): avc: denied { write } for comm="ffff_io00" scontext=u:r:hal_navsens:s0 tcontext=u:r:hal_navsens:s0 tclass=netlink_route_socket permissive=1
01-01 00:00:16.695   627   627 I auditd  : type=1400 audit(0.0:1156): avc: denied { nlmsg_read } for comm="ffff_io00" scontext=u:r:hal_navsens:s0 tcontext=u:r:hal_navsens:s0 tclass=netlink_route_socket permissive=1
01-01 00:00:16.695   627   627 I auditd  : type=1400 audit(0.0:1157): avc: denied { read } for comm="ffff_io00" scontext=u:r:hal_navsens:s0 tcontext=u:r:hal_navsens:s0 tclass=netlink_route_socket permissive=1
01-01 00:00:16.695   627   627 I auditd  : type=1400 audit(0.0:1158): avc: denied { nlmsg_readpriv } for comm="ffff_io00" scontext=u:r:hal_navsens:s0 tcontext=u:r:hal_navsens:s0 tclass=netlink_route_socket permissive=1
01-01 00:00:16.695   627   627 I auditd  : type=1400 audit(0.0:1159): avc: denied { create } for comm="ffff_io00" scontext=u:r:hal_navsens:s0 tcontext=u:r:hal_navsens:s0 tclass=udp_socket permissive=1
01-01 00:00:16.695   627   627 I auditd  : type=1400 audit(0.0:1160): avc: denied { ioctl } for comm="ffff_io00" path="socket:[24738]" dev="sockfs" ino=24738 ioctlcmd=0x8910 scontext=u:r:hal_navsens:s0 tcontext=u:r:hal_navsens:s0 tclass=udp_socket permissive=1
01-01 00:00:16.695   627   627 I auditd  : type=1400 audit(0.0:1161): avc: denied { create } for comm="ffff_io00" scontext=u:r:hal_navsens:s0 tcontext=u:r:hal_navsens:s0 tclass=tcp_socket permissive=1
01-01 00:00:16.695   627   627 I auditd  : type=1400 audit(0.0:1162): avc: denied { setopt } for comm="ffff_io00" scontext=u:r:hal_navsens:s0 tcontext=u:r:hal_navsens:s0 tclass=tcp_socket permissive=1
01-01 00:00:16.695   627   627 I auditd  : type=1400 audit(0.0:1163): avc: denied { bind } for comm="ffff_io00" scontext=u:r:hal_navsens:s0 tcontext=u:r:hal_navsens:s0 tclass=tcp_socket permissive=1
01-01 00:00:16.695   627   627 I auditd  : type=1400 audit(0.0:1164): avc: denied { name_bind } for comm="ffff_io00" src=1026 scontext=u:r:hal_navsens:s0 tcontext=u:object_r:port:s0 tclass=tcp_socket permissive=1
01-01 00:00:16.695   627   627 I auditd  : type=1400 audit(0.0:1165): avc: denied { node_bind } for comm="ffff_io00" saddr=160.48.199.254 src=1026 scontext=u:r:hal_navsens:s0 tcontext=u:object_r:node:s0 tclass=tcp_socket permissive=1
01-01 00:00:16.695   627   627 I auditd  : type=1400 audit(0.0:1166): avc: denied { listen } for comm="ffff_io00" laddr=160.48.199.254 lport=1072 scontext=u:r:hal_navsens:s0 tcontext=u:r:hal_navsens:s0 tclass=tcp_socket permissive=1
01-01 00:00:16.695   627   627 I auditd  : type=1400 audit(0.0:1167): avc: denied { accept } for comm="ffff_io00" laddr=160.48.199.254 lport=1072 scontext=u:r:hal_navsens:s0 tcontext=u:r:hal_navsens:s0 tclass=tcp_socket permissive=1
01-01 00:00:16.695   627   627 I auditd  : type=1400 audit(0.0:1168): avc: denied { getopt } for comm="ffff_io00" laddr=160.48.199.254 lport=1073 scontext=u:r:hal_navsens:s0 tcontext=u:r:hal_navsens:s0 tclass=tcp_socket permissive=1
01-01 00:00:16.695   627   627 I auditd  : type=1400 audit(0.0:1169): avc: denied { write } for comm="ffff_io00" name="fwmarkd" dev="tmpfs" ino=1116 scontext=u:r:hal_navsens:s0 tcontext=u:object_r:fwmarkd_socket:s0 tclass=sock_file permissive=1
01-01 00:00:16.695   627   627 I auditd  : type=1400 audit(0.0:1170): avc: denied { connectto } for comm="ffff_io00" path="/dev/socket/fwmarkd" scontext=u:r:hal_navsens:s0 tcontext=u:r:netd:s0 tclass=unix_stream_socket permissive=1
01-01 00:00:16.695   440   440 I auditd  : type=1400 audit(0.0:1171): avc: denied { use } for comm="binder:440_2" path="socket:[24764]" dev="sockfs" ino=24764 scontext=u:r:netd:s0 tcontext=u:r:hal_navsens:s0 tclass=fd permissive=1
01-01 00:00:16.695   440   440 I auditd  : type=1400 audit(0.0:1172): avc: denied { read write } for comm="binder:440_2" path="socket:[24764]" dev="sockfs" ino=24764 scontext=u:r:netd:s0 tcontext=u:r:hal_navsens:s0 tclass=tcp_socket permissive=1
01-01 00:00:16.695   440   440 I auditd  : type=1400 audit(0.0:1173): avc: denied { getopt } for comm="binder:440_2" laddr=160.48.199.254 lport=1073 scontext=u:r:netd:s0 tcontext=u:r:hal_navsens:s0 tclass=tcp_socket permissive=1
01-01 00:00:16.695   440   440 I auditd  : type=1400 audit(0.0:1174): avc: denied { setopt } for comm="binder:440_2" laddr=160.48.199.254 lport=1073 scontext=u:r:netd:s0 tcontext=u:r:hal_navsens:s0 tclass=tcp_socket permissive=1
01-01 00:00:16.695   627   627 I auditd  : type=1400 audit(0.0:1175): avc: denied { connect } for comm="ffff_io00" laddr=160.48.199.254 lport=1073 scontext=u:r:hal_navsens:s0 tcontext=u:r:hal_navsens:s0 tclass=tcp_socket permissive=1
01-01 00:00:16.695   627   627 I auditd  : type=1400 audit(0.0:1176): avc: denied { name_connect } for comm="ffff_io00" dest=1024 scontext=u:r:hal_navsens:s0 tcontext=u:object_r:port:s0 tclass=tcp_socket permissive=1
01-01 00:00:16.695   627   627 I auditd  : type=1400 audit(0.0:1177): avc: denied { shutdown } for comm="ffff_io00" laddr=160.48.199.254 lport=1073 scontext=u:r:hal_navsens:s0 tcontext=u:r:hal_navsens:s0 tclass=tcp_socket permissive=1
01-01 00:00:16.699   755   755 I auditd  : type=1400 audit(0.0:1178): avc: denied { entrypoint } for comm="init" path="/system/bin/ip" dev="dm-4" ino=5723542 scontext=u:r:vendor_init:s0 tcontext=u:object_r:system_file:s0 tclass=file permissive=1
01-01 00:00:16.703   531   531 I auditd  : type=1400 audit(0.0:1179): avc: denied { create } for comm="ffff_io00" scontext=u:r:bmw_driverassistance_service:s0 tcontext=u:r:bmw_driverassistance_service:s0 tclass=netlink_route_socket permissive=1
01-01 00:00:16.703   531   531 I auditd  : type=1400 audit(0.0:1180): avc: denied { bind } for comm="ffff_io00" scontext=u:r:bmw_driverassistance_service:s0 tcontext=u:r:bmw_driverassistance_service:s0 tclass=netlink_route_socket permissive=1
01-01 00:00:16.703   531   531 I auditd  : type=1400 audit(0.0:1181): avc: denied { write } for comm="ffff_io00" scontext=u:r:bmw_driverassistance_service:s0 tcontext=u:r:bmw_driverassistance_service:s0 tclass=netlink_route_socket permissive=1
01-01 00:00:16.703   531   531 I auditd  : type=1400 audit(0.0:1182): avc: denied { nlmsg_read } for comm="ffff_io00" scontext=u:r:bmw_driverassistance_service:s0 tcontext=u:r:bmw_driverassistance_service:s0 tclass=netlink_route_socket permissive=1
01-01 00:00:16.703   531   531 I auditd  : type=1400 audit(0.0:1183): avc: denied { read } for comm="ffff_io00" scontext=u:r:bmw_driverassistance_service:s0 tcontext=u:r:bmw_driverassistance_service:s0 tclass=netlink_route_socket permissive=1
01-01 00:00:16.703   531   531 I auditd  : type=1400 audit(0.0:1184): avc: denied { nlmsg_readpriv } for comm="ffff_io00" scontext=u:r:bmw_driverassistance_service:s0 tcontext=u:r:bmw_driverassistance_service:s0 tclass=netlink_route_socket permissive=1
01-01 00:00:16.703   531   531 I auditd  : type=1400 audit(0.0:1185): avc: denied { create } for comm="ffff_io00" scontext=u:r:bmw_driverassistance_service:s0 tcontext=u:r:bmw_driverassistance_service:s0 tclass=udp_socket permissive=1
01-01 00:00:16.703   531   531 I auditd  : type=1400 audit(0.0:1186): avc: denied { ioctl } for comm="ffff_io00" path="socket:[24777]" dev="sockfs" ino=24777 ioctlcmd=0x8910 scontext=u:r:bmw_driverassistance_service:s0 tcontext=u:r:bmw_driverassistance_service:s0 tclass=udp_socket permissive=1
01-01 00:00:16.703   531   531 I auditd  : type=1400 audit(0.0:1187): avc: denied { create } for comm="ffff_io00" scontext=u:r:bmw_driverassistance_service:s0 tcontext=u:r:bmw_driverassistance_service:s0 tclass=tcp_socket permissive=1
01-01 00:00:16.703   531   531 I auditd  : type=1400 audit(0.0:1188): avc: denied { setopt } for comm="ffff_io00" scontext=u:r:bmw_driverassistance_service:s0 tcontext=u:r:bmw_driverassistance_service:s0 tclass=tcp_socket permissive=1
01-01 00:00:16.703   531   531 I auditd  : type=1400 audit(0.0:1189): avc: denied { bind } for comm="ffff_io00" scontext=u:r:bmw_driverassistance_service:s0 tcontext=u:r:bmw_driverassistance_service:s0 tclass=tcp_socket permissive=1
01-01 00:00:16.703   531   531 I auditd  : type=1400 audit(0.0:1190): avc: denied { name_bind } for comm="ffff_io00" src=1026 scontext=u:r:bmw_driverassistance_service:s0 tcontext=u:object_r:port:s0 tclass=tcp_socket permissive=1
01-01 00:00:16.703   531   531 I auditd  : type=1400 audit(0.0:1191): avc: denied { node_bind } for comm="ffff_io00" saddr=160.48.199.254 src=1026 scontext=u:r:bmw_driverassistance_service:s0 tcontext=u:object_r:node:s0 tclass=tcp_socket permissive=1
01-01 00:00:16.703   531   531 I auditd  : type=1400 audit(0.0:1192): avc: denied { listen } for comm="ffff_io00" laddr=160.48.199.254 lport=1074 scontext=u:r:bmw_driverassistance_service:s0 tcontext=u:r:bmw_driverassistance_service:s0 tclass=tcp_socket permissive=1
01-01 00:00:16.703   531   531 I auditd  : type=1400 audit(0.0:1193): avc: denied { accept } for comm="ffff_io00" laddr=160.48.199.254 lport=1074 scontext=u:r:bmw_driverassistance_service:s0 tcontext=u:r:bmw_driverassistance_service:s0 tclass=tcp_socket permissive=1
01-01 00:00:16.703   531   531 I auditd  : type=1400 audit(0.0:1194): avc: denied { getopt } for comm="ffff_io00" laddr=160.48.199.254 lport=1075 scontext=u:r:bmw_driverassistance_service:s0 tcontext=u:r:bmw_driverassistance_service:s0 tclass=tcp_socket permissive=1
01-01 00:00:16.699   740   740 F DEBUG   : *** *** *** *** *** *** *** *** *** *** *** *** *** *** *** ***
01-01 00:00:16.699   740   740 F DEBUG   : Build fingerprint: 'BMW_GROUP/bmw_idcevo/bmw_idcevo:13/TQ1A.221205.012/eng.builde.20230725.120134:userdebug/test-keys'
01-01 00:00:16.699   740   740 F DEBUG   : Revision: '0'
01-01 00:00:16.699   740   740 F DEBUG   : ABI: 'arm64'
01-01 00:00:16.699   740   740 F DEBUG   : Timestamp: 1970-01-01 00:00:16.652883606+0000
01-01 00:00:16.699   740   740 F DEBUG   : Process uptime: 1s
01-01 00:00:16.699   740   740 F DEBUG   : Cmdline: /vendor/bin/hw/vendor.samsung_slsi.hardware.eden_runtime@1.0-service
01-01 00:00:16.699   740   740 F DEBUG   : pid: 628, tid: 628, name: vendor.samsung_  >>> /vendor/bin/hw/vendor.samsung_slsi.hardware.eden_runtime@1.0-service <<<
01-01 00:00:16.699   740   740 F DEBUG   : uid: 1000
01-01 00:00:16.699   740   740 F DEBUG   : tagged_addr_ctrl: 0000000000000001 (PR_TAGGED_ADDR_ENABLE)
01-01 00:00:16.699   740   740 F DEBUG   : signal 11 (SIGSEGV), code 1 (SEGV_MAPERR), fault addr 0x0000000000000000
01-01 00:00:16.699   740   740 F DEBUG   : Cause: null pointer dereference
01-01 00:00:16.699   740   740 F DEBUG   :     x0  0000000000000000  x1  000000000000102b  x2  0000000000000400  x3  0000007feeacb3c8
01-01 00:00:16.699   740   740 F DEBUG   :     x4  0000000000000020  x5  0000000040100401  x6  0000000000000040  x7  4720656c69626f4d
01-01 00:00:16.699   740   740 F DEBUG   :     x8  0000000000000000  x9  d5ce9ebd090129b4  x10 0000000000000030  x11 0000000000000005
01-01 00:00:16.699   740   740 F DEBUG   :     x12 000000000000a6c9  x13 6d726f6674616c50  x14 00000000ffffffec  x15 0000007a6b816935
01-01 00:00:16.699   740   740 F DEBUG   :     x16 0000007a62978de8  x17 0000007a623a2e6c  x18 0000007a72e0e000  x19 0000007feeacb534
01-01 00:00:16.699   740   740 F DEBUG   :     x20 0000000000000000  x21 b400007952056498  x22 0000007a72650000  x23 0000007a72650000
01-01 00:00:16.699   740   740 F DEBUG   :     x24 0000007a6b7aa58f  x25 b400007902061808  x26 b400007902061809  x27 0000007a72650000
01-01 00:00:16.699   740   740 F DEBUG   :     x28 0000007feeacaff8  x29 0000007feeacb4a0
01-01 00:00:16.699   740   740 F DEBUG   :     lr  0000007a623a41c4  sp  0000007feeacaff0  pc  0000007a623a41d8  pst 0000000060001000
01-01 00:00:16.699   740   740 F DEBUG   : backtrace:
01-01 00:00:16.699   740   740 F DEBUG   :       #00 pc 000000000018c1d8  /vendor/lib64/libeden_ud_gpu.so (eden::ud::gpu::CLRuntime::initializeDevice(unsigned int const&)+84) (BuildId: f63eaf0b32da5050b493c292fe43653b8a009658)
01-01 00:00:16.699   740   740 F DEBUG   :       #01 pc 00000000001941e8  /vendor/lib64/libeden_ud_gpu.so (eden::ud::gpu::CLRuntime::initialize(unsigned int const&)+196) (BuildId: f63eaf0b32da5050b493c292fe43653b8a009658)
01-01 00:00:16.699   740   740 F DEBUG   :       #02 pc 000000000016338c  /vendor/lib64/libeden_ud_gpu.so (eden::ud::GpuUserDriver::Init()+700) (BuildId: f63eaf0b32da5050b493c292fe43653b8a009658)
01-01 00:00:16.699   740   740 F DEBUG   :       #03 pc 000000000006a69c  /vendor/lib64/libeden_rt.so (eden::rt::EdenManager::initUserDriver(unsigned int)+800) (BuildId: 3f9a95c751aca512d322d3cdf733f2a7f91955be)
01-01 00:00:16.699   740   740 F DEBUG   :       #04 pc 0000000000096ac8  /vendor/lib64/libeden_rt.so (eden::rt::Init(unsigned int)+120) (BuildId: 3f9a95c751aca512d322d3cdf733f2a7f91955be)
01-01 00:00:16.699   740   740 F DEBUG   :       #05 pc 000000000000bc30  /vendor/lib64/vendor.samsung_slsi.hardware.eden_runtime@1.0-impl.so (vendor::samsung_slsi::hardware::eden_runtime::V1_0::implementation::Edenruntime::Edenruntime()+136) (BuildId: 7a34d4fcb1c2d14893493401b8e5c10d)
01-01 00:00:16.699   740   740 F DEBUG   :       #06 pc 00000000000010c0  /vendor/bin/hw/vendor.samsung_slsi.hardware.eden_runtime@1.0-service (main+108) (BuildId: 0a2a64eb1db71ca60bc3507b34cd5a54)
01-01 00:00:16.699   740   740 F DEBUG   :       #07 pc 000000000004a1f4  /apex/com.android.runtime/lib64/bionic/libc.so (__libc_init+96) (BuildId: 01331f74b0bb2cb958bdc15282b8ec7b)
01-01 00:00:16.713     1     1 I init    : Untracked pid 740 exited with status 0
01-01 00:00:16.713     1     1 I init    : Untracked pid 740 did not have an associated service entry and will not be reaped
01-01 00:00:16.714     1     1 I init    : Service 'eden_runtime' (pid 628) received signal 11
01-01 00:00:16.714     1     1 I init    : Sending signal 9 to service 'eden_runtime' (pid 628) process group...
01-01 00:00:16.720     1     1 I libprocessgroup: Successfully killed process cgroup uid 1000 pid 628 in 5ms
01-01 00:00:16.720     1     1 I init    : Service 'exec 16 (/system/bin/profcollectctl reset)' (pid 666) exited with status 0 oneshot service took 0.382000 seconds in background
01-01 00:00:16.720     1     1 I init    : Sending signal 9 to service 'exec 16 (/system/bin/profcollectctl reset)' (pid 666) process group...
01-01 00:00:16.720     1     1 I libprocessgroup: Successfully killed process cgroup uid 0 pid 666 in 0ms
01-01 00:00:16.721     1     1 I init    : Untracked pid 744 exited with status 0
01-01 00:00:16.721     1     1 I init    : Untracked pid 744 did not have an associated service entry and will not be reaped
01-01 00:00:16.703   531   531 I auditd  : type=1400 audit(0.0:1195): avc: denied { connect } for comm="ffff_io00" laddr=160.48.199.254 lport=1075 scontext=u:r:bmw_driverassistance_service:s0 tcontext=u:r:bmw_driverassistance_service:s0 tclass=tcp_socket permissive=1
01-01 00:00:16.703   531   531 I auditd  : type=1400 audit(0.0:1196): avc: denied { name_connect } for comm="ffff_io00" dest=1024 scontext=u:r:bmw_driverassistance_service:s0 tcontext=u:object_r:port:s0 tclass=tcp_socket permissive=1
01-01 00:00:16.703   531   531 I auditd  : type=1400 audit(0.0:1197): avc: denied { shutdown } for comm="ffff_io00" laddr=160.48.199.254 lport=1075 scontext=u:r:bmw_driverassistance_service:s0 tcontext=u:r:bmw_driverassistance_service:s0 tclass=tcp_socket permissive=1
01-01 00:00:16.707   755   755 I auditd  : type=1400 audit(0.0:1198): avc: denied { map } for comm="ip" path="/system/bin/ip" dev="dm-4" ino=5723542 scontext=u:r:vendor_init:s0 tcontext=u:object_r:system_file:s0 tclass=file permissive=1
01-01 00:00:16.707   755   755 I auditd  : type=1400 audit(0.0:1199): avc: denied { read } for comm="ip" path="/system/bin/ip" dev="dm-4" ino=5723542 scontext=u:r:vendor_init:s0 tcontext=u:object_r:system_file:s0 tclass=file permissive=1
01-01 00:00:16.707   755   755 I auditd  : type=1400 audit(0.0:1200): avc: denied { execute } for comm="ip" path="/system/bin/ip" dev="dm-4" ino=5723542 scontext=u:r:vendor_init:s0 tcontext=u:object_r:system_file:s0 tclass=file permissive=1
01-01 00:00:16.707   755   755 I auditd  : type=1400 audit(0.0:1201): avc: denied { getattr } for comm="ip" path="/system/bin/ip" dev="dm-4" ino=5723542 scontext=u:r:vendor_init:s0 tcontext=u:object_r:system_file:s0 tclass=file permissive=1
01-01 00:00:16.723   755   755 I auditd  : type=1400 audit(0.0:1202): avc: denied { create } for comm="ip" scontext=u:r:vendor_init:s0 tcontext=u:r:vendor_init:s0 tclass=netlink_route_socket permissive=1
01-01 00:00:16.723   755   755 I auditd  : type=1400 audit(0.0:1203): avc: denied { setopt } for comm="ip" scontext=u:r:vendor_init:s0 tcontext=u:r:vendor_init:s0 tclass=netlink_route_socket permissive=1
01-01 00:00:16.723   755   755 I auditd  : type=1400 audit(0.0:1204): avc: denied { bind } for comm="ip" scontext=u:r:vendor_init:s0 tcontext=u:r:vendor_init:s0 tclass=netlink_route_socket permissive=1
01-01 00:00:16.723   755   755 I auditd  : type=1400 audit(0.0:1205): avc: denied { getattr } for comm="ip" scontext=u:r:vendor_init:s0 tcontext=u:r:vendor_init:s0 tclass=netlink_route_socket permissive=1
01-01 00:00:16.723   755   755 I auditd  : type=1400 audit(0.0:1206): avc: denied { search } for comm="ip" name="net" dev="dm-35" ino=786448 scontext=u:r:vendor_init:s0 tcontext=u:object_r:net_data_file:s0 tclass=dir permissive=1
01-01 00:00:16.723   755   755 I auditd  : type=1400 audit(0.0:1207): avc: denied { read } for comm="ip" name="rt_tables" dev="dm-35" ino=786553 scontext=u:r:vendor_init:s0 tcontext=u:object_r:net_data_file:s0 tclass=file permissive=1
01-01 00:00:16.723   755   755 I auditd  : type=1400 audit(0.0:1208): avc: denied { open } for comm="ip" path="/data/misc/net/rt_tables" dev="dm-35" ino=786553 scontext=u:r:vendor_init:s0 tcontext=u:object_r:net_data_file:s0 tclass=file permissive=1
01-01 00:00:16.723   755   755 I auditd  : type=1400 audit(0.0:1209): avc: denied { getattr } for comm="ip" path="/data/misc/net/rt_tables" dev="dm-35" ino=786553 scontext=u:r:vendor_init:s0 tcontext=u:object_r:net_data_file:s0 tclass=file permissive=1
01-01 00:00:16.723   755   755 I auditd  : type=1400 audit(0.0:1210): avc: denied { write } for comm="ip" scontext=u:r:vendor_init:s0 tcontext=u:r:vendor_init:s0 tclass=netlink_route_socket permissive=1
01-01 00:00:16.723   755   755 I auditd  : type=1400 audit(0.0:1211): avc: denied { nlmsg_write } for comm="ip" scontext=u:r:vendor_init:s0 tcontext=u:r:vendor_init:s0 tclass=netlink_route_socket permissive=1
01-01 00:00:16.723   755   755 I auditd  : type=1400 audit(0.0:1212): avc: denied { read } for comm="ip" scontext=u:r:vendor_init:s0 tcontext=u:r:vendor_init:s0 tclass=netlink_route_socket permissive=1
01-01 00:00:16.727     1     1 I init    : Service 'exec 22 (/system/bin/ip rule add from all lookup main prio 100)' (pid 755) exited with status 0 waiting took 0.026000 seconds
01-01 00:00:16.727     1     1 I init    : Sending signal 9 to service 'exec 22 (/system/bin/ip rule add from all lookup main prio 100)' (pid 755) process group...
01-01 00:00:16.727     1     1 I libprocessgroup: Successfully killed process cgroup uid 0 pid 755 in 0ms
01-01 00:00:16.727     1     1 I init    : Command 'start evs_manager' action=boot (/vendor/etc/init/init.exynosauto9.rc:266) took 0ms and failed: service evs_manager not found
01-01 00:00:16.727     1     1 I init    : processing action (boot) from (/vendor/etc/init/init.usb.rc:60)
01-01 00:00:16.729     1     1 I init    : starting service 'adbd'...
01-01 00:00:16.729     1     1 I init    : Created socket '/dev/socket/adbd', mode 660, user 1000, group 1000
01-01 00:00:16.734     1     1 I init    : processing action (boot) from (/vendor/etc/init/vendor.samsung_slsi.hardware.eden_runtime@1.0-service.rc:5)
01-01 00:00:16.734     1     1 I init    : starting service 'init-onebinary-service-sh'...
01-01 00:00:16.737     1     1 I init    : processing action (enable_property_trigger) from (<Builtin Action>:0)
01-01 00:00:16.737     1     1 I init    : processing action (apexd.status=ready && ro.product.cpu.abilist32=*) from (/system/etc/init/hw/init.rc:94)
01-01 00:00:16.738     1     1 I init    : starting service 'boringssl_self_test_apex32'...
01-01 00:00:16.743   560   560 I auditd  : type=1400 audit(0.0:1213): avc: denied { name_bind } for comm="ffff_io01" src=1029 scontext=u:r:bmw_dsm_service:s0 tcontext=u:object_r:port:s0 tclass=tcp_socket permissive=1
01-01 00:00:16.743   560   560 I auditd  : type=1400 audit(0.0:1214): avc: denied { node_bind } for comm="ffff_io01" saddr=160.48.199.254 src=1029 scontext=u:r:bmw_dsm_service:s0 tcontext=u:object_r:node:s0 tclass=tcp_socket permissive=1
01-01 00:00:16.747   560   560 I auditd  : type=1400 audit(0.0:1215): avc: denied { name_connect } for comm="ffff_io01" dest=1024 scontext=u:r:bmw_dsm_service:s0 tcontext=u:object_r:port:s0 tclass=tcp_socket permissive=1
01-01 00:00:16.747   621   621 I auditd  : type=1400 audit(0.0:1216): avc: denied { create } for comm="ffff_io01" scontext=u:r:hal_bmwtvcontrol_default:s0 tcontext=u:r:hal_bmwtvcontrol_default:s0 tclass=tcp_socket permissive=1
01-01 00:00:16.747   621   621 I auditd  : type=1400 audit(0.0:1217): avc: denied { setopt } for comm="ffff_io01" scontext=u:r:hal_bmwtvcontrol_default:s0 tcontext=u:r:hal_bmwtvcontrol_default:s0 tclass=tcp_socket permissive=1
01-01 00:00:16.747   621   621 I auditd  : type=1400 audit(0.0:1218): avc: denied { bind } for comm="ffff_io01" scontext=u:r:hal_bmwtvcontrol_default:s0 tcontext=u:r:hal_bmwtvcontrol_default:s0 tclass=tcp_socket permissive=1
01-01 00:00:16.747   621   621 I auditd  : type=1400 audit(0.0:1219): avc: denied { name_bind } for comm="ffff_io01" src=1035 scontext=u:r:hal_bmwtvcontrol_default:s0 tcontext=u:object_r:port:s0 tclass=tcp_socket permissive=1
01-01 00:00:16.747   621   621 I auditd  : type=1400 audit(0.0:1220): avc: denied { node_bind } for comm="ffff_io01" saddr=160.48.199.254 src=1035 scontext=u:r:hal_bmwtvcontrol_default:s0 tcontext=u:object_r:node:s0 tclass=tcp_socket permissive=1
01-01 00:00:16.747   621   621 I auditd  : type=1400 audit(0.0:1221): avc: denied { getopt } for comm="ffff_io01" laddr=160.48.199.254 lport=1035 scontext=u:r:hal_bmwtvcontrol_default:s0 tcontext=u:r:hal_bmwtvcontrol_default:s0 tclass=tcp_socket permissive=1
01-01 00:00:16.747   621   621 I auditd  : type=1400 audit(0.0:1222): avc: denied { connect } for comm="ffff_io01" laddr=160.48.199.254 lport=1035 scontext=u:r:hal_bmwtvcontrol_default:s0 tcontext=u:r:hal_bmwtvcontrol_default:s0 tclass=tcp_socket permissive=1
01-01 00:00:16.747   621   621 I auditd  : type=1400 audit(0.0:1223): avc: denied { name_connect } for comm="ffff_io01" dest=1024 scontext=u:r:hal_bmwtvcontrol_default:s0 tcontext=u:object_r:port:s0 tclass=tcp_socket permissive=1
01-01 00:00:16.747   661   661 I auditd  : type=1400 audit(0.0:1224): avc: denied { create } for comm="ffff_io01" scontext=u:r:bmw_rsu_service:s0 tcontext=u:r:bmw_rsu_service:s0 tclass=tcp_socket permissive=1
01-01 00:00:16.747   661   661 I auditd  : type=1400 audit(0.0:1225): avc: denied { setopt } for comm="ffff_io01" scontext=u:r:bmw_rsu_service:s0 tcontext=u:r:bmw_rsu_service:s0 tclass=tcp_socket permissive=1
01-01 00:00:16.747   661   661 I auditd  : type=1400 audit(0.0:1226): avc: denied { bind } for comm="ffff_io01" scontext=u:r:bmw_rsu_service:s0 tcontext=u:r:bmw_rsu_service:s0 tclass=tcp_socket permissive=1
01-01 00:00:16.747   661   661 I auditd  : type=1400 audit(0.0:1227): avc: denied { name_bind } for comm="ffff_io01" src=1031 scontext=u:r:bmw_rsu_service:s0 tcontext=u:object_r:port:s0 tclass=tcp_socket permissive=1
01-01 00:00:16.747   661   661 I auditd  : type=1400 audit(0.0:1228): avc: denied { node_bind } for comm="ffff_io01" saddr=160.48.199.254 src=1031 scontext=u:r:bmw_rsu_service:s0 tcontext=u:object_r:node:s0 tclass=tcp_socket permissive=1
01-01 00:00:16.747   661   661 I auditd  : type=1400 audit(0.0:1229): avc: denied { getopt } for comm="ffff_io01" laddr=160.48.199.254 lport=1031 scontext=u:r:bmw_rsu_service:s0 tcontext=u:r:bmw_rsu_service:s0 tclass=tcp_socket permissive=1
01-01 00:00:16.747   560   560 I auditd  : type=1400 audit(0.0:1230): avc: denied { write } for comm="ffff_io00" laddr=160.48.199.254 lport=1029 faddr=160.48.199.253 fport=1024 scontext=u:r:bmw_dsm_service:s0 tcontext=u:r:bmw_dsm_service:s0 tclass=tcp_socket permissive=1
01-01 00:00:16.747   661   661 I auditd  : type=1400 audit(0.0:1231): avc: denied { connect } for comm="ffff_io01" laddr=160.48.199.254 lport=1031 scontext=u:r:bmw_rsu_service:s0 tcontext=u:r:bmw_rsu_service:s0 tclass=tcp_socket permissive=1
01-01 00:00:16.747   661   661 I auditd  : type=1400 audit(0.0:1232): avc: denied { name_connect } for comm="ffff_io01" dest=1024 scontext=u:r:bmw_rsu_service:s0 tcontext=u:object_r:port:s0 tclass=tcp_socket permissive=1
01-01 00:00:16.747   560   560 I auditd  : type=1400 audit(0.0:1233): avc: denied { read } for comm="ffff_io00" laddr=160.48.199.254 lport=1029 faddr=160.48.199.253 fport=1024 scontext=u:r:bmw_dsm_service:s0 tcontext=u:r:bmw_dsm_service:s0 tclass=tcp_socket permissive=1
01-01 00:00:16.747   610   610 I auditd  : type=1400 audit(0.0:1234): avc: denied { create } for comm="ffff_io00" scontext=u:r:hal_telematicsinfo_default:s0 tcontext=u:r:hal_telematicsinfo_default:s0 tclass=tcp_socket permissive=1
01-01 00:00:16.747   610   610 I auditd  : type=1400 audit(0.0:1235): avc: denied { setopt } for comm="ffff_io00" scontext=u:r:hal_telematicsinfo_default:s0 tcontext=u:r:hal_telematicsinfo_default:s0 tclass=tcp_socket permissive=1
01-01 00:00:16.747   610   610 I auditd  : type=1400 audit(0.0:1236): avc: denied { bind } for comm="ffff_io00" scontext=u:r:hal_telematicsinfo_default:s0 tcontext=u:r:hal_telematicsinfo_default:s0 tclass=tcp_socket permissive=1
01-01 00:00:16.747   610   610 I auditd  : type=1400 audit(0.0:1237): avc: denied { name_bind } for comm="ffff_io00" src=1033 scontext=u:r:hal_telematicsinfo_default:s0 tcontext=u:object_r:port:s0 tclass=tcp_socket permissive=1
01-01 00:00:16.747   610   610 I auditd  : type=1400 audit(0.0:1238): avc: denied { node_bind } for comm="ffff_io00" saddr=160.48.199.254 src=1033 scontext=u:r:hal_telematicsinfo_default:s0 tcontext=u:object_r:node:s0 tclass=tcp_socket permissive=1
01-01 00:00:16.747   610   610 I auditd  : type=1400 audit(0.0:1239): avc: denied { getopt } for comm="ffff_io00" laddr=160.48.199.254 lport=1033 scontext=u:r:hal_telematicsinfo_default:s0 tcontext=u:r:hal_telematicsinfo_default:s0 tclass=tcp_socket permissive=1
01-01 00:00:16.747   610   610 I auditd  : type=1400 audit(0.0:1240): avc: denied { connect } for comm="ffff_io00" laddr=160.48.199.254 lport=1033 scontext=u:r:hal_telematicsinfo_default:s0 tcontext=u:r:hal_telematicsinfo_default:s0 tclass=tcp_socket permissive=1
01-01 00:00:16.747   610   610 I auditd  : type=1400 audit(0.0:1241): avc: denied { name_connect } for comm="ffff_io00" dest=1024 scontext=u:r:hal_telematicsinfo_default:s0 tcontext=u:object_r:port:s0 tclass=tcp_socket permissive=1
01-01 00:00:16.747   661   661 I auditd  : type=1400 audit(0.0:1242): avc: denied { write } for comm="ffff_io00" laddr=160.48.199.254 lport=1031 faddr=160.48.199.253 fport=1024 scontext=u:r:bmw_rsu_service:s0 tcontext=u:r:bmw_rsu_service:s0 tclass=tcp_socket permissive=1
01-01 00:00:16.747   661   661 I auditd  : type=1400 audit(0.0:1243): avc: denied { read } for comm="ffff_io00" laddr=160.48.199.254 lport=1031 faddr=160.48.199.253 fport=1024 scontext=u:r:bmw_rsu_service:s0 tcontext=u:r:bmw_rsu_service:s0 tclass=tcp_socket permissive=1
01-01 00:00:16.747   610   610 I auditd  : type=1400 audit(0.0:1244): avc: denied { write } for comm="ffff_io01" laddr=160.48.199.254 lport=1033 faddr=160.48.199.253 fport=1024 scontext=u:r:hal_telematicsinfo_default:s0 tcontext=u:r:hal_telematicsinfo_default:s0 tclass=tcp_socket permissive=1
01-01 00:00:16.747   610   610 I auditd  : type=1400 audit(0.0:1245): avc: denied { read } for comm="ffff_io01" laddr=160.48.199.254 lport=1033 faddr=160.48.199.253 fport=1024 scontext=u:r:hal_telematicsinfo_default:s0 tcontext=u:r:hal_telematicsinfo_default:s0 tclass=tcp_socket permissive=1
01-01 00:00:16.747   621   621 I auditd  : type=1400 audit(0.0:1246): avc: denied { write } for comm="ffff_io01" laddr=160.48.199.254 lport=1035 faddr=160.48.199.253 fport=1024 scontext=u:r:hal_bmwtvcontrol_default:s0 tcontext=u:r:hal_bmwtvcontrol_default:s0 tclass=tcp_socket permissive=1
01-01 00:00:16.747   621   621 I auditd  : type=1400 audit(0.0:1247): avc: denied { read } for comm="ffff_io01" laddr=160.48.199.254 lport=1035 faddr=160.48.199.253 fport=1024 scontext=u:r:hal_bmwtvcontrol_default:s0 tcontext=u:r:hal_bmwtvcontrol_default:s0 tclass=tcp_socket permissive=1
01-01 00:00:16.747   622   622 I auditd  : type=1400 audit(0.0:1248): avc: denied { create } for comm="ffff_io01" scontext=u:r:hal_bmwtvstream_default:s0 tcontext=u:r:hal_bmwtvstream_default:s0 tclass=tcp_socket permissive=1
01-01 00:00:16.747   622   622 I auditd  : type=1400 audit(0.0:1249): avc: denied { setopt } for comm="ffff_io01" scontext=u:r:hal_bmwtvstream_default:s0 tcontext=u:r:hal_bmwtvstream_default:s0 tclass=tcp_socket permissive=1
01-01 00:00:16.747   622   622 I auditd  : type=1400 audit(0.0:1250): avc: denied { bind } for comm="ffff_io01" scontext=u:r:hal_bmwtvstream_default:s0 tcontext=u:r:hal_bmwtvstream_default:s0 tclass=tcp_socket permissive=1
01-01 00:00:16.747   622   622 I auditd  : type=1400 audit(0.0:1251): avc: denied { name_bind } for comm="ffff_io01" src=1037 scontext=u:r:hal_bmwtvstream_default:s0 tcontext=u:object_r:port:s0 tclass=tcp_socket permissive=1
01-01 00:00:16.747   622   622 I auditd  : type=1400 audit(0.0:1252): avc: denied { node_bind } for comm="ffff_io01" saddr=160.48.199.254 src=1037 scontext=u:r:hal_bmwtvstream_default:s0 tcontext=u:object_r:node:s0 tclass=tcp_socket permissive=1
01-01 00:00:16.747   622   622 I auditd  : type=1400 audit(0.0:1253): avc: denied { getopt } for comm="ffff_io01" laddr=160.48.199.254 lport=1037 scontext=u:r:hal_bmwtvstream_default:s0 tcontext=u:r:hal_bmwtvstream_default:s0 tclass=tcp_socket permissive=1
01-01 00:00:16.747   622   622 I auditd  : type=1400 audit(0.0:1254): avc: denied { connect } for comm="ffff_io01" laddr=160.48.199.254 lport=1037 scontext=u:r:hal_bmwtvstream_default:s0 tcontext=u:r:hal_bmwtvstream_default:s0 tclass=tcp_socket permissive=1
01-01 00:00:16.747   622   622 I auditd  : type=1400 audit(0.0:1255): avc: denied { name_connect } for comm="ffff_io01" dest=1024 scontext=u:r:hal_bmwtvstream_default:s0 tcontext=u:object_r:port:s0 tclass=tcp_socket permissive=1
01-01 00:00:16.747   622   622 I auditd  : type=1400 audit(0.0:1256): avc: denied { write } for comm="ffff_io01" laddr=160.48.199.254 lport=1037 faddr=160.48.199.253 fport=1024 scontext=u:r:hal_bmwtvstream_default:s0 tcontext=u:r:hal_bmwtvstream_default:s0 tclass=tcp_socket permissive=1
01-01 00:00:16.747   622   622 I auditd  : type=1400 audit(0.0:1257): avc: denied { read } for comm="ffff_io01" laddr=160.48.199.254 lport=1037 faddr=160.48.199.253 fport=1024 scontext=u:r:hal_bmwtvstream_default:s0 tcontext=u:r:hal_bmwtvstream_default:s0 tclass=tcp_socket permissive=1
01-01 00:00:16.751   604   604 I auditd  : type=1400 audit(0.0:1258): avc: denied { create } for comm="ffff_io00" scontext=u:r:bmw_telematics_service:s0 tcontext=u:r:bmw_telematics_service:s0 tclass=tcp_socket permissive=1
01-01 00:00:16.751   604   604 I auditd  : type=1400 audit(0.0:1259): avc: denied { setopt } for comm="ffff_io00" scontext=u:r:bmw_telematics_service:s0 tcontext=u:r:bmw_telematics_service:s0 tclass=tcp_socket permissive=1
01-01 00:00:16.751   604   604 I auditd  : type=1400 audit(0.0:1260): avc: denied { bind } for comm="ffff_io00" scontext=u:r:bmw_telematics_service:s0 tcontext=u:r:bmw_telematics_service:s0 tclass=tcp_socket permissive=1
01-01 00:00:16.751   604   604 I auditd  : type=1400 audit(0.0:1261): avc: denied { name_bind } for comm="ffff_io00" src=1039 scontext=u:r:bmw_telematics_service:s0 tcontext=u:object_r:port:s0 tclass=tcp_socket permissive=1
01-01 00:00:16.751   604   604 I auditd  : type=1400 audit(0.0:1262): avc: denied { node_bind } for comm="ffff_io00" saddr=160.48.199.254 src=1039 scontext=u:r:bmw_telematics_service:s0 tcontext=u:object_r:node:s0 tclass=tcp_socket permissive=1
01-01 00:00:16.751   604   604 I auditd  : type=1400 audit(0.0:1263): avc: denied { getopt } for comm="ffff_io00" laddr=160.48.199.254 lport=1039 scontext=u:r:bmw_telematics_service:s0 tcontext=u:r:bmw_telematics_service:s0 tclass=tcp_socket permissive=1
01-01 00:00:16.751   604   604 I auditd  : type=1400 audit(0.0:1264): avc: denied { connect } for comm="ffff_io00" laddr=160.48.199.254 lport=1039 scontext=u:r:bmw_telematics_service:s0 tcontext=u:r:bmw_telematics_service:s0 tclass=tcp_socket permissive=1
01-01 00:00:16.751   604   604 I auditd  : type=1400 audit(0.0:1266): avc: denied { name_connect } for comm="ffff_io00" dest=1024 scontext=u:r:bmw_telematics_service:s0 tcontext=u:object_r:port:s0 tclass=tcp_socket permissive=1
01-01 00:00:16.751   570   570 I auditd  : type=1400 audit(0.0:1265): avc: denied { create } for comm="ffff_io00" scontext=u:r:bmw_itasu_service:s0 tcontext=u:r:bmw_itasu_service:s0 tclass=tcp_socket permissive=1
01-01 00:00:16.751   570   570 I auditd  : type=1400 audit(0.0:1267): avc: denied { setopt } for comm="ffff_io00" scontext=u:r:bmw_itasu_service:s0 tcontext=u:r:bmw_itasu_service:s0 tclass=tcp_socket permissive=1
01-01 00:00:16.751   570   570 I auditd  : type=1400 audit(0.0:1268): avc: denied { bind } for comm="ffff_io00" scontext=u:r:bmw_itasu_service:s0 tcontext=u:r:bmw_itasu_service:s0 tclass=tcp_socket permissive=1
01-01 00:00:16.751   570   570 I auditd  : type=1400 audit(0.0:1269): avc: denied { name_bind } for comm="ffff_io00" src=1041 scontext=u:r:bmw_itasu_service:s0 tcontext=u:object_r:port:s0 tclass=tcp_socket permissive=1
01-01 00:00:16.751   570   570 I auditd  : type=1400 audit(0.0:1270): avc: denied { node_bind } for comm="ffff_io00" saddr=160.48.199.254 src=1041 scontext=u:r:bmw_itasu_service:s0 tcontext=u:object_r:node:s0 tclass=tcp_socket permissive=1
01-01 00:00:16.751   570   570 I auditd  : type=1400 audit(0.0:1271): avc: denied { getopt } for comm="ffff_io00" laddr=160.48.199.254 lport=1041 scontext=u:r:bmw_itasu_service:s0 tcontext=u:r:bmw_itasu_service:s0 tclass=tcp_socket permissive=1
01-01 00:00:16.751   570   570 I auditd  : type=1400 audit(0.0:1272): avc: denied { connect } for comm="ffff_io00" laddr=160.48.199.254 lport=1041 scontext=u:r:bmw_itasu_service:s0 tcontext=u:r:bmw_itasu_service:s0 tclass=tcp_socket permissive=1
01-01 00:00:16.751   570   570 I auditd  : type=1400 audit(0.0:1273): avc: denied { name_connect } for comm="ffff_io00" dest=1024 scontext=u:r:bmw_itasu_service:s0 tcontext=u:object_r:port:s0 tclass=tcp_socket permissive=1
01-01 00:00:16.751   604   604 I auditd  : type=1400 audit(0.0:1274): avc: denied { write } for comm="ffff_io01" laddr=160.48.199.254 lport=1039 faddr=160.48.199.253 fport=1024 scontext=u:r:bmw_telematics_service:s0 tcontext=u:r:bmw_telematics_service:s0 tclass=tcp_socket permissive=1
01-01 00:00:16.751   604   604 I auditd  : type=1400 audit(0.0:1275): avc: denied { read } for comm="ffff_io01" laddr=160.48.199.254 lport=1039 faddr=160.48.199.253 fport=1024 scontext=u:r:bmw_telematics_service:s0 tcontext=u:r:bmw_telematics_service:s0 tclass=tcp_socket permissive=1
01-01 00:00:16.751   570   570 I auditd  : type=1400 audit(0.0:1276): avc: denied { write } for comm="ffff_io00" laddr=160.48.199.254 lport=1041 faddr=160.48.199.253 fport=1024 scontext=u:r:bmw_itasu_service:s0 tcontext=u:r:bmw_itasu_service:s0 tclass=tcp_socket permissive=1
01-01 00:00:16.751   570   570 I auditd  : type=1400 audit(0.0:1277): avc: denied { read } for comm="ffff_io00" laddr=160.48.199.254 lport=1041 faddr=160.48.199.253 fport=1024 scontext=u:r:bmw_itasu_service:s0 tcontext=u:r:bmw_itasu_service:s0 tclass=tcp_socket permissive=1
01-01 00:00:16.751   614   614 I auditd  : type=1400 audit(0.0:1278): avc: denied { create } for comm="ffff_io01" scontext=u:r:hal_timezonesync_default:s0 tcontext=u:r:hal_timezonesync_default:s0 tclass=tcp_socket permissive=1
01-01 00:00:16.751   614   614 I auditd  : type=1400 audit(0.0:1279): avc: denied { setopt } for comm="ffff_io01" scontext=u:r:hal_timezonesync_default:s0 tcontext=u:r:hal_timezonesync_default:s0 tclass=tcp_socket permissive=1
01-01 00:00:16.751   614   614 I auditd  : type=1400 audit(0.0:1280): avc: denied { bind } for comm="ffff_io01" scontext=u:r:hal_timezonesync_default:s0 tcontext=u:r:hal_timezonesync_default:s0 tclass=tcp_socket permissive=1
01-01 00:00:16.751   614   614 I auditd  : type=1400 audit(0.0:1281): avc: denied { name_bind } for comm="ffff_io01" src=1043 scontext=u:r:hal_timezonesync_default:s0 tcontext=u:object_r:port:s0 tclass=tcp_socket permissive=1
01-01 00:00:16.751   614   614 I auditd  : type=1400 audit(0.0:1282): avc: denied { node_bind } for comm="ffff_io01" saddr=160.48.199.254 src=1043 scontext=u:r:hal_timezonesync_default:s0 tcontext=u:object_r:node:s0 tclass=tcp_socket permissive=1
01-01 00:00:16.751   614   614 I auditd  : type=1400 audit(0.0:1283): avc: denied { getopt } for comm="ffff_io01" laddr=160.48.199.254 lport=1043 scontext=u:r:hal_timezonesync_default:s0 tcontext=u:r:hal_timezonesync_default:s0 tclass=tcp_socket permissive=1
01-01 00:00:16.751   614   614 I auditd  : type=1400 audit(0.0:1284): avc: denied { connect } for comm="ffff_io01" laddr=160.48.199.254 lport=1043 scontext=u:r:hal_timezonesync_default:s0 tcontext=u:r:hal_timezonesync_default:s0 tclass=tcp_socket permissive=1
01-01 00:00:16.751   614   614 I auditd  : type=1400 audit(0.0:1285): avc: denied { name_connect } for comm="ffff_io01" dest=1024 scontext=u:r:hal_timezonesync_default:s0 tcontext=u:object_r:port:s0 tclass=tcp_socket permissive=1
01-01 00:00:16.751   614   614 I auditd  : type=1400 audit(0.0:1286): avc: denied { write } for comm="ffff_io01" laddr=160.48.199.254 lport=1043 faddr=160.48.199.253 fport=1024 scontext=u:r:hal_timezonesync_default:s0 tcontext=u:r:hal_timezonesync_default:s0 tclass=tcp_socket permissive=1
01-01 00:00:16.751   614   614 I auditd  : type=1400 audit(0.0:1287): avc: denied { read } for comm="ffff_io01" laddr=160.48.199.254 lport=1043 faddr=160.48.199.253 fport=1024 scontext=u:r:hal_timezonesync_default:s0 tcontext=u:r:hal_timezonesync_default:s0 tclass=tcp_socket permissive=1
01-01 00:00:16.751   621   621 I auditd  : type=1400 audit(0.0:1288): avc: denied { accept } for comm="ffff_io00" laddr=160.48.199.254 lport=1034 scontext=u:r:hal_bmwtvcontrol_default:s0 tcontext=u:r:hal_bmwtvcontrol_default:s0 tclass=tcp_socket permissive=1
01-01 00:00:16.755   532   532 I auditd  : type=1400 audit(0.0:1289): avc: denied { create } for comm="ffff_io00" scontext=u:r:bmw_drivingexcitement_service:s0 tcontext=u:r:bmw_drivingexcitement_service:s0 tclass=tcp_socket permissive=1
01-01 00:00:16.755   621   621 I auditd  : type=1400 audit(0.0:1290): avc: denied { getattr } for comm="ffff_io00" laddr=160.48.199.254 lport=1034 faddr=160.48.199.253 fport=1025 scontext=u:r:hal_bmwtvcontrol_default:s0 tcontext=u:r:hal_bmwtvcontrol_default:s0 tclass=tcp_socket permissive=1
