01-01 00:00:16.539   189   189 I exynos-v920-pcie 161c0000.pcie: PHY PMA 0x0004 : 0x00006d44
01-01 00:00:16.539   189   189 I exynos-v920-pcie 161c0000.pcie: PHY PMA 0x0008 : 0x00000e00
01-01 00:00:16.539   189   189 I exynos-v920-pcie 161c0000.pcie: PHY PMA 0x000c : 0x00000e00
01-01 00:00:16.539   189   189 I exynos-v920-pcie 161c0000.pcie: PHY PMA 0x0010 : 0x00000387
01-01 00:00:16.539   189   189 I exynos-v920-pcie 161c0000.pcie: PHY PMA 0x0014 : 0x00000000
01-01 00:00:16.539   189   189 I exynos-v920-pcie 161c0000.pcie: PHY PMA 0x0018 : 0x00000000
01-01 00:00:16.539   189   189 I exynos-v920-pcie 161c0000.pcie: PHY PMA 0x001c : 0x00000120
01-01 00:00:16.539   189   189 I exynos-v920-pcie 161c0000.pcie: PHY PMA 0x0020 : 0x00000019
01-01 00:00:16.539   718   718 I         : sxgmac 16d68000.ethernet socnet0: Register MEM_TYPE_PAGE_POOL RxQ-2
01-01 00:00:16.539   189   189 I exynos-v920-pcie 161c0000.pcie: PHY PMA 0x0024 : 0x00000002
01-01 00:00:16.539   189   189 I exynos-v920-pcie 161c0000.pcie: PHY PMA 0x0028 : 0x00000043
01-01 00:00:16.539   189   189 I exynos-v920-pcie 161c0000.pcie: PHY PMA 0x002c : 0x00000043
01-01 00:00:16.539   189   189 I exynos-v920-pcie 161c0000.pcie: PHY PMA 0x0030 : 0x00000000
01-01 00:00:16.539   189   189 I exynos-v920-pcie 161c0000.pcie: PHY PMA 0x0034 : 0x00000000
01-01 00:00:16.539   189   189 I exynos-v920-pcie 161c0000.pcie: PHY PMA 0x0038 : 0x00000000
01-01 00:00:16.539   189   189 I exynos-v920-pcie 161c0000.pcie: PHY PMA 0x003c : 0x00000000
01-01 00:00:16.539   189   189 I exynos-v920-pcie 161c0000.pcie: PHY PMA 0x0040 : 0x00000000
01-01 00:00:16.539   189   189 I exynos-v920-pcie 161c0000.pcie: PHY PMA 0x0044 : 0x00000000
01-01 00:00:16.539   189   189 I exynos-v920-pcie 161c0000.pcie: PHY PMA 0x0048 : 0x00000000
01-01 00:00:16.539   189   189 I exynos-v920-pcie 161c0000.pcie: PHY PMA 0x004c : 0x00000120
01-01 00:00:16.539   189   189 I exynos-v920-pcie 161c0000.pcie: PHY PMA 0x0050 : 0x00000019
01-01 00:00:16.539   189   189 I exynos-v920-pcie 161c0000.pcie: PHY PMA 0x0054 : 0x00000007
01-01 00:00:16.539   189   189 I exynos-v920-pcie 161c0000.pcie: PHY PMA 0x0058 : 0x00000043
01-01 00:00:16.539   189   189 I exynos-v920-pcie 161c0000.pcie: PHY PMA 0x005c : 0x00000043
01-01 00:00:16.539   189   189 I exynos-v920-pcie 161c0000.pcie: PHY PMA 0x0060 : 0x00000000
01-01 00:00:16.539   189   189 I exynos-v920-pcie 161c0000.pcie: PHY PMA 0x0064 : 0x00000000
01-01 00:00:16.539   189   189 I exynos-v920-pcie 161c0000.pcie: PHY PMA 0x0068 : 0x00000000
01-01 00:00:16.539   189   189 I exynos-v920-pcie 161c0000.pcie: PHY PMA 0x006c : 0x00000000
01-01 00:00:16.539   189   189 I exynos-v920-pcie 161c0000.pcie: PHY PMA 0x0070 : 0x00000000
01-01 00:00:16.539   189   189 I exynos-v920-pcie 161c0000.pcie: PHY PMA 0x0074 : 0x00000000
01-01 00:00:16.539   189   189 I exynos-v920-pcie 161c0000.pcie: PHY PMA 0x0078 : 0x00000000
01-01 00:00:16.539   189   189 I exynos-v920-pcie 161c0000.pcie: PHY PMA 0x007c : 0x00000008
01-01 00:00:16.539   189   189 I exynos-v920-pcie 161c0000.pcie: PHY PMA 0x0080 : 0x00000000
01-01 00:00:16.539   189   189 I exynos-v920-pcie 161c0000.pcie: PHY PMA 0x0084 : 0x00000000
01-01 00:00:16.539   189   189 I exynos-v920-pcie 161c0000.pcie: PHY PMA 0x0088 : 0x00000010
01-01 00:00:16.539   189   189 I exynos-v920-pcie 161c0000.pcie: PHY PMA 0x008c : 0x00000010
01-01 00:00:16.539   189   189 I exynos-v920-pcie 161c0000.pcie: PHY PMA 0x0090 : 0x00000000
01-01 00:00:16.539   189   189 I exynos-v920-pcie 161c0000.pcie: PHY PMA 0x0094 : 0x00002160
01-01 00:00:16.539   189   189 I exynos-v920-pcie 161c0000.pcie: PHY PMA 0x0098 : 0x00000064
01-01 00:00:16.539   189   189 I exynos-v920-pcie 161c0000.pcie: PHY PMA 0x009c : 0x0000062f
01-01 00:00:16.539   189   189 I exynos-v920-pcie 161c0000.pcie: PHY PMA 0x00a0 : 0x0000062f
01-01 00:00:16.539   189   189 I exynos-v920-pcie 161c0000.pcie: PHY PMA 0x00a4 : 0x00000000
01-01 00:00:16.539   189   189 I exynos-v920-pcie 161c0000.pcie: PHY PMA 0x00a8 : 0x00000c63
01-01 00:00:16.539   189   189 I exynos-v920-pcie 161c0000.pcie: PHY PMA 0x00ac : 0x00000000
01-01 00:00:16.539   189   189 I exynos-v920-pcie 161c0000.pcie: PHY PMA 0x00b0 : 0x00002666
01-01 00:00:16.539   189   189 I exynos-v920-pcie 161c0000.pcie: PHY PMA 0x00b4 : 0x00000000
01-01 00:00:16.539   189   189 I exynos-v920-pcie 161c0000.pcie: PHY PMA 0x00b8 : 0x00000000
01-01 00:00:16.539   189   189 I exynos-v920-pcie 161c0000.pcie: PHY PMA 0x00bc : 0x00000000
01-01 00:00:16.539   189   189 I exynos-v920-pcie 161c0000.pcie: PHY PMA 0x00c0 : 0x00006421
01-01 00:00:16.539   189   189 I exynos-v920-pcie 161c0000.pcie: PHY PMA 0x00c4 : 0x000000a0
01-01 00:00:16.539   189   189 I exynos-v920-pcie 161c0000.pcie: PHY PMA 0x00c8 : 0x0000062f
01-01 00:00:16.539   189   189 I exynos-v920-pcie 161c0000.pcie: PHY PMA 0x00cc : 0x0000062f
01-01 00:00:16.539   189   189 I exynos-v920-pcie 161c0000.pcie: PHY PMA 0x00d0 : 0x00000000
01-01 00:00:16.539   189   189 I exynos-v920-pcie 161c0000.pcie: PHY PMA 0x00d4 : 0x000013d1
01-01 00:00:16.539   189   189 I exynos-v920-pcie 161c0000.pcie: PHY PMA 0x00d8 : 0x00000000
01-01 00:00:16.539   189   189 I exynos-v920-pcie 161c0000.pcie: PHY PMA 0x00dc : 0x00003d71
01-01 00:00:16.539   189   189 I exynos-v920-pcie 161c0000.pcie: PHY PMA 0x00e0 : 0x00000000
01-01 00:00:16.539   189   189 I exynos-v920-pcie 161c0000.pcie: PHY PMA 0x00e4 : 0x00000000
01-01 00:00:16.539   189   189 I exynos-v920-pcie 161c0000.pcie: PHY PMA 0x00e8 : 0x00000000
01-01 00:00:16.540   718   718 I         : sxgmac 16d68000.ethernet socnet0: Register MEM_TYPE_PAGE_POOL RxQ-3
01-01 00:00:16.540   718   718 I         : sxgmac 16d68000.ethernet socnet0: Register MEM_TYPE_PAGE_POOL RxQ-4
01-01 00:00:16.541   718   718 I         : sxgmac 16d68000.ethernet socnet0: Enabling Safety Features
01-01 00:00:16.541   718   718 I         : sxgmac 16d68000.ethernet socnet0: No MAC Management Counters available
01-01 00:00:16.541   718   718 W         : sxgmac 16d68000.ethernet socnet0: PTP not supported by HW
01-01 00:00:16.542   186   186 I exynos-v920-pcie 161c1000.pcie: LTSSM: 0x00, L1sub: 0x0, D state: 0x0
01-01 00:00:16.542   186   186 I exynos-v920-pcie 161c1000.pcie: LTSSM: 0x00, L1sub: 0x0, D state: 0x0
01-01 00:00:16.542   186   186 I exynos-v920-pcie 161c1000.pcie: LTSSM: 0x00, L1sub: 0x0, D state: 0x0
01-01 00:00:16.542   186   186 I exynos-v920-pcie 161c1000.pcie: LTSSM: 0x00, L1sub: 0x0, D state: 0x0
01-01 00:00:16.542   186   186 I exynos-v920-pcie 161c1000.pcie: LTSSM: 0x00, L1sub: 0x0, D state: 0x0
01-01 00:00:16.542   186   186 I exynos-v920-pcie 161c1000.pcie: LTSSM: 0x00, L1sub: 0x0, D state: 0x0
01-01 00:00:16.542   186   186 I exynos-v920-pcie 161c1000.pcie: LTSSM: 0x00, L1sub: 0x0, D state: 0x0
01-01 00:00:16.542   186   186 I exynos-v920-pcie 161c1000.pcie: LTSSM: 0x00, L1sub: 0x0, D state: 0x0
01-01 00:00:16.542   186   186 I exynos-v920-pcie 161c1000.pcie: LTSSM: 0x00, L1sub: 0x0, D state: 0x0
01-01 00:00:16.542   186   186 I exynos-v920-pcie 161c1000.pcie: LTSSM: 0x00, L1sub: 0x0, D state: 0x0
01-01 00:00:16.542   186   186 I exynos-v920-pcie 161c1000.pcie: LTSSM: 0x00, L1sub: 0x0, D state: 0x0
01-01 00:00:16.542   186   186 I exynos-v920-pcie 161c1000.pcie: LTSSM: 0x00, L1sub: 0x0, D state: 0x0
01-01 00:00:16.542   186   186 I exynos-v920-pcie 161c1000.pcie: LTSSM: 0x00, L1sub: 0x0, D state: 0x0
01-01 00:00:16.542   186   186 I exynos-v920-pcie 161c1000.pcie: LTSSM: 0x00, L1sub: 0x0, D state: 0x0
01-01 00:00:16.542   186   186 I exynos-v920-pcie 161c1000.pcie: LTSSM: 0x00, L1sub: 0x0, D state: 0x0
01-01 00:00:16.542   186   186 I exynos-v920-pcie 161c1000.pcie: LTSSM: 0x00, L1sub: 0x0, D state: 0x0
01-01 00:00:16.542   186   186 I exynos-v920-pcie 161c1000.pcie: LTSSM: 0x00, L1sub: 0x0, D state: 0x0
01-01 00:00:16.542   186   186 I exynos-v920-pcie 161c1000.pcie: LTSSM: 0x00, L1sub: 0x0, D state: 0x0
01-01 00:00:16.542   186   186 I exynos-v920-pcie 161c1000.pcie: LTSSM: 0x00, L1sub: 0x0, D state: 0x0
01-01 00:00:16.542   186   186 I exynos-v920-pcie 161c1000.pcie: LTSSM: 0x00, L1sub: 0x0, D state: 0x0
01-01 00:00:16.542   186   186 I exynos-v920-pcie 161c1000.pcie: LTSSM: 0x00, L1sub: 0x0, D state: 0x0
01-01 00:00:16.542   186   186 I exynos-v920-pcie 161c1000.pcie: LTSSM: 0x00, L1sub: 0x0, D state: 0x0
01-01 00:00:16.542   186   186 I exynos-v920-pcie 161c1000.pcie: LTSSM: 0x00, L1sub: 0x0, D state: 0x0
01-01 00:00:16.542   186   186 I exynos-v920-pcie 161c1000.pcie: LTSSM: 0x00, L1sub: 0x0, D state: 0x0
01-01 00:00:16.542   186   186 I exynos-v920-pcie 161c1000.pcie: LTSSM: 0x00, L1sub: 0x0, D state: 0x0
01-01 00:00:16.542   186   186 I exynos-v920-pcie 161c1000.pcie: LTSSM: 0x00, L1sub: 0x0, D state: 0x0
01-01 00:00:16.542   186   186 I exynos-v920-pcie 161c1000.pcie: LTSSM: 0x00, L1sub: 0x0, D state: 0x0
01-01 00:00:16.542   186   186 I exynos-v920-pcie 161c1000.pcie: LTSSM: 0x00, L1sub: 0x0, D state: 0x0
01-01 00:00:16.542   186   186 I exynos-v920-pcie 161c1000.pcie: LTSSM: 0x00, L1sub: 0x0, D state: 0x0
01-01 00:00:16.542   186   186 I exynos-v920-pcie 161c1000.pcie: LTSSM: 0x00, L1sub: 0x0, D state: 0x0
01-01 00:00:16.542   186   186 I exynos-v920-pcie 161c1000.pcie: LTSSM: 0x00, L1sub: 0x0, D state: 0x0
01-01 00:00:16.542   186   186 I exynos-v920-pcie 161c1000.pcie: LTSSM: 0x00, L1sub: 0x0, D state: 0x0
01-01 00:00:16.542   186   186 I exynos-v920-pcie 161c1000.pcie: PCIE link state is 2
01-01 00:00:16.542   186   186 I exynos-v920-pcie 161c1000.pcie: Print ELBI region...
01-01 00:00:16.542   186   186 I exynos-v920-pcie 161c1000.pcie: ELBI 0x0000 : 0x00000014
01-01 00:00:16.542   186   186 I exynos-v920-pcie 161c1000.pcie: ELBI 0x0004 : 0x00000000
01-01 00:00:16.542   186   186 I exynos-v920-pcie 161c1000.pcie: ELBI 0x0008 : 0x00000001
01-01 00:00:16.542   186   186 I exynos-v920-pcie 161c1000.pcie: ELBI 0x000c : 0x00000200
01-01 00:00:16.542   186   186 I exynos-v920-pcie 161c1000.pcie: ELBI 0x0010 : 0x00000000
01-01 00:00:16.542   186   186 I exynos-v920-pcie 161c1000.pcie: ELBI 0x0014 : 0x00000000
01-01 00:00:16.542   186   186 I exynos-v920-pcie 161c1000.pcie: ELBI 0x0018 : 0x00000000
01-01 00:00:16.542   186   186 I exynos-v920-pcie 161c1000.pcie: ELBI 0x001c : 0x00000000
01-01 00:00:16.542   186   186 I exynos-v920-pcie 161c1000.pcie: ELBI 0x0020 : 0x00000000
01-01 00:00:16.542   186   186 I exynos-v920-pcie 161c1000.pcie: ELBI 0x0024 : 0x00000000
01-01 00:00:16.542   186   186 I exynos-v920-pcie 161c1000.pcie: ELBI 0x0028 : 0x00000000
01-01 00:00:16.542   186   186 I exynos-v920-pcie 161c1000.pcie: ELBI 0x002c : 0x00000000
01-01 00:00:16.542   186   186 I exynos-v920-pcie 161c1000.pcie: ELBI 0x0030 : 0x00280000
01-01 00:00:16.542   186   186 I exynos-v920-pcie 161c1000.pcie: ELBI 0x0034 : 0x00000000
01-01 00:00:16.542   186   186 I exynos-v920-pcie 161c1000.pcie: ELBI 0x0038 : 0x00000000
01-01 00:00:16.542   186   186 I exynos-v920-pcie 161c1000.pcie: ELBI 0x003c : 0x00000000
01-01 00:00:16.542   186   186 I exynos-v920-pcie 161c1000.pcie: ELBI 0x0040 : 0x00000000
01-01 00:00:16.542   186   186 I exynos-v920-pcie 161c1000.pcie: ELBI 0x0044 : 0x00000000
01-01 00:00:16.542   186   186 I exynos-v920-pcie 161c1000.pcie: ELBI 0x0048 : 0x00000000
01-01 00:00:16.542   186   186 I exynos-v920-pcie 161c1000.pcie: ELBI 0x004c : 0x00000000
01-01 00:00:16.542   186   186 I exynos-v920-pcie 161c1000.pcie: ELBI 0x0050 : 0x00000000
01-01 00:00:16.542   186   186 I exynos-v920-pcie 161c1000.pcie: ELBI 0x0054 : 0x00000000
01-01 00:00:16.542   186   186 I exynos-v920-pcie 161c1000.pcie: ELBI 0x0058 : 0x00000000
01-01 00:00:16.542   186   186 I exynos-v920-pcie 161c1000.pcie: ELBI 0x005c : 0x0000000f
01-01 00:00:16.542   186   186 I exynos-v920-pcie 161c1000.pcie: ELBI 0x0060 : 0x00000000
01-01 00:00:16.542   186   186 I exynos-v920-pcie 161c1000.pcie: ELBI 0x0064 : 0x00000000
01-01 00:00:16.542   186   186 I exynos-v920-pcie 161c1000.pcie: ELBI 0x0068 : 0x00000000
01-01 00:00:16.542   186   186 I exynos-v920-pcie 161c1000.pcie: ELBI 0x006c : 0x00000000
01-01 00:00:16.542   186   186 I exynos-v920-pcie 161c1000.pcie: ELBI 0x0070 : 0x00000000
01-01 00:00:16.542   186   186 I exynos-v920-pcie 161c1000.pcie: ELBI 0x0074 : 0x00000000
01-01 00:00:16.542   186   186 I exynos-v920-pcie 161c1000.pcie: ELBI 0x0078 : 0x00000000
01-01 00:00:16.542   186   186 I exynos-v920-pcie 161c1000.pcie: ELBI 0x007c : 0x00000000
01-01 00:00:16.542   186   186 I exynos-v920-pcie 161c1000.pcie: ELBI 0x0080 : 0x00000000
01-01 00:00:16.542   186   186 I exynos-v920-pcie 161c1000.pcie: ELBI 0x0084 : 0x00000000
01-01 00:00:16.542   186   186 I exynos-v920-pcie 161c1000.pcie: ELBI 0x0088 : 0x0000c810
01-01 00:00:16.542   186   186 I exynos-v920-pcie 161c1000.pcie: ELBI 0x008c : 0x00000000
01-01 00:00:16.542   186   186 I exynos-v920-pcie 161c1000.pcie: ELBI 0x0090 : 0x00000000
01-01 00:00:16.542   186   186 I exynos-v920-pcie 161c1000.pcie: ELBI 0x0094 : 0x40000000
01-01 00:00:16.542   186   186 I exynos-v920-pcie 161c1000.pcie: ELBI 0x0098 : 0x00000000
01-01 00:00:16.542   186   186 I exynos-v920-pcie 161c1000.pcie: ELBI 0x009c : 0x00000000
01-01 00:00:16.542   186   186 I exynos-v920-pcie 161c1000.pcie: ELBI 0x00a0 : 0x00000000
01-01 00:00:16.542   186   186 I exynos-v920-pcie 161c1000.pcie: ELBI 0x00a4 : 0x00000000
01-01 00:00:16.542   186   186 I exynos-v920-pcie 161c1000.pcie: ELBI 0x00a8 : 0x00000000
01-01 00:00:16.542   186   186 I exynos-v920-pcie 161c1000.pcie: ELBI 0x00ac : 0x00000000
01-01 00:00:16.542   186   186 I exynos-v920-pcie 161c1000.pcie: ELBI 0x00b0 : 0x00000000
01-01 00:00:16.542   186   186 I exynos-v920-pcie 161c1000.pcie: ELBI 0x00b4 : 0x00000000
01-01 00:00:16.542   186   186 I exynos-v920-pcie 161c1000.pcie: ELBI 0x00b8 : 0x00000000
01-01 00:00:16.542   186   186 I exynos-v920-pcie 161c1000.pcie: ELBI 0x00bc : 0x00000000
01-01 00:00:16.542   186   186 I exynos-v920-pcie 161c1000.pcie: ELBI 0x00c0 : 0x00000000
01-01 00:00:16.542   186   186 I exynos-v920-pcie 161c1000.pcie: ELBI 0x00c4 : 0x00000000
01-01 00:00:16.542   186   186 I exynos-v920-pcie 161c1000.pcie: ELBI 0x00c8 : 0x00000000
01-01 00:00:16.542   186   186 I exynos-v920-pcie 161c1000.pcie: ELBI 0x00cc : 0x00000000
01-01 00:00:16.542   186   186 I exynos-v920-pcie 161c1000.pcie: ELBI 0x00d0 : 0x00000000
01-01 00:00:16.542   186   186 I exynos-v920-pcie 161c1000.pcie: ELBI 0x00d4 : 0x00000000
01-01 00:00:16.542   186   186 I exynos-v920-pcie 161c1000.pcie: ELBI 0x00d8 : 0x00000000
01-01 00:00:16.542   186   186 I exynos-v920-pcie 161c1000.pcie: ELBI 0x00dc : 0x00000000
01-01 00:00:16.542   186   186 I exynos-v920-pcie 161c1000.pcie: ELBI 0x00e0 : 0x00000000
01-01 00:00:16.542   186   186 I exynos-v920-pcie 161c1000.pcie: ELBI 0x00e4 : 0x00000000
01-01 00:00:16.542   186   186 I exynos-v920-pcie 161c1000.pcie: ELBI 0x00e8 : 0x00000000
01-01 00:00:16.542   186   186 I exynos-v920-pcie 161c1000.pcie: ELBI 0x00ec : 0x00000000
01-01 00:00:16.542   186   186 I exynos-v920-pcie 161c1000.pcie: ELBI 0x00f0 : 0x00000000
01-01 00:00:16.542   186   186 I exynos-v920-pcie 161c1000.pcie: ELBI 0x00f4 : 0x00000000
01-01 00:00:16.542   186   186 I exynos-v920-pcie 161c1000.pcie: ELBI 0x00f8 : 0x00000000
01-01 00:00:16.542   186   186 I exynos-v920-pcie 161c1000.pcie: ELBI 0x00fc : 0x00000000
01-01 00:00:16.542   186   186 I exynos-v920-pcie 161c1000.pcie: ELBI 0x0100 : 0x00000000
01-01 00:00:16.542   186   186 I exynos-v920-pcie 161c1000.pcie: ELBI 0x0104 : 0x00000000
01-01 00:00:16.542   186   186 I exynos-v920-pcie 161c1000.pcie: ELBI 0x0108 : 0x00000000
01-01 00:00:16.542   186   186 I exynos-v920-pcie 161c1000.pcie: ELBI 0x010c : 0x00000000
01-01 00:00:16.542   186   186 I exynos-v920-pcie 161c1000.pcie: ELBI 0x0110 : 0x00000000
01-01 00:00:16.542   186   186 I exynos-v920-pcie 161c1000.pcie: ELBI 0x0114 : 0x00000000
01-01 00:00:16.542   186   186 I exynos-v920-pcie 161c1000.pcie: ELBI 0x0118 : 0x00000000
01-01 00:00:16.542   186   186 I exynos-v920-pcie 161c1000.pcie: ELBI 0x011c : 0x00000000
01-01 00:00:16.542   186   186 I exynos-v920-pcie 161c1000.pcie: ELBI 0x0120 : 0x00000000
01-01 00:00:16.542   186   186 I exynos-v920-pcie 161c1000.pcie: ELBI 0x0124 : 0x00000000
01-01 00:00:16.542   186   186 I exynos-v920-pcie 161c1000.pcie: ELBI 0x0128 : 0x00000000
01-01 00:00:16.542   186   186 I exynos-v920-pcie 161c1000.pcie: ELBI 0x012c : 0x00000000
01-01 00:00:16.542   186   186 I exynos-v920-pcie 161c1000.pcie: ELBI 0x0130 : 0x00000000
01-01 00:00:16.542   186   186 I exynos-v920-pcie 161c1000.pcie: ELBI 0x0134 : 0x00000000
01-01 00:00:16.542   186   186 I exynos-v920-pcie 161c1000.pcie: ELBI 0x0138 : 0x00000000
01-01 00:00:16.542   186   186 I exynos-v920-pcie 161c1000.pcie: ELBI 0x013c : 0x00000000
01-01 00:00:16.542   186   186 I exynos-v920-pcie 161c1000.pcie: ELBI 0x0140 : 0x00000000
01-01 00:00:16.542   186   186 I exynos-v920-pcie 161c1000.pcie: ELBI 0x0144 : 0x00000000
01-01 00:00:16.542   186   186 I exynos-v920-pcie 161c1000.pcie: ELBI 0x0148 : 0x00000000
01-01 00:00:16.542   186   186 I exynos-v920-pcie 161c1000.pcie: ELBI 0x014c : 0x00000000
01-01 00:00:16.542   186   186 I exynos-v920-pcie 161c1000.pcie: ELBI 0x0150 : 0x00000000
01-01 00:00:16.542   186   186 I exynos-v920-pcie 161c1000.pcie: ELBI 0x0154 : 0x00000000
01-01 00:00:16.542   186   186 I exynos-v920-pcie 161c1000.pcie: ELBI 0x0158 : 0x00000000
01-01 00:00:16.542   186   186 I exynos-v920-pcie 161c1000.pcie: ELBI 0x015c : 0x00000000
01-01 00:00:16.542   186   186 I exynos-v920-pcie 161c1000.pcie: ELBI 0x0160 : 0x00000000
01-01 00:00:16.542   186   186 I exynos-v920-pcie 161c1000.pcie: ELBI 0x0164 : 0x00000000
01-01 00:00:16.542   186   186 I exynos-v920-pcie 161c1000.pcie: ELBI 0x0168 : 0x00000000
01-01 00:00:16.542   186   186 I exynos-v920-pcie 161c1000.pcie: ELBI 0x016c : 0x00000000
01-01 00:00:16.542   186   186 I exynos-v920-pcie 161c1000.pcie: ELBI 0x0170 : 0x00000000
01-01 00:00:16.542   186   186 I exynos-v920-pcie 161c1000.pcie: ELBI 0x0174 : 0x00000000
01-01 00:00:16.542   186   186 I exynos-v920-pcie 161c1000.pcie: ELBI 0x0178 : 0x00000000
01-01 00:00:16.542   186   186 I exynos-v920-pcie 161c1000.pcie: ELBI 0x017c : 0x00000000
01-01 00:00:16.542   186   186 I exynos-v920-pcie 161c1000.pcie: ELBI 0x0180 : 0x00000000
01-01 00:00:16.542   186   186 I exynos-v920-pcie 161c1000.pcie: ELBI 0x0184 : 0x00000000
01-01 00:00:16.542   186   186 I exynos-v920-pcie 161c1000.pcie: ELBI 0x0188 : 0x00000000
01-01 00:00:16.542   186   186 I exynos-v920-pcie 161c1000.pcie: ELBI 0x018c : 0x00000000
01-01 00:00:16.542   186   186 I exynos-v920-pcie 161c1000.pcie: ELBI 0x0190 : 0x00000000
01-01 00:00:16.542   186   186 I exynos-v920-pcie 161c1000.pcie: ELBI 0x0194 : 0x00000000
01-01 00:00:16.542   186   186 I exynos-v920-pcie 161c1000.pcie: ELBI 0x0198 : 0x00000000
01-01 00:00:16.542   186   186 I exynos-v920-pcie 161c1000.pcie: ELBI 0x019c : 0x00000000
01-01 00:00:16.543   186   186 I exynos-v920-pcie 161c1000.pcie: ELBI 0x01a0 : 0x00000000
01-01 00:00:16.543   186   186 I exynos-v920-pcie 161c1000.pcie: ELBI 0x01a4 : 0x00000000
01-01 00:00:16.543   186   186 I exynos-v920-pcie 161c1000.pcie: ELBI 0x01a8 : 0x00000000
01-01 00:00:16.543   186   186 I exynos-v920-pcie 161c1000.pcie: ELBI 0x01ac : 0x00000000
01-01 00:00:16.543   718   718 I         : sxgmac 16d68000.ethernet socnet0: FPE workqueue start
01-01 00:00:16.543   718   718 I         : sxgmac 16d68000.ethernet socnet0: configuring for phy/rgmii-id link mode
01-01 00:00:16.543    43    43 I         : sxgmac 16d68000.ethernet socnet0: Link is Up - 1Gbps/Full - flow control off
01-01 00:00:16.543   186   186 I exynos-v920-pcie 161c1000.pcie: ELBI 0x01b0 : 0x00000000
01-01 00:00:16.543   186   186 I exynos-v920-pcie 161c1000.pcie: ELBI 0x01b4 : 0x00000000
01-01 00:00:16.543   186   186 I exynos-v920-pcie 161c1000.pcie: ELBI 0x01b8 : 0x00000000
01-01 00:00:16.543   186   186 I exynos-v920-pcie 161c1000.pcie: ELBI 0x01bc : 0x00000000
01-01 00:00:16.543   186   186 I exynos-v920-pcie 161c1000.pcie: ELBI 0x01c0 : 0x00000000
01-01 00:00:16.543   186   186 I exynos-v920-pcie 161c1000.pcie: ELBI 0x01c4 : 0x00000000
01-01 00:00:16.543   186   186 I exynos-v920-pcie 161c1000.pcie: ELBI 0x01c8 : 0x00000000
01-01 00:00:16.543   186   186 I exynos-v920-pcie 161c1000.pcie: ELBI 0x01cc : 0x00000000
01-01 00:00:16.543   186   186 I exynos-v920-pcie 161c1000.pcie: ELBI 0x01d0 : 0x00000000
01-01 00:00:16.543   186   186 I exynos-v920-pcie 161c1000.pcie: ELBI 0x01d4 : 0x00000000
01-01 00:00:16.543   186   186 I exynos-v920-pcie 161c1000.pcie: ELBI 0x01d8 : 0x00000000
01-01 00:00:16.543   186   186 I exynos-v920-pcie 161c1000.pcie: ELBI 0x01dc : 0x00000000
01-01 00:00:16.543   186   186 I exynos-v920-pcie 161c1000.pcie: ELBI 0x01e0 : 0x00000000
01-01 00:00:16.543   186   186 I exynos-v920-pcie 161c1000.pcie: ELBI 0x01e4 : 0x00000000
01-01 00:00:16.543   186   186 I exynos-v920-pcie 161c1000.pcie: ELBI 0x01e8 : 0x00000000
01-01 00:00:16.543   186   186 I exynos-v920-pcie 161c1000.pcie: ELBI 0x01ec : 0x00000000
01-01 00:00:16.543   186   186 I exynos-v920-pcie 161c1000.pcie: ELBI 0x01f0 : 0x00000000
01-01 00:00:16.543   186   186 I exynos-v920-pcie 161c1000.pcie: ELBI 0x01f4 : 0x00000000
01-01 00:00:16.543   186   186 I exynos-v920-pcie 161c1000.pcie: ELBI 0x01f8 : 0x00000000
01-01 00:00:16.543   186   186 I exynos-v920-pcie 161c1000.pcie: ELBI 0x01fc : 0x00000000
01-01 00:00:16.543   186   186 I exynos-v920-pcie 161c1000.pcie: ELBI 0x0200 : 0x00000000
01-01 00:00:16.543   186   186 I exynos-v920-pcie 161c1000.pcie: ELBI 0x0204 : 0x00000000
01-01 00:00:16.543   186   186 I exynos-v920-pcie 161c1000.pcie: ELBI 0x0208 : 0x00000000
01-01 00:00:16.543   186   186 I exynos-v920-pcie 161c1000.pcie: ELBI 0x020c : 0x00000000
01-01 00:00:16.543   186   186 I exynos-v920-pcie 161c1000.pcie: ELBI 0x0210 : 0x00000000
01-01 00:00:16.543   186   186 I exynos-v920-pcie 161c1000.pcie: ELBI 0x0214 : 0x00000000
01-01 00:00:16.543   186   186 I exynos-v920-pcie 161c1000.pcie: ELBI 0x0218 : 0x00000000
01-01 00:00:16.543   186   186 I exynos-v920-pcie 161c1000.pcie: ELBI 0x021c : 0x00000000
01-01 00:00:16.544   186   186 I exynos-v920-pcie 161c1000.pcie: ELBI 0x0220 : 0x00000000
01-01 00:00:16.544   186   186 I exynos-v920-pcie 161c1000.pcie: ELBI 0x0224 : 0x00000000
01-01 00:00:16.544   186   186 I exynos-v920-pcie 161c1000.pcie: ELBI 0x0228 : 0x00000000
01-01 00:00:16.544   186   186 I exynos-v920-pcie 161c1000.pcie: ELBI 0x022c : 0x00000000
01-01 00:00:16.544   186   186 I exynos-v920-pcie 161c1000.pcie: ELBI 0x0230 : 0x00000000
01-01 00:00:16.544   186   186 I exynos-v920-pcie 161c1000.pcie: ELBI 0x0234 : 0x00000000
01-01 00:00:16.544   186   186 I exynos-v920-pcie 161c1000.pcie: ELBI 0x0238 : 0x00000000
01-01 00:00:16.544   186   186 I exynos-v920-pcie 161c1000.pcie: ELBI 0x023c : 0x00000000
01-01 00:00:16.544   186   186 I exynos-v920-pcie 161c1000.pcie: ELBI 0x0240 : 0x00000000
01-01 00:00:16.544   186   186 I exynos-v920-pcie 161c1000.pcie: ELBI 0x0244 : 0x00000000
01-01 00:00:16.544   186   186 I exynos-v920-pcie 161c1000.pcie: ELBI 0x0248 : 0x00000000
01-01 00:00:16.544   186   186 I exynos-v920-pcie 161c1000.pcie: ELBI 0x024c : 0x00000000
01-01 00:00:16.544   186   186 I exynos-v920-pcie 161c1000.pcie: ELBI 0x0250 : 0x00000000
01-01 00:00:16.544   186   186 I exynos-v920-pcie 161c1000.pcie: ELBI 0x0254 : 0x00000000
01-01 00:00:16.544   186   186 I exynos-v920-pcie 161c1000.pcie: ELBI 0x0258 : 0x00000000
01-01 00:00:16.544   186   186 I exynos-v920-pcie 161c1000.pcie: ELBI 0x025c : 0x00000000
01-01 00:00:16.544   186   186 I exynos-v920-pcie 161c1000.pcie: ELBI 0x0260 : 0x00000000
01-01 00:00:16.544   186   186 I exynos-v920-pcie 161c1000.pcie: ELBI 0x0264 : 0x00000000
01-01 00:00:16.544   186   186 I exynos-v920-pcie 161c1000.pcie: ELBI 0x0268 : 0x00000000
01-01 00:00:16.544   186   186 I exynos-v920-pcie 161c1000.pcie: ELBI 0x026c : 0x00000000
01-01 00:00:16.544   186   186 I exynos-v920-pcie 161c1000.pcie: ELBI 0x0270 : 0x00000000
01-01 00:00:16.544   186   186 I exynos-v920-pcie 161c1000.pcie: ELBI 0x0274 : 0x00000000
01-01 00:00:16.544   186   186 I exynos-v920-pcie 161c1000.pcie: ELBI 0x0278 : 0x00000000
01-01 00:00:16.544   186   186 I exynos-v920-pcie 161c1000.pcie: ELBI 0x027c : 0x00000000
01-01 00:00:16.544   186   186 I exynos-v920-pcie 161c1000.pcie: ELBI 0x0280 : 0x00000000
01-01 00:00:16.544   186   186 I exynos-v920-pcie 161c1000.pcie: ELBI 0x0284 : 0x00000000
01-01 00:00:16.544   186   186 I exynos-v920-pcie 161c1000.pcie: ELBI 0x0288 : 0x00000000
01-01 00:00:16.544   186   186 I exynos-v920-pcie 161c1000.pcie: ELBI 0x028c : 0x00000000
01-01 00:00:16.544   186   186 I exynos-v920-pcie 161c1000.pcie: ELBI 0x0290 : 0x00000000
01-01 00:00:16.543   530   530 I auditd  : type=1400 audit(0.0:724): avc: denied { create } for comm="ffff_io00" scontext=u:r:bmw_cdcsync_service:s0 tcontext=u:r:bmw_cdcsync_service:s0 tclass=udp_socket permissive=1
01-01 00:00:16.543   610   610 I auditd  : type=1400 audit(0.0:725): avc: denied { create } for comm="ffff_io01" scontext=u:r:hal_telematicsinfo_default:s0 tcontext=u:r:hal_telematicsinfo_default:s0 tclass=udp_socket permissive=1
01-01 00:00:16.544   186   186 I exynos-v920-pcie 161c1000.pcie: ELBI 0x0294 : 0x00000000
01-01 00:00:16.544   186   186 I exynos-v920-pcie 161c1000.pcie: ELBI 0x0298 : 0x00000000
01-01 00:00:16.544   186   186 I exynos-v920-pcie 161c1000.pcie: ELBI 0x029c : 0x00000000
01-01 00:00:16.544   186   186 I exynos-v920-pcie 161c1000.pcie: ELBI 0x02a0 : 0x00000000
01-01 00:00:16.544   186   186 I exynos-v920-pcie 161c1000.pcie: ELBI 0x02a4 : 0x00000000
01-01 00:00:16.544   186   186 I exynos-v920-pcie 161c1000.pcie: ELBI 0x02a8 : 0x00000000
01-01 00:00:16.544   186   186 I exynos-v920-pcie 161c1000.pcie: ELBI 0x02ac : 0x00000000
01-01 00:00:16.544   186   186 I exynos-v920-pcie 161c1000.pcie: ELBI 0x02b0 : 0x00000000
01-01 00:00:16.544   186   186 I exynos-v920-pcie 161c1000.pcie: ELBI 0x02b4 : 0x00000000
01-01 00:00:16.544   186   186 I exynos-v920-pcie 161c1000.pcie: ELBI 0x02b8 : 0x00000000
01-01 00:00:16.544   186   186 I exynos-v920-pcie 161c1000.pcie: ELBI 0x02bc : 0x00000000
01-01 00:00:16.544   186   186 I exynos-v920-pcie 161c1000.pcie: ELBI 0x02c0 : 0x00000000
01-01 00:00:16.544   186   186 I exynos-v920-pcie 161c1000.pcie:  
01-01 00:00:16.544   186   186 I exynos-v920-pcie 161c1000.pcie: Print PHY region...
01-01 00:00:16.544   186   186 I exynos-v920-pcie 161c1000.pcie: PHY PMA 0x0000 : 0x000074cd
01-01 00:00:16.544   186   186 I exynos-v920-pcie 161c1000.pcie: PHY PMA 0x0004 : 0x00006d44
01-01 00:00:16.544   186   186 I exynos-v920-pcie 161c1000.pcie: PHY PMA 0x0008 : 0x00000e00
01-01 00:00:16.544   186   186 I exynos-v920-pcie 161c1000.pcie: PHY PMA 0x000c : 0x00000e00
01-01 00:00:16.544   186   186 I exynos-v920-pcie 161c1000.pcie: PHY PMA 0x0010 : 0x00000387
01-01 00:00:16.544   186   186 I exynos-v920-pcie 161c1000.pcie: PHY PMA 0x0014 : 0x00000000
01-01 00:00:16.544   186   186 I exynos-v920-pcie 161c1000.pcie: PHY PMA 0x0018 : 0x00000000
01-01 00:00:16.544   186   186 I exynos-v920-pcie 161c1000.pcie: PHY PMA 0x001c : 0x00000120
01-01 00:00:16.544   186   186 I exynos-v920-pcie 161c1000.pcie: PHY PMA 0x0020 : 0x00000019
01-01 00:00:16.544   186   186 I exynos-v920-pcie 161c1000.pcie: PHY PMA 0x0024 : 0x00000002
01-01 00:00:16.544   186   186 I exynos-v920-pcie 161c1000.pcie: PHY PMA 0x0028 : 0x00000043
01-01 00:00:16.544   186   186 I exynos-v920-pcie 161c1000.pcie: PHY PMA 0x002c : 0x00000043
01-01 00:00:16.544   186   186 I exynos-v920-pcie 161c1000.pcie: PHY PMA 0x0030 : 0x00000000
01-01 00:00:16.544   186   186 I exynos-v920-pcie 161c1000.pcie: PHY PMA 0x0034 : 0x00000000
01-01 00:00:16.544   186   186 I exynos-v920-pcie 161c1000.pcie: PHY PMA 0x0038 : 0x00000000
01-01 00:00:16.544   186   186 I exynos-v920-pcie 161c1000.pcie: PHY PMA 0x003c : 0x00000000
01-01 00:00:16.544   186   186 I exynos-v920-pcie 161c1000.pcie: PHY PMA 0x0040 : 0x00000000
01-01 00:00:16.544   186   186 I exynos-v920-pcie 161c1000.pcie: PHY PMA 0x0044 : 0x00000000
01-01 00:00:16.544   186   186 I exynos-v920-pcie 161c1000.pcie: PHY PMA 0x0048 : 0x00000000
01-01 00:00:16.544   186   186 I exynos-v920-pcie 161c1000.pcie: PHY PMA 0x004c : 0x00000120
01-01 00:00:16.544   186   186 I exynos-v920-pcie 161c1000.pcie: PHY PMA 0x0050 : 0x00000019
01-01 00:00:16.544   186   186 I exynos-v920-pcie 161c1000.pcie: PHY PMA 0x0054 : 0x00000007
01-01 00:00:16.544   186   186 I exynos-v920-pcie 161c1000.pcie: PHY PMA 0x0058 : 0x00000043
01-01 00:00:16.544   186   186 I exynos-v920-pcie 161c1000.pcie: PHY PMA 0x005c : 0x00000043
01-01 00:00:16.544   186   186 I exynos-v920-pcie 161c1000.pcie: PHY PMA 0x0060 : 0x00000000
01-01 00:00:16.544   186   186 I exynos-v920-pcie 161c1000.pcie: PHY PMA 0x0064 : 0x00000000
01-01 00:00:16.544   186   186 I exynos-v920-pcie 161c1000.pcie: PHY PMA 0x0068 : 0x00000000
01-01 00:00:16.544   186   186 I exynos-v920-pcie 161c1000.pcie: PHY PMA 0x006c : 0x00000000
01-01 00:00:16.544   186   186 I exynos-v920-pcie 161c1000.pcie: PHY PMA 0x0070 : 0x00000000
01-01 00:00:16.544   186   186 I exynos-v920-pcie 161c1000.pcie: PHY PMA 0x0074 : 0x00000000
01-01 00:00:16.544   186   186 I exynos-v920-pcie 161c1000.pcie: PHY PMA 0x0078 : 0x00000000
01-01 00:00:16.544   186   186 I exynos-v920-pcie 161c1000.pcie: PHY PMA 0x007c : 0x00000008
01-01 00:00:16.544   186   186 I exynos-v920-pcie 161c1000.pcie: PHY PMA 0x0080 : 0x00000000
01-01 00:00:16.544   186   186 I exynos-v920-pcie 161c1000.pcie: PHY PMA 0x0084 : 0x00000000
01-01 00:00:16.544   186   186 I exynos-v920-pcie 161c1000.pcie: PHY PMA 0x0088 : 0x00000010
01-01 00:00:16.544   186   186 I exynos-v920-pcie 161c1000.pcie: PHY PMA 0x008c : 0x00000010
01-01 00:00:16.544   186   186 I exynos-v920-pcie 161c1000.pcie: PHY PMA 0x0090 : 0x00000000
01-01 00:00:16.544   186   186 I exynos-v920-pcie 161c1000.pcie: PHY PMA 0x0094 : 0x00002160
01-01 00:00:16.544   186   186 I exynos-v920-pcie 161c1000.pcie: PHY PMA 0x0098 : 0x00000064
01-01 00:00:16.544   186   186 I exynos-v920-pcie 161c1000.pcie: PHY PMA 0x009c : 0x0000062f
01-01 00:00:16.544   186   186 I exynos-v920-pcie 161c1000.pcie: PHY PMA 0x00a0 : 0x0000062f
01-01 00:00:16.544   186   186 I exynos-v920-pcie 161c1000.pcie: PHY PMA 0x00a4 : 0x00000000
01-01 00:00:16.544   186   186 I exynos-v920-pcie 161c1000.pcie: PHY PMA 0x00a8 : 0x00000c63
01-01 00:00:16.544   186   186 I exynos-v920-pcie 161c1000.pcie: PHY PMA 0x00ac : 0x00000000
01-01 00:00:16.544   186   186 I exynos-v920-pcie 161c1000.pcie: PHY PMA 0x00b0 : 0x00002666
01-01 00:00:16.544   186   186 I exynos-v920-pcie 161c1000.pcie: PHY PMA 0x00b4 : 0x00000000
01-01 00:00:16.544   186   186 I exynos-v920-pcie 161c1000.pcie: PHY PMA 0x00b8 : 0x00000000
01-01 00:00:16.544   186   186 I exynos-v920-pcie 161c1000.pcie: PHY PMA 0x00bc : 0x00000000
01-01 00:00:16.544   186   186 I exynos-v920-pcie 161c1000.pcie: PHY PMA 0x00c0 : 0x00006421
01-01 00:00:16.544   186   186 I exynos-v920-pcie 161c1000.pcie: PHY PMA 0x00c4 : 0x000000a0
01-01 00:00:16.544   186   186 I exynos-v920-pcie 161c1000.pcie: PHY PMA 0x00c8 : 0x0000062f
01-01 00:00:16.544   186   186 I exynos-v920-pcie 161c1000.pcie: PHY PMA 0x00cc : 0x0000062f
01-01 00:00:16.544   186   186 I exynos-v920-pcie 161c1000.pcie: PHY PMA 0x00d0 : 0x00000000
01-01 00:00:16.544   186   186 I exynos-v920-pcie 161c1000.pcie: PHY PMA 0x00d4 : 0x000013d1
01-01 00:00:16.544   186   186 I exynos-v920-pcie 161c1000.pcie: PHY PMA 0x00d8 : 0x00000000
01-01 00:00:16.544   186   186 I exynos-v920-pcie 161c1000.pcie: PHY PMA 0x00dc : 0x00003d71
01-01 00:00:16.544   186   186 I exynos-v920-pcie 161c1000.pcie: PHY PMA 0x00e0 : 0x00000000
01-01 00:00:16.544   186   186 I exynos-v920-pcie 161c1000.pcie: PHY PMA 0x00e4 : 0x00000000
01-01 00:00:16.544   186   186 I exynos-v920-pcie 161c1000.pcie: PHY PMA 0x00e8 : 0x00000000
01-01 00:00:16.544   186   186 I exynos-v920-pcie 161c1000.pcie: PHY PMA 0x00ec : 0x00000200
01-01 00:00:16.544   186   186 I exynos-v920-pcie 161c1000.pcie: PHY PMA 0x00f0 : 0x00000f23
01-01 00:00:16.544   186   186 I exynos-v920-pcie 161c1000.pcie: PHY PMA 0x00f4 : 0x00000f23
01-01 00:00:16.544   186   186 I exynos-v920-pcie 161c1000.pcie: PHY PMA 0x00f8 : 0x00000000
01-01 00:00:16.544   186   186 I exynos-v920-pcie 161c1000.pcie: PHY PMA 0x00fc : 0x00001300
01-01 00:00:16.544   186   186 I exynos-v920-pcie 161c1000.pcie: PHY PMA 0x0100 : 0x0000c005
01-01 00:00:16.543   530   530 I auditd  : type=1400 audit(0.0:726): avc: denied { ioctl } for comm="ffff_io00" path="socket:[24000]" dev="sockfs" ino=24000 ioctlcmd=0x8910 scontext=u:r:bmw_cdcsync_service:s0 tcontext=u:r:bmw_cdcsync_service:s0 tclass=udp_socket permissive=1
01-01 00:00:16.543   610   610 I auditd  : type=1400 audit(0.0:727): avc: denied { ioctl } for comm="ffff_io01" path="socket:[23231]" dev="sockfs" ino=23231 ioctlcmd=0x8910 scontext=u:r:hal_telematicsinfo_default:s0 tcontext=u:r:hal_telematicsinfo_default:s0 tclass=udp_socket permissive=1
01-01 00:00:16.543   571   571 I auditd  : type=1400 audit(0.0:728): avc: denied { create } for comm="ffff_io01" scontext=u:r:hal_lifecycle_default:s0 tcontext=u:r:hal_lifecycle_default:s0 tclass=udp_socket permissive=1
01-01 00:00:16.543   486   486 I auditd  : type=1400 audit(0.0:729): avc: denied { create } for comm="ffff_io00" scontext=u:r:hal_audiodiag_default:s0 tcontext=u:r:hal_audiodiag_default:s0 tclass=udp_socket permissive=1
01-01 00:00:16.543   571   571 I auditd  : type=1400 audit(0.0:730): avc: denied { ioctl } for comm="ffff_io01" path="socket:[23232]" dev="sockfs" ino=23232 ioctlcmd=0x8910 scontext=u:r:hal_lifecycle_default:s0 tcontext=u:r:hal_lifecycle_default:s0 tclass=udp_socket permissive=1
01-01 00:00:16.543   486   486 I auditd  : type=1400 audit(0.0:731): avc: denied { ioctl } for comm="ffff_io00" path="socket:[24001]" dev="sockfs" ino=24001 ioctlcmd=0x8910 scontext=u:r:hal_audiodiag_default:s0 tcontext=u:r:hal_audiodiag_default:s0 tclass=udp_socket permissive=1
01-01 00:00:16.543   661   661 I auditd  : type=1400 audit(0.0:732): avc: denied { create } for comm="ffff_io00" scontext=u:r:bmw_rsu_service:s0 tcontext=u:r:bmw_rsu_service:s0 tclass=udp_socket permissive=1
01-01 00:00:16.543   661   661 I auditd  : type=1400 audit(0.0:733): avc: denied { ioctl } for comm="ffff_io00" path="socket:[24641]" dev="sockfs" ino=24641 ioctlcmd=0x8910 scontext=u:r:bmw_rsu_service:s0 tcontext=u:r:bmw_rsu_service:s0 tclass=udp_socket permissive=1
01-01 00:00:16.543   570   570 I auditd  : type=1400 audit(0.0:734): avc: denied { create } for comm="ffff_io01" scontext=u:r:bmw_itasu_service:s0 tcontext=u:r:bmw_itasu_service:s0 tclass=udp_socket permissive=1
01-01 00:00:16.543   570   570 I auditd  : type=1400 audit(0.0:735): avc: denied { ioctl } for comm="ffff_io01" path="socket:[23233]" dev="sockfs" ino=23233 ioctlcmd=0x8910 scontext=u:r:bmw_itasu_service:s0 tcontext=u:r:bmw_itasu_service:s0 tclass=udp_socket permissive=1
01-01 00:00:16.543   532   532 I auditd  : type=1400 audit(0.0:736): avc: denied { create } for comm="ffff_io00" scontext=u:r:bmw_drivingexcitement_service:s0 tcontext=u:r:bmw_drivingexcitement_service:s0 tclass=udp_socket permissive=1
01-01 00:00:16.543   532   532 I auditd  : type=1400 audit(0.0:737): avc: denied { ioctl } for comm="ffff_io00" path="socket:[23234]" dev="sockfs" ino=23234 ioctlcmd=0x8910 scontext=u:r:bmw_drivingexcitement_service:s0 tcontext=u:r:bmw_drivingexcitement_service:s0 tclass=udp_socket permissive=1
01-01 00:00:16.543   622   622 I auditd  : type=1400 audit(0.0:738): avc: denied { create } for comm="ffff_io01" scontext=u:r:hal_bmwtvstream_default:s0 tcontext=u:r:hal_bmwtvstream_default:s0 tclass=udp_socket permissive=1
01-01 00:00:16.543   622   622 I auditd  : type=1400 audit(0.0:739): avc: denied { ioctl } for comm="ffff_io01" path="socket:[23235]" dev="sockfs" ino=23235 ioctlcmd=0x8910 scontext=u:r:hal_bmwtvstream_default:s0 tcontext=u:r:hal_bmwtvstream_default:s0 tclass=udp_socket permissive=1
01-01 00:00:16.543   614   614 I auditd  : type=1400 audit(0.0:740): avc: denied { create } for comm="ffff_io00" scontext=u:r:hal_timezonesync_default:s0 tcontext=u:r:hal_timezonesync_default:s0 tclass=udp_socket permissive=1
01-01 00:00:16.543   614   614 I auditd  : type=1400 audit(0.0:741): avc: denied { ioctl } for comm="ffff_io00" path="socket:[23236]" dev="sockfs" ino=23236 ioctlcmd=0x8910 scontext=u:r:hal_timezonesync_default:s0 tcontext=u:r:hal_timezonesync_default:s0 tclass=udp_socket permissive=1
01-01 00:00:16.543   561   561 I auditd  : type=1400 audit(0.0:742): avc: denied { create } for comm="ffff_io00" scontext=u:r:hal_bmwfortune_default:s0 tcontext=u:r:hal_bmwfortune_default:s0 tclass=udp_socket permissive=1
01-01 00:00:16.543   561   561 I auditd  : type=1400 audit(0.0:743): avc: denied { ioctl } for comm="ffff_io00" path="socket:[23237]" dev="sockfs" ino=23237 ioctlcmd=0x8910 scontext=u:r:hal_bmwfortune_default:s0 tcontext=u:r:hal_bmwfortune_default:s0 tclass=udp_socket permissive=1
01-01 00:00:16.543   475   475 I auditd  : type=1400 audit(0.0:744): avc: denied { create } for comm="ffff_io00" scontext=u:r:hal_bmwtuner_default:s0 tcontext=u:r:hal_bmwtuner_default:s0 tclass=udp_socket permissive=1
01-01 00:00:16.543   475   475 I auditd  : type=1400 audit(0.0:745): avc: denied { ioctl } for comm="ffff_io00" path="socket:[23238]" dev="sockfs" ino=23238 ioctlcmd=0x8910 scontext=u:r:hal_bmwtuner_default:s0 tcontext=u:r:hal_bmwtuner_default:s0 tclass=udp_socket permissive=1
01-01 00:00:16.543   465   465 I auditd  : type=1400 audit(0.0:746): avc: denied { create } for comm="ffff_io00" scontext=u:r:hal_countrydummyproxy_default:s0 tcontext=u:r:hal_countrydummyproxy_default:s0 tclass=udp_socket permissive=1
01-01 00:00:16.543   465   465 I auditd  : type=1400 audit(0.0:747): avc: denied { ioctl } for comm="ffff_io00" path="socket:[23239]" dev="sockfs" ino=23239 ioctlcmd=0x8910 scontext=u:r:hal_countrydummyproxy_default:s0 tcontext=u:r:hal_countrydummyproxy_default:s0 tclass=udp_socket permissive=1
01-01 00:00:16.543   587   587 I auditd  : type=1400 audit(0.0:748): avc: denied { create } for comm="ffff_io01" scontext=u:r:bmw_factory_reset_service:s0 tcontext=u:r:bmw_factory_reset_service:s0 tclass=udp_socket permissive=1
01-01 00:00:16.543   587   587 I auditd  : type=1400 audit(0.0:749): avc: denied { ioctl } for comm="ffff_io01" path="socket:[23240]" dev="sockfs" ino=23240 ioctlcmd=0x8910 scontext=u:r:bmw_factory_reset_service:s0 tcontext=u:r:bmw_factory_reset_service:s0 tclass=udp_socket permissive=1
01-01 00:00:16.543   572   572 I auditd  : type=1400 audit(0.0:750): avc: denied { create } for comm="ffff_io01" scontext=u:r:bmw_privacy_service:s0 tcontext=u:r:bmw_privacy_service:s0 tclass=udp_socket permissive=1
01-01 00:00:16.543   572   572 I auditd  : type=1400 audit(0.0:751): avc: denied { ioctl } for comm="ffff_io01" path="socket:[23241]" dev="sockfs" ino=23241 ioctlcmd=0x8910 scontext=u:r:bmw_privacy_service:s0 tcontext=u:r:bmw_privacy_service:s0 tclass=udp_socket permissive=1
01-01 00:00:16.543   604   604 I auditd  : type=1400 audit(0.0:752): avc: denied { create } for comm="ffff_io01" scontext=u:r:bmw_telematics_service:s0 tcontext=u:r:bmw_telematics_service:s0 tclass=udp_socket permissive=1
01-01 00:00:16.543   604   604 I auditd  : type=1400 audit(0.0:753): avc: denied { ioctl } for comm="ffff_io01" path="socket:[23242]" dev="sockfs" ino=23242 ioctlcmd=0x8910 scontext=u:r:bmw_telematics_service:s0 tcontext=u:r:bmw_telematics_service:s0 tclass=udp_socket permissive=1
01-01 00:00:16.543   621   621 I auditd  : type=1400 audit(0.0:754): avc: denied { create } for comm="ffff_io00" scontext=u:r:hal_bmwtvcontrol_default:s0 tcontext=u:r:hal_bmwtvcontrol_default:s0 tclass=udp_socket permissive=1
01-01 00:00:16.543   621   621 I auditd  : type=1400 audit(0.0:755): avc: denied { ioctl } for comm="ffff_io00" path="socket:[23243]" dev="sockfs" ino=23243 ioctlcmd=0x8910 scontext=u:r:hal_bmwtvcontrol_default:s0 tcontext=u:r:hal_bmwtvcontrol_default:s0 tclass=udp_socket permissive=1
01-01 00:00:16.543   507   507 I auditd  : type=1400 audit(0.0:756): avc: denied { create } for comm="ffff_io01" scontext=u:r:bmw_ccmessage_service:s0 tcontext=u:r:bmw_ccmessage_service:s0 tclass=udp_socket permissive=1
01-01 00:00:16.543   507   507 I auditd  : type=1400 audit(0.0:757): avc: denied { ioctl } for comm="ffff_io01" path="socket:[23244]" dev="sockfs" ino=23244 ioctlcmd=0x8910 scontext=u:r:bmw_ccmessage_service:s0 tcontext=u:r:bmw_ccmessage_service:s0 tclass=udp_socket permissive=1
01-01 00:00:16.543   560   560 I auditd  : type=1400 audit(0.0:758): avc: denied { create } for comm="ffff_io00" scontext=u:r:bmw_dsm_service:s0 tcontext=u:r:bmw_dsm_service:s0 tclass=udp_socket permissive=1
01-01 00:00:16.543   560   560 I auditd  : type=1400 audit(0.0:759): avc: denied { ioctl } for comm="ffff_io00" path="socket:[23245]" dev="sockfs" ino=23245 ioctlcmd=0x8910 scontext=u:r:bmw_dsm_service:s0 tcontext=u:r:bmw_dsm_service:s0 tclass=udp_socket permissive=1
01-01 00:00:16.543   476   476 I auditd  : type=1400 audit(0.0:760): avc: denied { create } for comm="ffff_io00" scontext=u:r:hal_amplifier_default:s0 tcontext=u:r:hal_amplifier_default:s0 tclass=udp_socket permissive=1
01-01 00:00:16.543   476   476 I auditd  : type=1400 audit(0.0:761): avc: denied { ioctl } for comm="ffff_io00" path="socket:[23246]" dev="sockfs" ino=23246 ioctlcmd=0x8910 scontext=u:r:hal_amplifier_default:s0 tcontext=u:r:hal_amplifier_default:s0 tclass=udp_socket permissive=1
01-01 00:00:16.543   510   510 I auditd  : type=1400 audit(0.0:762): avc: denied { create } for comm="ffff_io01" scontext=u:r:hal_broadcastradio_default:s0 tcontext=u:r:hal_broadcastradio_default:s0 tclass=udp_socket permissive=1
01-01 00:00:16.543   510   510 I auditd  : type=1400 audit(0.0:763): avc: denied { ioctl } for comm="ffff_io01" path="socket:[23247]" dev="sockfs" ino=23247 ioctlcmd=0x8910 scontext=u:r:hal_broadcastradio_default:s0 tcontext=u:r:hal_broadcastradio_default:s0 tclass=udp_socket permissive=1
01-01 00:00:16.543   529   529 I auditd  : type=1400 audit(0.0:764): avc: denied { create } for comm="ffff_io01" scontext=u:r:hal_carplayaudio_default:s0 tcontext=u:r:hal_carplayaudio_default:s0 tclass=udp_socket permissive=1
01-01 00:00:16.543   529   529 I auditd  : type=1400 audit(0.0:765): avc: denied { ioctl } for comm="ffff_io01" path="socket:[23248]" dev="sockfs" ino=23248 ioctlcmd=0x8910 scontext=u:r:hal_carplayaudio_default:s0 tcontext=u:r:hal_carplayaudio_default:s0 tclass=udp_socket permissive=1
01-01 00:00:16.543   508   508 I auditd  : type=1400 audit(0.0:766): avc: denied { create } for comm="ffff_io00" scontext=u:r:bmw_occupancydetection_service:s0 tcontext=u:r:bmw_occupancydetection_service:s0 tclass=udp_socket permissive=1
01-01 00:00:16.543   508   508 I auditd  : type=1400 audit(0.0:767): avc: denied { ioctl } for comm="ffff_io00" path="socket:[23249]" dev="sockfs" ino=23249 ioctlcmd=0x8910 scontext=u:r:bmw_occupancydetection_service:s0 tcontext=u:r:bmw_occupancydetection_service:s0 tclass=udp_socket permissive=1
01-01 00:00:16.543   486   486 I auditd  : type=1400 audit(0.0:768): avc: denied { create } for comm="ffff_io00" scontext=u:r:hal_audiodiag_default:s0 tcontext=u:r:hal_audiodiag_default:s0 tclass=udp_socket permissive=1
01-01 00:00:16.543   486   486 I auditd  : type=1400 audit(0.0:769): avc: denied { ioctl } for comm="ffff_io00" path="socket:[24005]" dev="sockfs" ino=24005 ioctlcmd=0x8910 scontext=u:r:hal_audiodiag_default:s0 tcontext=u:r:hal_audiodiag_default:s0 tclass=udp_socket permissive=1
01-01 00:00:16.563   725   725 I auditd  : type=1400 audit(0.0:770): avc: denied { create } for comm="ip" scontext=u:r:vendor_init:s0 tcontext=u:r:vendor_init:s0 tclass=netlink_route_socket permissive=1
01-01 00:00:16.548   718   718 I 8021q   : adding VLAN 0 to HW filter on device socnet0
01-01 00:00:16.550   718   718 I         : ip (718) used greatest stack depth: 9872 bytes left
01-01 00:00:16.550     1     1 I init    : Service 'exec 17 (/system/bin/ip link set eth0 name socnet0 up)' (pid 718) exited with status 0 waiting took 0.055000 seconds
01-01 00:00:16.550     1     1 I init    : Sending signal 9 to service 'exec 17 (/system/bin/ip link set eth0 name socnet0 up)' (pid 718) process group...
01-01 00:00:16.550     1     1 I libprocessgroup: Successfully killed process cgroup uid 0 pid 718 in 0ms
01-01 00:00:16.551     1     1 I init    : starting service 'exec 18 (/system/bin/ip link set eth1 name socnet1)'...
01-01 00:00:16.551   186   186 I exynos-v920-pcie 161c1000.pcie: PHY PMA 0x0104 : 0x00006954
01-01 00:00:16.551   186   186 I exynos-v920-pcie 161c1000.pcie: PHY PMA 0x0108 : 0x00000000
01-01 00:00:16.551   186   186 I exynos-v920-pcie 161c1000.pcie: PHY PMA 0x010c : 0x00000000
01-01 00:00:16.551   186   186 I exynos-v920-pcie 161c1000.pcie: PHY PMA 0x0110 : 0x00000000
01-01 00:00:16.551   186   186 I exynos-v920-pcie 161c1000.pcie: PHY PMA 0x0114 : 0x00000002
01-01 00:00:16.551   186   186 I exynos-v920-pcie 161c1000.pcie: PHY PMA 0x0118 : 0x00000000
01-01 00:00:16.551   186   186 I exynos-v920-pcie 161c1000.pcie: PHY PMA 0x011c : 0x00000000
01-01 00:00:16.551   186   186 I exynos-v920-pcie 161c1000.pcie: PHY PMA 0x0120 : 0x00000000
01-01 00:00:16.551   186   186 I exynos-v920-pcie 161c1000.pcie: PHY PMA 0x0124 : 0x00000000
01-01 00:00:16.551   186   186 I exynos-v920-pcie 161c1000.pcie: PHY PMA 0x0128 : 0x00000000
01-01 00:00:16.551   186   186 I exynos-v920-pcie 161c1000.pcie: PHY PMA 0x012c : 0x00000000
01-01 00:00:16.551   186   186 I exynos-v920-pcie 161c1000.pcie: PHY PMA 0x0130 : 0x00000000
01-01 00:00:16.551   186   186 I exynos-v920-pcie 161c1000.pcie: PHY PMA 0x0134 : 0x00000000
01-01 00:00:16.551   186   186 I exynos-v920-pcie 161c1000.pcie: PHY PMA 0x0138 : 0x00000000
01-01 00:00:16.551   186   186 I exynos-v920-pcie 161c1000.pcie: PHY PMA 0x013c : 0x00000000
01-01 00:00:16.551   186   186 I exynos-v920-pcie 161c1000.pcie: PHY PMA 0x0140 : 0x00000000
01-01 00:00:16.551   186   186 I exynos-v920-pcie 161c1000.pcie: PHY PMA 0x0144 : 0x00000000
01-01 00:00:16.551   186   186 I exynos-v920-pcie 161c1000.pcie: PHY PMA 0x0148 : 0x00000000
01-01 00:00:16.551   186   186 I exynos-v920-pcie 161c1000.pcie: PHY PMA 0x014c : 0x00000000
01-01 00:00:16.551   186   186 I exynos-v920-pcie 161c1000.pcie: PHY PMA 0x0150 : 0x00000000
01-01 00:00:16.551   186   186 I exynos-v920-pcie 161c1000.pcie: PHY PMA 0x0154 : 0x00000000
01-01 00:00:16.551   186   186 I exynos-v920-pcie 161c1000.pcie: PHY PMA 0x0158 : 0x00000000
01-01 00:00:16.551   186   186 I exynos-v920-pcie 161c1000.pcie: PHY PMA 0x015c : 0x00000000
01-01 00:00:16.551   186   186 I exynos-v920-pcie 161c1000.pcie: PHY PMA 0x0160 : 0x00000000
01-01 00:00:16.551   186   186 I exynos-v920-pcie 161c1000.pcie: PHY PMA 0x0164 : 0x00000000
01-01 00:00:16.551   186   186 I exynos-v920-pcie 161c1000.pcie: PHY PMA 0x0168 : 0x00000000
01-01 00:00:16.551   186   186 I exynos-v920-pcie 161c1000.pcie: PHY PMA 0x016c : 0x00000000
01-01 00:00:16.551   186   186 I exynos-v920-pcie 161c1000.pcie: PHY PMA 0x0170 : 0x00000000
01-01 00:00:16.551   186   186 I exynos-v920-pcie 161c1000.pcie: PHY PMA 0x0174 : 0x00000000
01-01 00:00:16.551   186   186 I exynos-v920-pcie 161c1000.pcie: PHY PMA 0x0178 : 0x00000000
01-01 00:00:16.551   186   186 I exynos-v920-pcie 161c1000.pcie: PHY PMA 0x017c : 0x00000000
01-01 00:00:16.551   186   186 I exynos-v920-pcie 161c1000.pcie: PHY PMA 0x0180 : 0x00000000
01-01 00:00:16.551   186   186 I exynos-v920-pcie 161c1000.pcie: PHY PMA 0x0184 : 0x00000014
01-01 00:00:16.551   186   186 I exynos-v920-pcie 161c1000.pcie: PHY PMA 0x0188 : 0x000002ef
01-01 00:00:16.551   186   186 I exynos-v920-pcie 161c1000.pcie: PHY PMA 0x018c : 0x00000000
01-01 00:00:16.551   186   186 I exynos-v920-pcie 161c1000.pcie: PHY PMA 0x0190 : 0x00000000
01-01 00:00:16.551   186   186 I exynos-v920-pcie 161c1000.pcie: PHY PMA 0x0194 : 0x00000000
01-01 00:00:16.551   186   186 I exynos-v920-pcie 161c1000.pcie: PHY PMA 0x0198 : 0x0000002d
01-01 00:00:16.551   186   186 I exynos-v920-pcie 161c1000.pcie: PHY PMA 0x019c : 0x00000088
01-01 00:00:16.551   186   186 I exynos-v920-pcie 161c1000.pcie: PHY PMA 0x01a0 : 0x000002ef
01-01 00:00:16.551   186   186 I exynos-v920-pcie 161c1000.pcie: PHY PMA 0x01a4 : 0x00000000
01-01 00:00:16.551   186   186 I exynos-v920-pcie 161c1000.pcie: PHY PMA 0x01a8 : 0x00000000
01-01 00:00:16.551   186   186 I exynos-v920-pcie 161c1000.pcie: PHY PMA 0x01ac : 0x00000000
01-01 00:00:16.551   186   186 I exynos-v920-pcie 161c1000.pcie: PHY PMA 0x01b0 : 0x00000000
01-01 00:00:16.551   186   186 I exynos-v920-pcie 161c1000.pcie: PHY PMA 0x01b4 : 0x00000000
01-01 00:00:16.551   186   186 I exynos-v920-pcie 161c1000.pcie: PHY PMA 0x01b8 : 0x00000000
01-01 00:00:16.551   186   186 I exynos-v920-pcie 161c1000.pcie: PHY PMA 0x01bc : 0x00000000
01-01 00:00:16.551   186   186 I exynos-v920-pcie 161c1000.pcie: PHY PMA 0x01c0 : 0x00000082
01-01 00:00:16.551   186   186 I exynos-v920-pcie 161c1000.pcie: PHY PMA 0x01c4 : 0x00000082
01-01 00:00:16.551   186   186 I exynos-v920-pcie 161c1000.pcie: PHY PMA 0x01c8 : 0x00000068
01-01 00:00:16.551   186   186 I exynos-v920-pcie 161c1000.pcie: PHY PMA 0x01cc : 0x00000000
01-01 00:00:16.551   186   186 I exynos-v920-pcie 161c1000.pcie: PHY PMA 0x01d0 : 0x0000000b
01-01 00:00:16.551   186   186 I exynos-v920-pcie 161c1000.pcie: PHY PMA 0x01d4 : 0x00000003
01-01 00:00:16.551   186   186 I exynos-v920-pcie 161c1000.pcie: PHY PMA 0x01d8 : 0x00000000
01-01 00:00:16.551   186   186 I exynos-v920-pcie 161c1000.pcie: PHY PMA 0x01dc : 0x00000000
01-01 00:00:16.551   186   186 I exynos-v920-pcie 161c1000.pcie: PHY PMA 0x01e0 : 0x00000000
01-01 00:00:16.551   186   186 I exynos-v920-pcie 161c1000.pcie: PHY PMA 0x01e4 : 0x00000000
01-01 00:00:16.551   186   186 I exynos-v920-pcie 161c1000.pcie: PHY PMA 0x01e8 : 0x00000000
