01-01 00:00:15.622   435   435 I LibBpfLoader: map /sys/fs/bpf/map_gpu_work_gpu_work_map id 33
01-01 00:00:15.622   435   435 D LibBpfLoader: bpf_create_map name gpu_work_global_data, ret: 7
01-01 00:00:15.622   435   435 I LibBpfLoader: map /sys/fs/bpf/map_gpu_work_gpu_work_global_data id 34
01-01 00:00:15.622   435   435 D LibBpfLoader: map_fd found at 0 is 6 in /system/etc/bpf/gpu_work.o
01-01 00:00:15.622   435   435 D LibBpfLoader: map_fd found at 1 is 7 in /system/etc/bpf/gpu_work.o
01-01 00:00:15.622   435   435 D LibBpfLoader: applying relo to instruction at byte offset: 56, 	       insn offset 7 , insn 118
01-01 00:00:15.622   435   435 D LibBpfLoader:  
01-01 00:00:15.623   435   435 D LibBpfLoader: applying relo to instruction at byte offset: 160, 	       insn offset 20 , insn 118
01-01 00:00:15.623   435   435 D LibBpfLoader:  
01-01 00:00:15.623   435   435 D LibBpfLoader: applying relo to instruction at byte offset: 240, 	       insn offset 30 , insn 118
01-01 00:00:15.623   435   435 D LibBpfLoader:  
01-01 00:00:15.623   435   435 D LibBpfLoader: applying relo to instruction at byte offset: 304, 	       insn offset 38 , insn 118
01-01 00:00:15.623   435   435 D LibBpfLoader:  
01-01 00:00:15.623   435   435 D LibBpfLoader: cs[0].name:tracepoint_power_gpu_work_period min_kver:0 .max_kver:ffffffff (kvers:50f004a)
01-01 00:00:15.623   435   435 D LibBpfLoader: cs[0].name:tracepoint_power_gpu_work_period requires bpfloader version [0x00000,0x10000)
01-01 00:00:15.623   435   435 D LibBpfLoader: bpf_prog_load lib call for /system/etc/bpf/gpu_work.o (tracepoint_power_gpu_work_period) returned fd: 8 (no error)
01-01 00:00:15.623   435   435 I LibBpfLoader: prog /sys/fs/bpf/prog_gpu_work_tracepoint_power_gpu_work_period id 31
01-01 00:00:15.623   435   435 I bpfloader: Loaded object: /system/etc/bpf/gpu_work.o
01-01 00:00:15.624   435   435 D LibBpfLoader: Loading optional ELF object /system/etc/bpf/time_in_state.o with license GPL
01-01 00:00:15.624   435   435 I LibBpfLoader: Section bpfloader_min_ver value is 0 [0x0]
01-01 00:00:15.624   435   435 I LibBpfLoader: Section bpfloader_max_ver value is 65536 [0x10000]
01-01 00:00:15.624   435   435 I LibBpfLoader: Section size_of_bpf_map_def value is 116 [0x74]
01-01 00:00:15.624   435   435 I LibBpfLoader: Section size_of_bpf_prog_def value is 92 [0x5c]
01-01 00:00:15.624   435   435 I LibBpfLoader: BpfLoader version 0x00013 processing ELF object /system/etc/bpf/time_in_state.o with ver [0x00000,0x10000)
01-01 00:00:15.624   435   435 D LibBpfLoader: Loaded code section 3 (tracepoint_sched_sched_switch)
01-01 00:00:15.624   435   435 D LibBpfLoader: Loaded relo section 3 (.reltracepoint/sched/sched_switch)
01-01 00:00:15.624   435   435 D LibBpfLoader: Adding section 3 to cs list
01-01 00:00:15.624   435   435 D LibBpfLoader: Loaded code section 5 (tracepoint_power_cpu_frequency)
01-01 00:00:15.624   435   435 D LibBpfLoader: Loaded relo section 5 (.reltracepoint/power/cpu_frequency)
01-01 00:00:15.624   435   435 D LibBpfLoader: Adding section 5 to cs list
01-01 00:00:15.624   435   435 D LibBpfLoader: Loaded code section 7 (tracepoint_sched_sched_process_free)
01-01 00:00:15.625   435   435 D LibBpfLoader: Loaded relo section 7 (.reltracepoint/sched/sched_process_free)
01-01 00:00:15.625   435   435 D LibBpfLoader: Adding section 7 to cs list
01-01 00:00:15.625   435   435 D LibBpfLoader: Couldn't find section btf_min_bpfloader_ver (defaulting to 0 [0x0]).
01-01 00:00:15.625   435   435 D LibBpfLoader: Couldn't find section btf_min_kernel_ver (defaulting to 0 [0x0]).
01-01 00:00:15.631   435   435 D LibBpfLoader: bpf_create_map name total_time_in_state_map, ret: 6
01-01 00:00:15.631   435   435 I LibBpfLoader: map /sys/fs/bpf/map_time_in_state_total_time_in_state_map id 35
01-01 00:00:15.632   435   435 D LibBpfLoader: bpf_create_map name uid_time_in_state_map, ret: 8
01-01 00:00:15.632   435   435 I LibBpfLoader: map /sys/fs/bpf/map_time_in_state_uid_time_in_state_map id 36
01-01 00:00:15.632   435   435 D LibBpfLoader: bpf_create_map name uid_concurrent_times_map, ret: 9
01-01 00:00:15.632   435   435 I LibBpfLoader: map /sys/fs/bpf/map_time_in_state_uid_concurrent_times_map id 37
01-01 00:00:15.632   435   435 D LibBpfLoader: bpf_create_map name uid_last_update_map, ret: 10
01-01 00:00:15.633   435   435 I LibBpfLoader: map /sys/fs/bpf/map_time_in_state_uid_last_update_map id 38
01-01 00:00:15.633   435   435 D LibBpfLoader: bpf_create_map name cpu_last_update_map, ret: 11
01-01 00:00:15.633   435   435 I LibBpfLoader: map /sys/fs/bpf/map_time_in_state_cpu_last_update_map id 39
01-01 00:00:15.633   435   435 D LibBpfLoader: bpf_create_map name cpu_last_pid_map, ret: 12
01-01 00:00:15.633   435   435 I LibBpfLoader: map /sys/fs/bpf/map_time_in_state_cpu_last_pid_map id 40
01-01 00:00:15.633   435   435 D LibBpfLoader: bpf_create_map name cpu_policy_map, ret: 13
01-01 00:00:15.633   435   435 I LibBpfLoader: map /sys/fs/bpf/map_time_in_state_cpu_policy_map id 41
01-01 00:00:15.633   435   435 D LibBpfLoader: bpf_create_map name policy_freq_idx_map, ret: 14
01-01 00:00:15.633   435   435 I LibBpfLoader: map /sys/fs/bpf/map_time_in_state_policy_freq_idx_map id 42
01-01 00:00:15.633   435   435 D LibBpfLoader: bpf_create_map name freq_to_idx_map, ret: 15
01-01 00:00:15.633   435   435 I LibBpfLoader: map /sys/fs/bpf/map_time_in_state_freq_to_idx_map id 43
01-01 00:00:15.633   435   435 D LibBpfLoader: bpf_create_map name nr_active_map, ret: 16
01-01 00:00:15.633   435   435 I LibBpfLoader: map /sys/fs/bpf/map_time_in_state_nr_active_map id 44
01-01 00:00:15.633   435   435 D LibBpfLoader: bpf_create_map name policy_nr_active_map, ret: 17
01-01 00:00:15.633   435   435 I LibBpfLoader: map /sys/fs/bpf/map_time_in_state_policy_nr_active_map id 45
01-01 00:00:15.633   435   435 D LibBpfLoader: bpf_create_map name pid_tracked_hash_map, ret: 18
01-01 00:00:15.633   435   435 I LibBpfLoader: map /sys/fs/bpf/map_time_in_state_pid_tracked_hash_map id 46
01-01 00:00:15.633   435   435 D LibBpfLoader: bpf_create_map name pid_tracked_map, ret: 19
01-01 00:00:15.633   435   435 I LibBpfLoader: map /sys/fs/bpf/map_time_in_state_pid_tracked_map id 47
01-01 00:00:15.633   435   435 D LibBpfLoader: bpf_create_map name pid_task_aggregation_map, ret: 20
01-01 00:00:15.633   435   435 I LibBpfLoader: map /sys/fs/bpf/map_time_in_state_pid_task_aggregation_map id 48
01-01 00:00:15.634   435   435 D LibBpfLoader: bpf_create_map name pid_time_in_state_map, ret: 21
01-01 00:00:15.634   435   435 I LibBpfLoader: map /sys/fs/bpf/map_time_in_state_pid_time_in_state_map id 49
01-01 00:00:15.634   435   435 D LibBpfLoader: map_fd found at 0 is 6 in /system/etc/bpf/time_in_state.o
01-01 00:00:15.634   435   435 D LibBpfLoader: map_fd found at 1 is 8 in /system/etc/bpf/time_in_state.o
01-01 00:00:15.634   435   435 D LibBpfLoader: map_fd found at 2 is 9 in /system/etc/bpf/time_in_state.o
01-01 00:00:15.634   435   435 D LibBpfLoader: map_fd found at 3 is 10 in /system/etc/bpf/time_in_state.o
01-01 00:00:15.634   435   435 D LibBpfLoader: map_fd found at 4 is 11 in /system/etc/bpf/time_in_state.o
01-01 00:00:15.634   435   435 D LibBpfLoader: map_fd found at 5 is 12 in /system/etc/bpf/time_in_state.o
01-01 00:00:15.634   435   435 D LibBpfLoader: map_fd found at 6 is 13 in /system/etc/bpf/time_in_state.o
01-01 00:00:15.634   435   435 D LibBpfLoader: map_fd found at 7 is 14 in /system/etc/bpf/time_in_state.o
01-01 00:00:15.634   435   435 D LibBpfLoader: map_fd found at 8 is 15 in /system/etc/bpf/time_in_state.o
01-01 00:00:15.634   435   435 D LibBpfLoader: map_fd found at 9 is 16 in /system/etc/bpf/time_in_state.o
01-01 00:00:15.634   435   435 D LibBpfLoader: map_fd found at 10 is 17 in /system/etc/bpf/time_in_state.o
01-01 00:00:15.634   435   435 D LibBpfLoader: map_fd found at 11 is 18 in /system/etc/bpf/time_in_state.o
01-01 00:00:15.634   435   435 D LibBpfLoader: map_fd found at 12 is 19 in /system/etc/bpf/time_in_state.o
01-01 00:00:15.634   435   435 D LibBpfLoader: map_fd found at 13 is 20 in /system/etc/bpf/time_in_state.o
01-01 00:00:15.634   435   435 D LibBpfLoader: map_fd found at 14 is 21 in /system/etc/bpf/time_in_state.o
01-01 00:00:15.634   435   435 D LibBpfLoader: applying relo to instruction at byte offset: 40, 	       insn offset 5 , insn 118
01-01 00:00:15.634   435   435 D LibBpfLoader:  
01-01 00:00:15.634   435   435 D LibBpfLoader: applying relo to instruction at byte offset: 128, 	       insn offset 16 , insn 118
01-01 00:00:15.634   435   435 D LibBpfLoader:  
01-01 00:00:15.634   435   435 D LibBpfLoader: applying relo to instruction at byte offset: 224, 	       insn offset 28 , insn 118
01-01 00:00:15.634   435   435 D LibBpfLoader:  
01-01 00:00:15.634   435   435 D LibBpfLoader: applying relo to instruction at byte offset: 296, 	       insn offset 37 , insn 118
01-01 00:00:15.634   435   435 D LibBpfLoader:  
01-01 00:00:15.634   435   435 D LibBpfLoader: applying relo to instruction at byte offset: 360, 	       insn offset 45 , insn 118
01-01 00:00:15.634   435   435 D LibBpfLoader:  
01-01 00:00:15.634   435   435 D LibBpfLoader: applying relo to instruction at byte offset: 608, 	       insn offset 76 , insn 118
01-01 00:00:15.634   435   435 D LibBpfLoader:  
01-01 00:00:15.634   435   435 D LibBpfLoader: applying relo to instruction at byte offset: 904, 	       insn offset 113 , insn 118
01-01 00:00:15.634   435   435 D LibBpfLoader:  
01-01 00:00:15.634   435   435 D LibBpfLoader: applying relo to instruction at byte offset: 1248, 	       insn offset 156 , insn 118
01-01 00:00:15.634   435   435 D LibBpfLoader:  
01-01 00:00:15.634   435   435 D LibBpfLoader: applying relo to instruction at byte offset: 1288, 	       insn offset 161 , insn 118
01-01 00:00:15.634   435   435 D LibBpfLoader:  
01-01 00:00:15.634   435   435 D LibBpfLoader: applying relo to instruction at byte offset: 1464, 	       insn offset 183 , insn 118
01-01 00:00:15.634   435   435 D LibBpfLoader:  
01-01 00:00:15.634   435   435 D LibBpfLoader: applying relo to instruction at byte offset: 1672, 	       insn offset 209 , insn 118
01-01 00:00:15.634   435   435 D LibBpfLoader:  
01-01 00:00:15.634   435   435 D LibBpfLoader: applying relo to instruction at byte offset: 1712, 	       insn offset 214 , insn 118
01-01 00:00:15.634   435   435 D LibBpfLoader:  
01-01 00:00:15.634   435   435 D LibBpfLoader: applying relo to instruction at byte offset: 1912, 	       insn offset 239 , insn 118
01-01 00:00:15.634   435   435 D LibBpfLoader:  
01-01 00:00:15.635   435   435 D LibBpfLoader: applying relo to instruction at byte offset: 2128, 	       insn offset 266 , insn 118
01-01 00:00:15.635   435   435 D LibBpfLoader:  
01-01 00:00:15.635   435   435 D LibBpfLoader: applying relo to instruction at byte offset: 2168, 	       insn offset 271 , insn 118
01-01 00:00:15.635   435   435 D LibBpfLoader:  
01-01 00:00:15.635   435   435 D LibBpfLoader: applying relo to instruction at byte offset: 2320, 	       insn offset 290 , insn 118
01-01 00:00:15.635   435   435 D LibBpfLoader:  
01-01 00:00:15.635   435   435 D LibBpfLoader: applying relo to instruction at byte offset: 2448, 	       insn offset 306 , insn 118
01-01 00:00:15.635   435   435 D LibBpfLoader:  
01-01 00:00:15.635   435   435 D LibBpfLoader: applying relo to instruction at byte offset: 2784, 	       insn offset 348 , insn 118
01-01 00:00:15.635   435   435 D LibBpfLoader:  
01-01 00:00:15.635   435   435 D LibBpfLoader: applying relo to instruction at byte offset: 2824, 	       insn offset 353 , insn 118
01-01 00:00:15.635   435   435 D LibBpfLoader:  
01-01 00:00:15.635   435   435 D LibBpfLoader: applying relo to instruction at byte offset: 3000, 	       insn offset 375 , insn 118
01-01 00:00:15.635   435   435 D LibBpfLoader:  
01-01 00:00:15.635   435   435 D LibBpfLoader: applying relo to instruction at byte offset: 3208, 	       insn offset 401 , insn 118
01-01 00:00:15.635   435   435 D LibBpfLoader:  
01-01 00:00:15.635   435   435 D LibBpfLoader: applying relo to instruction at byte offset: 3248, 	       insn offset 406 , insn 118
01-01 00:00:15.635   435   435 D LibBpfLoader:  
01-01 00:00:15.635   435   435 D LibBpfLoader: applying relo to instruction at byte offset: 3440, 	       insn offset 430 , insn 118
01-01 00:00:15.635   435   435 D LibBpfLoader:  
01-01 00:00:15.635   435   435 D LibBpfLoader: applying relo to instruction at byte offset: 3656, 	       insn offset 457 , insn 118
01-01 00:00:15.635   435   435 D LibBpfLoader:  
01-01 00:00:15.635   435   435 D LibBpfLoader: applying relo to instruction at byte offset: 3696, 	       insn offset 462 , insn 118
01-01 00:00:15.635   435   435 D LibBpfLoader:  
01-01 00:00:15.635   435   435 D LibBpfLoader: applying relo to instruction at byte offset: 3824, 	       insn offset 478 , insn 118
01-01 00:00:15.635   435   435 D LibBpfLoader:  
01-01 00:00:15.635   435   435 D LibBpfLoader: applying relo to instruction at byte offset: 3896, 	       insn offset 487 , insn 118
01-01 00:00:15.635   435   435 D LibBpfLoader:  
01-01 00:00:15.635   435   435 D LibBpfLoader: applying relo to instruction at byte offset: 4000, 	       insn offset 500 , insn 118
01-01 00:00:15.635   435   435 D LibBpfLoader:  
01-01 00:00:15.635   435   435 D LibBpfLoader: applying relo to instruction at byte offset: 4328, 	       insn offset 541 , insn 118
01-01 00:00:15.635   435   435 D LibBpfLoader:  
01-01 00:00:15.635   435   435 D LibBpfLoader: applying relo to instruction at byte offset: 4368, 	       insn offset 546 , insn 118
01-01 00:00:15.635   435   435 D LibBpfLoader:  
01-01 00:00:15.635   435   435 D LibBpfLoader: applying relo to instruction at byte offset: 4504, 	       insn offset 563 , insn 118
01-01 00:00:15.635   435   435 D LibBpfLoader:  
01-01 00:00:15.635   435   435 D LibBpfLoader: applying relo to instruction at byte offset: 4704, 	       insn offset 588 , insn 118
01-01 00:00:15.635   435   435 D LibBpfLoader:  
01-01 00:00:15.635   435   435 D LibBpfLoader: applying relo to instruction at byte offset: 4744, 	       insn offset 593 , insn 118
01-01 00:00:15.635   435   435 D LibBpfLoader:  
01-01 00:00:15.635   435   435 D LibBpfLoader: applying relo to instruction at byte offset: 4912, 	       insn offset 614 , insn 118
01-01 00:00:15.635   435   435 D LibBpfLoader:  
01-01 00:00:15.635   435   435 D LibBpfLoader: applying relo to instruction at byte offset: 5128, 	       insn offset 641 , insn 118
01-01 00:00:15.635   435   435 D LibBpfLoader:  
01-01 00:00:15.635   435   435 D LibBpfLoader: applying relo to instruction at byte offset: 5168, 	       insn offset 646 , insn 118
01-01 00:00:15.635   435   435 D LibBpfLoader:  
01-01 00:00:15.635   435   435 D LibBpfLoader: applying relo to instruction at byte offset: 5296, 	       insn offset 662 , insn 118
01-01 00:00:15.635   435   435 D LibBpfLoader:  
01-01 00:00:15.635   435   435 D LibBpfLoader: applying relo to instruction at byte offset: 5384, 	       insn offset 673 , insn 118
01-01 00:00:15.635   435   435 D LibBpfLoader:  
01-01 00:00:15.635   435   435 D LibBpfLoader: applying relo to instruction at byte offset: 5472, 	       insn offset 684 , insn 118
01-01 00:00:15.635   435   435 D LibBpfLoader:  
01-01 00:00:15.635   435   435 D LibBpfLoader: applying relo to instruction at byte offset: 5600, 	       insn offset 700 , insn 118
01-01 00:00:15.635   435   435 D LibBpfLoader:  
01-01 00:00:15.635   435   435 D LibBpfLoader: applying relo to instruction at byte offset: 5696, 	       insn offset 712 , insn 118
01-01 00:00:15.635   435   435 D LibBpfLoader:  
01-01 00:00:15.635   435   435 D LibBpfLoader: applying relo to instruction at byte offset: 5800, 	       insn offset 725 , insn 118
01-01 00:00:15.635   435   435 D LibBpfLoader:  
01-01 00:00:15.635   435   435 D LibBpfLoader: applying relo to instruction at byte offset: 6128, 	       insn offset 766 , insn 118
01-01 00:00:15.635   435   435 D LibBpfLoader:  
01-01 00:00:15.635   435   435 D LibBpfLoader: applying relo to instruction at byte offset: 6168, 	       insn offset 771 , insn 118
01-01 00:00:15.635   435   435 D LibBpfLoader:  
01-01 00:00:15.635   435   435 D LibBpfLoader: applying relo to instruction at byte offset: 6312, 	       insn offset 789 , insn 118
01-01 00:00:15.635   435   435 D LibBpfLoader:  
01-01 00:00:15.635   435   435 D LibBpfLoader: applying relo to instruction at byte offset: 6416, 	       insn offset 802 , insn 118
01-01 00:00:15.635   435   435 D LibBpfLoader:  
01-01 00:00:15.635   435   435 D LibBpfLoader: applying relo to instruction at byte offset: 6520, 	       insn offset 815 , insn 118
01-01 00:00:15.635   435   435 D LibBpfLoader:  
01-01 00:00:15.635   435   435 D LibBpfLoader: applying relo to instruction at byte offset: 6624, 	       insn offset 828 , insn 118
01-01 00:00:15.635   435   435 D LibBpfLoader:  
01-01 00:00:15.635   435   435 D LibBpfLoader: applying relo to instruction at byte offset: 6728, 	       insn offset 841 , insn 118
01-01 00:00:15.635   435   435 D LibBpfLoader:  
01-01 00:00:15.635   435   435 D LibBpfLoader: applying relo to instruction at byte offset: 6832, 	       insn offset 854 , insn 118
01-01 00:00:15.635   435   435 D LibBpfLoader:  
01-01 00:00:15.635   435   435 D LibBpfLoader: applying relo to instruction at byte offset: 6936, 	       insn offset 867 , insn 118
01-01 00:00:15.635   435   435 D LibBpfLoader:  
01-01 00:00:15.635   435   435 D LibBpfLoader: applying relo to instruction at byte offset: 40, 	       insn offset 5 , insn 118
01-01 00:00:15.635   435   435 D LibBpfLoader:  
01-01 00:00:15.635   435   435 D LibBpfLoader: applying relo to instruction at byte offset: 120, 	       insn offset 15 , insn 118
01-01 00:00:15.635   435   435 D LibBpfLoader:  
01-01 00:00:15.635   435   435 D LibBpfLoader: applying relo to instruction at byte offset: 200, 	       insn offset 25 , insn 118
01-01 00:00:15.635   435   435 D LibBpfLoader:  
01-01 00:00:15.635   435   435 D LibBpfLoader: applying relo to instruction at byte offset: 48, 	       insn offset 6 , insn 118
01-01 00:00:15.635   435   435 D LibBpfLoader:  
01-01 00:00:15.635   435   435 D LibBpfLoader: applying relo to instruction at byte offset: 200, 	       insn offset 25 , insn 118
01-01 00:00:15.635   435   435 D LibBpfLoader:  
01-01 00:00:15.635   435   435 D LibBpfLoader: applying relo to instruction at byte offset: 336, 	       insn offset 42 , insn 118
01-01 00:00:15.635   435   435 D LibBpfLoader:  
01-01 00:00:15.635   435   435 D LibBpfLoader: applying relo to instruction at byte offset: 472, 	       insn offset 59 , insn 118
01-01 00:00:15.635   435   435 D LibBpfLoader:  
01-01 00:00:15.635   435   435 D LibBpfLoader: applying relo to instruction at byte offset: 608, 	       insn offset 76 , insn 118
01-01 00:00:15.635   435   435 D LibBpfLoader:  
01-01 00:00:15.635   435   435 D LibBpfLoader: applying relo to instruction at byte offset: 744, 	       insn offset 93 , insn 118
01-01 00:00:15.635   435   435 D LibBpfLoader:  
01-01 00:00:15.635   435   435 D LibBpfLoader: applying relo to instruction at byte offset: 880, 	       insn offset 110 , insn 118
01-01 00:00:15.635   435   435 D LibBpfLoader:  
01-01 00:00:15.636   435   435 D LibBpfLoader: applying relo to instruction at byte offset: 1016, 	       insn offset 127 , insn 118
01-01 00:00:15.636   435   435 D LibBpfLoader:  
01-01 00:00:15.636   435   435 D LibBpfLoader: applying relo to instruction at byte offset: 1088, 	       insn offset 136 , insn 118
01-01 00:00:15.636   435   435 D LibBpfLoader:  
01-01 00:00:15.636   435   435 D LibBpfLoader: applying relo to instruction at byte offset: 1200, 	       insn offset 150 , insn 118
01-01 00:00:15.636   435   435 D LibBpfLoader:  
01-01 00:00:15.636   435   435 D LibBpfLoader: cs[0].name:tracepoint_sched_sched_switch min_kver:0 .max_kver:ffffffff (kvers:50f004a)
01-01 00:00:15.636   435   435 D LibBpfLoader: cs[0].name:tracepoint_sched_sched_switch requires bpfloader version [0x00000,0x10000)
01-01 00:00:15.638   435   435 D LibBpfLoader: bpf_prog_load lib call for /system/etc/bpf/time_in_state.o (tracepoint_sched_sched_switch) returned fd: 7 (no error)
01-01 00:00:15.638   435   435 I LibBpfLoader: prog /sys/fs/bpf/prog_time_in_state_tracepoint_sched_sched_switch id 32
01-01 00:00:15.638   435   435 D LibBpfLoader: cs[1].name:tracepoint_power_cpu_frequency min_kver:0 .max_kver:ffffffff (kvers:50f004a)
01-01 00:00:15.638   435   435 D LibBpfLoader: cs[1].name:tracepoint_power_cpu_frequency requires bpfloader version [0x00000,0x10000)
01-01 00:00:15.639   435   435 D LibBpfLoader: bpf_prog_load lib call for /system/etc/bpf/time_in_state.o (tracepoint_power_cpu_frequency) returned fd: 22 (no error)
01-01 00:00:15.639   435   435 I LibBpfLoader: prog /sys/fs/bpf/prog_time_in_state_tracepoint_power_cpu_frequency id 33
01-01 00:00:15.639   435   435 D LibBpfLoader: cs[2].name:tracepoint_sched_sched_process_free min_kver:0 .max_kver:ffffffff (kvers:50f004a)
01-01 00:00:15.639   435   435 D LibBpfLoader: cs[2].name:tracepoint_sched_sched_process_free requires bpfloader version [0x00000,0x10000)
01-01 00:00:15.639   435   435 D LibBpfLoader: bpf_prog_load lib call for /system/etc/bpf/time_in_state.o (tracepoint_sched_sched_process_free) returned fd: 23 (no error)
01-01 00:00:15.639   435   435 I LibBpfLoader: prog /sys/fs/bpf/prog_time_in_state_tracepoint_sched_sched_process_free id 34
01-01 00:00:15.639   435   435 I bpfloader: Loaded object: /system/etc/bpf/time_in_state.o
01-01 00:00:15.641     1     1 I init    : Service 'bpfloader' (pid 435) exited with status 0 waiting took 0.618000 seconds
01-01 00:00:15.641     1     1 I init    : Sending signal 9 to service 'bpfloader' (pid 435) process group...
01-01 00:00:15.641     1     1 I libprocessgroup: Successfully killed process cgroup uid 0 pid 435 in 0ms
01-01 00:00:15.641     1     1 I init    : processing action (ro.crypto.state=encrypted && ro.crypto.type=file && zygote-start) from (/system/etc/init/hw/init.rc:1048)
01-01 00:00:15.641     1     1 I init    : start_waiting_for_property("odsign.verification.done", "1"): already set
01-01 00:00:15.642     1     1 I init    : starting service 'update_verifier_nonencrypted'...
01-01 00:00:15.643     1     1 I init    : SVC_EXEC service 'update_verifier_nonencrypted' pid 438 (uid 0 gid 2001+1 context default) started; waiting...
01-01 00:00:15.651   438   438 I update_verifier: Started with arg 1: nonencrypted
01-01 00:00:15.653   438   438 I update_verifier: Booting slot 0: isSlotMarkedSuccessful=1
01-01 00:00:15.653   438   438 I update_verifier: Leaving update_verifier.
01-01 00:00:15.654     1     1 I init    : Service 'update_verifier_nonencrypted' (pid 438) exited with status 0 waiting took 0.011000 seconds
01-01 00:00:15.654     1     1 I init    : Sending signal 9 to service 'update_verifier_nonencrypted' (pid 438) process group...
01-01 00:00:15.654     1     1 I libprocessgroup: Successfully killed process cgroup uid 0 pid 438 in 0ms
01-01 00:00:15.654     1     1 I init    : starting service 'statsd'...
01-01 00:00:15.655     1     1 I init    : Created socket '/dev/socket/statsdw', mode 222, user 1066, group 1066
01-01 00:00:15.657     1     1 I init    : starting service 'netd'...
01-01 00:00:15.657     1     1 I init    : Created socket '/dev/socket/dnsproxyd', mode 660, user 0, group 3003
01-01 00:00:15.657     1     1 I init    : Created socket '/dev/socket/mdns', mode 660, user 0, group 1000
01-01 00:00:15.657     1     1 I init    : Created socket '/dev/socket/fwmarkd', mode 660, user 0, group 3003
01-01 00:00:15.679     1     1 I init    : starting service 'zygote'...
01-01 00:00:15.679     1     1 I init    : Created socket '/dev/socket/zygote', mode 660, user 0, group 1000
01-01 00:00:15.679     1     1 I init    : Created socket '/dev/socket/usap_pool_primary', mode 660, user 0, group 1000
01-01 00:00:15.682     1     1 I init    : starting service 'zygote_secondary'...
01-01 00:00:15.683     1     1 I init    : Created socket '/dev/socket/zygote_secondary', mode 660, user 0, group 1000
01-01 00:00:15.683     1     1 I init    : Created socket '/dev/socket/usap_pool_secondary', mode 660, user 0, group 1000
01-01 00:00:15.685     1     1 I init    : processing action (firmware_mounts_complete) from (/system/etc/init/hw/init.rc:512)
01-01 00:00:15.685     1     1 I init    : processing action (early-boot) from (/system/etc/init/installd.rc:5)
01-01 00:00:15.691     1     1 I init    : processing action (early-boot) from (/vendor/etc/init/init.bmw_idcevo.rc:3)
01-01 00:00:15.693     1     1 I init    : [libfs_mgr]Invalid ext4 superblock on '/dev/block/by-name/varncd'
01-01 00:00:15.694     1     1 E init    : [libfs_mgr]mount_with_alternatives(): skipping mount due to invalid magic, mountpoint=/vendor/run/ncd blk_dev=/dev/block/sda17 rec[0].fs_type=ext4
01-01 00:00:15.694     1     1 E init    : [libfs_mgr]Failed to mount an un-encryptable or wiped partition on /dev/block/by-name/varncd at /vendor/run/ncd options: : Invalid argument
01-01 00:00:15.696     1     1 I init    : Command 'mount_all /vendor/fstab.bmw_idcevo' action=early-boot (/vendor/etc/init/init.bmw_idcevo.rc:4) took 4ms and failed: queue_fs_event() failed: Invalid code: -1
01-01 00:00:15.696     1     1 I init    : processing action (early-boot) from (/vendor/etc/init/init.exynosauto9.rc:131)
01-01 00:00:15.696     1     1 I init    : start_waiting_for_property("vendor.all.modules.ready", "1"): already set
01-01 00:00:15.699     1     1 I init    : processing action (early-boot) from (/vendor/etc/init/init.usb.rc:6)
01-01 00:00:15.703   233   233 I         : file system registered
01-01 00:00:15.704   233   233 W         : using random self ethernet address
01-01 00:00:15.704   233   233 W         : using random host ethernet address
01-01 00:00:15.710   232   232 E init    : Unable to set property 'ro.serialno' from uid:0 gid:0 pid:233: Read-only property was already set
01-01 00:00:15.711     1     1 I auditd  : type=1400 audit(0.0:564): avc: denied { write } for comm="init" name="discard_max_bytes" dev="sysfs" ino=45761 scontext=u:r:init:s0 tcontext=u:object_r:sysfs:s0 tclass=file permissive=1
01-01 00:00:15.711     1     1 I auditd  : type=1400 audit(0.0:565): avc: denied { open } for comm="init" path="/sys/devices/platform/16e10000.ufs/host0/target0:0:0/0:0:0:5/block/sdf/queue/discard_max_bytes" dev="sysfs" ino=45761 scontext=u:r:init:s0 tcontext=u:object_r:sysfs:s0 tclass=file permissive=1
01-01 00:00:15.712     1     1 I init    : processing action (boot) from (/system/etc/init/hw/init.rc:1062)
01-01 00:00:15.719     1     1 I init    : starting service 'hidl_memory'...
01-01 00:00:15.723     1     1 I init    : starting service 'vendor.audio-hal'...
01-01 00:00:15.726     1     1 I init    : starting service 'vendor.bluetooth-1-1'...
01-01 00:00:15.737     1     1 I init    : starting service 'vendor.cas-hal-1-2'...
01-01 00:00:15.740     1     1 I init    : starting service 'vendor.drm-clearkey-service'...
01-01 00:00:15.743     1     1 I init    : starting service 'vendor.drm-widevine-hal'...
01-01 00:00:15.745     1     1 I init    : starting service 'vendor.gatekeeper-1-0'...
01-01 00:00:15.748     1     1 I init    : starting service 'vendor.gralloc-4-0'...
01-01 00:00:15.751     1     1 I init    : starting service 'vendor.hwcomposer-2-4'...
01-01 00:00:15.754     1     1 I init    : starting service 'vendor.health-default'...
01-01 00:00:15.757     1     1 I init    : starting service 'neuralnetworks_hal_service_enn'...
01-01 00:00:15.773     1     1 I init    : starting service 'neuralnetworks_hal_service_eden_drv'...
01-01 00:00:15.776     1     1 I init    : starting service 'vendor.thermal-hal-2-0'...
01-01 00:00:15.780     1     1 I init    : starting service 'vendor.thermal-hal-1-0'...
01-01 00:00:15.782     1     1 I init    : starting service 'vendor.usb-hal-1-3'...
01-01 00:00:15.786     1     1 I init    : starting service 'vendor.audiocontrol-default'...
01-01 00:00:15.788     1     1 I init    : starting service 'countrydummyproxy'...
01-01 00:00:15.799     1     1 I init    : starting service 'vendor.light-default'...
01-01 00:00:15.824   455   455 W healthd : No battery devices found
01-01 00:00:15.826     1     1 I init    : starting service 'vendor.memtrack-default'...
01-01 00:00:15.829     1     1 I init    : starting service 'vendor.power-default'...
01-01 00:00:15.831     1     1 I init    : starting service 'android-hardware-media-c2-hal-1-0'...
01-01 00:00:15.831   455   455 W healthd : battery none chg=
01-01 00:00:15.836     1     1 I init    : starting service 'vendor.amfmtuner-hal-2-0'...
01-01 00:00:15.842     1     1 I init    : starting service 'amplifierhal'...
01-01 00:00:15.858   463   463 I dwc3 16600000.dwc3: Turn on gadget dwc3-gadget
01-01 00:00:15.872     1     1 I init    : starting service 'vendor.bmw.appfirewall@1.0-service'...
01-01 00:00:15.879     1     1 I init    : starting service 'vendor.appleauthentication-1-0'...
01-01 00:00:15.881     1     1 I init    : starting service 'audiodiaghal'...
01-01 00:00:15.884     1     1 I init    : starting service 'vendor.bmw.automotive.boardnetsettings@1.0-service'...
01-01 00:00:15.912     1     1 I init    : starting service 'ccmessage-hal-1.0-bmw'...
01-01 00:00:15.917     1     1 I init    : starting service 'occupancydetection-hal-1.0-bmw'...
01-01 00:00:15.927     1     1 I init    : starting service 'vehicle-hal-2.0-bmw'...
01-01 00:00:15.932     1     1 I init    : starting service 'vendor.broadcastradio-hal-2-0'...
01-01 00:00:15.934     1     1 I init    : starting service 'vendor.camera-2-4'...
01-01 00:00:15.971   510   510 I auditd  : type=1400 audit(0.0:566): avc: denied { create } for comm="ffff_io00" scontext=u:r:hal_broadcastradio_default:s0 tcontext=u:r:hal_broadcastradio_default:s0 tclass=netlink_route_socket permissive=1
01-01 00:00:15.971   510   510 I auditd  : type=1400 audit(0.0:567): avc: denied { bind } for comm="ffff_io00" scontext=u:r:hal_broadcastradio_default:s0 tcontext=u:r:hal_broadcastradio_default:s0 tclass=netlink_route_socket permissive=1
01-01 00:00:15.971   510   510 I auditd  : type=1400 audit(0.0:568): avc: denied { write } for comm="ffff_io00" scontext=u:r:hal_broadcastradio_default:s0 tcontext=u:r:hal_broadcastradio_default:s0 tclass=netlink_route_socket permissive=1
01-01 00:00:15.971   510   510 I auditd  : type=1400 audit(0.0:569): avc: denied { nlmsg_read } for comm="ffff_io00" scontext=u:r:hal_broadcastradio_default:s0 tcontext=u:r:hal_broadcastradio_default:s0 tclass=netlink_route_socket permissive=1
01-01 00:00:15.971   510   510 I auditd  : type=1400 audit(0.0:570): avc: denied { read } for comm="ffff_io00" scontext=u:r:hal_broadcastradio_default:s0 tcontext=u:r:hal_broadcastradio_default:s0 tclass=netlink_route_socket permissive=1
01-01 00:00:15.975   475   475 I auditd  : type=1400 audit(0.0:571): avc: denied { create } for comm="ffff_io00" scontext=u:r:hal_bmwtuner_default:s0 tcontext=u:r:hal_bmwtuner_default:s0 tclass=netlink_route_socket permissive=1
01-01 00:00:15.975   475   475 I auditd  : type=1400 audit(0.0:572): avc: denied { bind } for comm="ffff_io00" scontext=u:r:hal_bmwtuner_default:s0 tcontext=u:r:hal_bmwtuner_default:s0 tclass=netlink_route_socket permissive=1
01-01 00:00:15.975   475   475 I auditd  : type=1400 audit(0.0:573): avc: denied { write } for comm="ffff_io00" scontext=u:r:hal_bmwtuner_default:s0 tcontext=u:r:hal_bmwtuner_default:s0 tclass=netlink_route_socket permissive=1
01-01 00:00:15.975   475   475 I auditd  : type=1400 audit(0.0:574): avc: denied { nlmsg_read } for comm="ffff_io00" scontext=u:r:hal_bmwtuner_default:s0 tcontext=u:r:hal_bmwtuner_default:s0 tclass=netlink_route_socket permissive=1
01-01 00:00:15.975   475   475 I auditd  : type=1400 audit(0.0:575): avc: denied { read } for comm="ffff_io00" scontext=u:r:hal_bmwtuner_default:s0 tcontext=u:r:hal_bmwtuner_default:s0 tclass=netlink_route_socket permissive=1
01-01 00:00:15.982     1     1 I init    : starting service 'carplayaudioservice'...
01-01 00:00:15.987     1     1 I init    : starting service 'vendor.bmw.cdcsync@1.0-service'...
01-01 00:00:15.991     1     1 I init    : starting service 'vendor.bmw.driverassistance@1.0-service'...
01-01 00:00:15.997     1     1 I init    : starting service 'vendor.bmw.drivingexcitement@1.0-service'...
01-01 00:00:16.002   463   463 E         : Can't wait gadget start!
01-01 00:00:16.002   463   463 I dwc3 16600000.dwc3: dwc3_otg_phy_enable on
01-01 00:00:16.002   463   463 I phy_exynosauto_usbdrd 16490000.phy: exynos_usbdrd_phy_init: ---
01-01 00:00:16.002   463   463 I phy_exynosauto_usbdrd 16490000.phy: exynos_usbdrd_utmi_init: +++
01-01 00:00:16.003   463   463 I phy_exynosauto_usbdrd 16490000.phy: exynos_usbdrd_utmi_init: ---
01-01 00:00:16.003   463   463 I phy_exynosauto_usbdrd 16490000.phy: exynos_usbdrd_phy_init: ---
01-01 00:00:16.003   463   463 I phy_exynosauto_usbdrd 16490000.phy: exynos_usbdrd_pipe3_init: +++
01-01 00:00:16.009   463   463 I phy_exynosauto_usbdrd 16490000.phy: exynos_usbdrd_pipe3_init: ---
01-01 00:00:16.009   463   463 I phy_exynosauto_usbdrd 16490000.phy: USB PHY Conn Set
01-01 00:00:16.009   463   463 I phy_exynosauto_usbdrd 16490000.phy: Turn on LDO
01-01 00:00:16.009     1     1 I init    : starting service 'vendor.bmw.dsm@1.0-service'...
01-01 00:00:16.017   283   283 I auditd  : avc:  denied  { add } for pid=486 uid=1000 name=vendor.bmw.audiodiaghal.IAudioDiagHal/default scontext=u:r:hal_audiodiag_default:s0 tcontext=u:object_r:default_android_service:s0 tclass=service_manager permissive=1
01-01 00:00:16.015   486   486 I auditd  : type=1400 audit(0.0:576): avc: denied { create } for comm="ffff_io00" scontext=u:r:hal_audiodiag_default:s0 tcontext=u:r:hal_audiodiag_default:s0 tclass=netlink_route_socket permissive=1
01-01 00:00:16.015   486   486 I auditd  : type=1400 audit(0.0:577): avc: denied { bind } for comm="ffff_io00" scontext=u:r:hal_audiodiag_default:s0 tcontext=u:r:hal_audiodiag_default:s0 tclass=netlink_route_socket permissive=1
01-01 00:00:16.015   486   486 I auditd  : type=1400 audit(0.0:578): avc: denied { write } for comm="ffff_io00" scontext=u:r:hal_audiodiag_default:s0 tcontext=u:r:hal_audiodiag_default:s0 tclass=netlink_route_socket permissive=1
01-01 00:00:16.015   486   486 I auditd  : type=1400 audit(0.0:579): avc: denied { nlmsg_read } for comm="ffff_io00" scontext=u:r:hal_audiodiag_default:s0 tcontext=u:r:hal_audiodiag_default:s0 tclass=netlink_route_socket permissive=1
01-01 00:00:16.015   486   486 I auditd  : type=1400 audit(0.0:580): avc: denied { read } for comm="ffff_io00" scontext=u:r:hal_audiodiag_default:s0 tcontext=u:r:hal_audiodiag_default:s0 tclass=netlink_route_socket permissive=1
01-01 00:00:16.027   465   465 I auditd  : type=1400 audit(0.0:581): avc: denied { create } for comm="ffff_io00" scontext=u:r:hal_countrydummyproxy_default:s0 tcontext=u:r:hal_countrydummyproxy_default:s0 tclass=netlink_route_socket permissive=1
01-01 00:00:16.027   465   465 I auditd  : type=1400 audit(0.0:582): avc: denied { bind } for comm="ffff_io00" scontext=u:r:hal_countrydummyproxy_default:s0 tcontext=u:r:hal_countrydummyproxy_default:s0 tclass=netlink_route_socket permissive=1
01-01 00:00:16.027   465   465 I auditd  : type=1400 audit(0.0:583): avc: denied { write } for comm="ffff_io00" scontext=u:r:hal_countrydummyproxy_default:s0 tcontext=u:r:hal_countrydummyproxy_default:s0 tclass=netlink_route_socket permissive=1
01-01 00:00:16.027   465   465 I auditd  : type=1400 audit(0.0:584): avc: denied { nlmsg_read } for comm="ffff_io00" scontext=u:r:hal_countrydummyproxy_default:s0 tcontext=u:r:hal_countrydummyproxy_default:s0 tclass=netlink_route_socket permissive=1
01-01 00:00:16.027   465   465 I auditd  : type=1400 audit(0.0:585): avc: denied { read } for comm="ffff_io00" scontext=u:r:hal_countrydummyproxy_default:s0 tcontext=u:r:hal_countrydummyproxy_default:s0 tclass=netlink_route_socket permissive=1
01-01 00:00:16.035   476   476 I auditd  : type=1400 audit(0.0:586): avc: denied { create } for comm="ffff_io00" scontext=u:r:hal_amplifier_default:s0 tcontext=u:r:hal_amplifier_default:s0 tclass=netlink_route_socket permissive=1
01-01 00:00:16.035   476   476 I auditd  : type=1400 audit(0.0:587): avc: denied { bind } for comm="ffff_io00" scontext=u:r:hal_amplifier_default:s0 tcontext=u:r:hal_amplifier_default:s0 tclass=netlink_route_socket permissive=1
01-01 00:00:16.035   476   476 I auditd  : type=1400 audit(0.0:588): avc: denied { write } for comm="ffff_io00" scontext=u:r:hal_amplifier_default:s0 tcontext=u:r:hal_amplifier_default:s0 tclass=netlink_route_socket permissive=1
01-01 00:00:16.035   476   476 I auditd  : type=1400 audit(0.0:589): avc: denied { nlmsg_read } for comm="ffff_io00" scontext=u:r:hal_amplifier_default:s0 tcontext=u:r:hal_amplifier_default:s0 tclass=netlink_route_socket permissive=1
01-01 00:00:16.035   476   476 I auditd  : type=1400 audit(0.0:590): avc: denied { read } for comm="ffff_io00" scontext=u:r:hal_amplifier_default:s0 tcontext=u:r:hal_amplifier_default:s0 tclass=netlink_route_socket permissive=1
01-01 00:00:16.045     1     1 I init    : starting service 'bmwfortuneservice'...
01-01 00:00:16.059   202   202 I dsp_com_irq_handler: irq=10.
01-01 00:00:16.059   205   205 I dspipc_receive_thread: HIFI0:INTTHREAD_TIMEOUT running,run_counter=3000.intrCode=1.
01-01 00:00:16.060   463   463 I phy_exynosauto_usbdrd 16490000.phy: exynos_usbdrd_utmi_tune +++
01-01 00:00:16.060   463   463 I phy_exynosauto_usbdrd 16490000.phy: exynos_usbdrd_utmi_tune ---
01-01 00:00:16.060   463   463 I dwc3 16600000.dwc3: usb3_phy_control, USB3.0 PHY on
01-01 00:00:16.059   508   508 I auditd  : type=1400 audit(0.0:591): avc: denied { create } for comm="ffff_io00" scontext=u:r:bmw_occupancydetection_service:s0 tcontext=u:r:bmw_occupancydetection_service:s0 tclass=netlink_route_socket permissive=1
01-01 00:00:16.059   508   508 I auditd  : type=1400 audit(0.0:592): avc: denied { bind } for comm="ffff_io00" scontext=u:r:bmw_occupancydetection_service:s0 tcontext=u:r:bmw_occupancydetection_service:s0 tclass=netlink_route_socket permissive=1
01-01 00:00:16.059   508   508 I auditd  : type=1400 audit(0.0:593): avc: denied { write } for comm="ffff_io00" scontext=u:r:bmw_occupancydetection_service:s0 tcontext=u:r:bmw_occupancydetection_service:s0 tclass=netlink_route_socket permissive=1
01-01 00:00:16.059   508   508 I auditd  : type=1400 audit(0.0:594): avc: denied { nlmsg_read } for comm="ffff_io00" scontext=u:r:bmw_occupancydetection_service:s0 tcontext=u:r:bmw_occupancydetection_service:s0 tclass=netlink_route_socket permissive=1
01-01 00:00:16.059   508   508 I auditd  : type=1400 audit(0.0:595): avc: denied { read } for comm="ffff_io00" scontext=u:r:bmw_occupancydetection_service:s0 tcontext=u:r:bmw_occupancydetection_service:s0 tclass=netlink_route_socket permissive=1
01-01 00:00:16.066     1     1 I init    : starting service 'vendor.bmw.gnss.raw-1-0'...
01-01 00:00:16.074     1     1 I init    : starting service 'vendor.bmw.itasu@1.0-service'...
01-01 00:00:16.077     1     1 I init    : starting service 'bmwlifecycleservice'...
01-01 00:00:16.081     1     1 I init    : starting service 'vendor.bmw.privacy@1.0-service'...
01-01 00:00:16.095   529   529 I auditd  : type=1400 audit(0.0:596): avc: denied { create } for comm="ffff_io00" scontext=u:r:hal_carplayaudio_default:s0 tcontext=u:r:hal_carplayaudio_default:s0 tclass=netlink_route_socket permissive=1
01-01 00:00:16.095   529   529 I auditd  : type=1400 audit(0.0:597): avc: denied { bind } for comm="ffff_io00" scontext=u:r:hal_carplayaudio_default:s0 tcontext=u:r:hal_carplayaudio_default:s0 tclass=netlink_route_socket permissive=1
01-01 00:00:16.095   529   529 I auditd  : type=1400 audit(0.0:598): avc: denied { write } for comm="ffff_io00" scontext=u:r:hal_carplayaudio_default:s0 tcontext=u:r:hal_carplayaudio_default:s0 tclass=netlink_route_socket permissive=1
01-01 00:00:16.095   529   529 I auditd  : type=1400 audit(0.0:599): avc: denied { nlmsg_read } for comm="ffff_io00" scontext=u:r:hal_carplayaudio_default:s0 tcontext=u:r:hal_carplayaudio_default:s0 tclass=netlink_route_socket permissive=1
01-01 00:00:16.095   529   529 I auditd  : type=1400 audit(0.0:600): avc: denied { read } for comm="ffff_io00" scontext=u:r:hal_carplayaudio_default:s0 tcontext=u:r:hal_carplayaudio_default:s0 tclass=netlink_route_socket permissive=1
01-01 00:00:16.098     1     1 I init    : starting service 'vendor.sensors-hal-2-1-multihal'...
01-01 00:00:16.105     1     1 I init    : starting service 'vendor.bmw.storagemenu.factoryreset@1.0-service'...
01-01 00:00:16.143   507   507 I auditd  : type=1400 audit(0.0:601): avc: denied { create } for comm="ffff_io00" scontext=u:r:bmw_ccmessage_service:s0 tcontext=u:r:bmw_ccmessage_service:s0 tclass=netlink_route_socket permissive=1
01-01 00:00:16.143   507   507 I auditd  : type=1400 audit(0.0:602): avc: denied { bind } for comm="ffff_io00" scontext=u:r:bmw_ccmessage_service:s0 tcontext=u:r:bmw_ccmessage_service:s0 tclass=netlink_route_socket permissive=1
01-01 00:00:16.143   507   507 I auditd  : type=1400 audit(0.0:603): avc: denied { write } for comm="ffff_io00" scontext=u:r:bmw_ccmessage_service:s0 tcontext=u:r:bmw_ccmessage_service:s0 tclass=netlink_route_socket permissive=1
01-01 00:00:16.143   507   507 I auditd  : type=1400 audit(0.0:604): avc: denied { nlmsg_read } for comm="ffff_io00" scontext=u:r:bmw_ccmessage_service:s0 tcontext=u:r:bmw_ccmessage_service:s0 tclass=netlink_route_socket permissive=1
01-01 00:00:16.143   507   507 I auditd  : type=1400 audit(0.0:605): avc: denied { read } for comm="ffff_io00" scontext=u:r:bmw_ccmessage_service:s0 tcontext=u:r:bmw_ccmessage_service:s0 tclass=netlink_route_socket permissive=1
01-01 00:00:16.148     1     1 I init    : starting service 'vendor.bmw.systemregistry@1.0-service'...
01-01 00:00:16.155   530   530 I auditd  : type=1400 audit(0.0:606): avc: denied { create } for comm="ffff_io00" scontext=u:r:bmw_cdcsync_service:s0 tcontext=u:r:bmw_cdcsync_service:s0 tclass=netlink_route_socket permissive=1
01-01 00:00:16.155   530   530 I auditd  : type=1400 audit(0.0:607): avc: denied { bind } for comm="ffff_io00" scontext=u:r:bmw_cdcsync_service:s0 tcontext=u:r:bmw_cdcsync_service:s0 tclass=netlink_route_socket permissive=1
01-01 00:00:16.155   530   530 I auditd  : type=1400 audit(0.0:608): avc: denied { write } for comm="ffff_io00" scontext=u:r:bmw_cdcsync_service:s0 tcontext=u:r:bmw_cdcsync_service:s0 tclass=netlink_route_socket permissive=1
01-01 00:00:16.155   530   530 I auditd  : type=1400 audit(0.0:609): avc: denied { nlmsg_read } for comm="ffff_io00" scontext=u:r:bmw_cdcsync_service:s0 tcontext=u:r:bmw_cdcsync_service:s0 tclass=netlink_route_socket permissive=1
01-01 00:00:16.155   530   530 I auditd  : type=1400 audit(0.0:610): avc: denied { read } for comm="ffff_io00" scontext=u:r:bmw_cdcsync_service:s0 tcontext=u:r:bmw_cdcsync_service:s0 tclass=netlink_route_socket permissive=1
01-01 00:00:16.163   572   572 I auditd  : type=1400 audit(0.0:611): avc: denied { create } for comm="ffff_io00" scontext=u:r:bmw_privacy_service:s0 tcontext=u:r:bmw_privacy_service:s0 tclass=netlink_route_socket permissive=1
01-01 00:00:16.163   572   572 I auditd  : type=1400 audit(0.0:612): avc: denied { bind } for comm="ffff_io00" scontext=u:r:bmw_privacy_service:s0 tcontext=u:r:bmw_privacy_service:s0 tclass=netlink_route_socket permissive=1
01-01 00:00:16.163   572   572 I auditd  : type=1400 audit(0.0:613): avc: denied { write } for comm="ffff_io00" scontext=u:r:bmw_privacy_service:s0 tcontext=u:r:bmw_privacy_service:s0 tclass=netlink_route_socket permissive=1
01-01 00:00:16.163   572   572 I auditd  : type=1400 audit(0.0:614): avc: denied { nlmsg_read } for comm="ffff_io00" scontext=u:r:bmw_privacy_service:s0 tcontext=u:r:bmw_privacy_service:s0 tclass=netlink_route_socket permissive=1
01-01 00:00:16.163   572   572 I auditd  : type=1400 audit(0.0:615): avc: denied { read } for comm="ffff_io00" scontext=u:r:bmw_privacy_service:s0 tcontext=u:r:bmw_privacy_service:s0 tclass=netlink_route_socket permissive=1
01-01 00:00:16.177     1     1 I init    : starting service 'vendor.bmw.telematics@1.0-service'...
01-01 00:00:16.189     1     1 I init    : starting service 'bmwtelematicsinfoservice'...
01-01 00:00:16.191   561   561 I auditd  : type=1400 audit(0.0:616): avc: denied { create } for comm="ffff_io00" scontext=u:r:hal_bmwfortune_default:s0 tcontext=u:r:hal_bmwfortune_default:s0 tclass=netlink_route_socket permissive=1
01-01 00:00:16.192     1     1 I init    : starting service 'bmwtimezoneservice'...
01-01 00:00:16.191   561   561 I auditd  : type=1400 audit(0.0:617): avc: denied { bind } for comm="ffff_io00" scontext=u:r:hal_bmwfortune_default:s0 tcontext=u:r:hal_bmwfortune_default:s0 tclass=netlink_route_socket permissive=1
01-01 00:00:16.191   561   561 I auditd  : type=1400 audit(0.0:618): avc: denied { write } for comm="ffff_io00" scontext=u:r:hal_bmwfortune_default:s0 tcontext=u:r:hal_bmwfortune_default:s0 tclass=netlink_route_socket permissive=1
01-01 00:00:16.191   561   561 I auditd  : type=1400 audit(0.0:619): avc: denied { nlmsg_read } for comm="ffff_io00" scontext=u:r:hal_bmwfortune_default:s0 tcontext=u:r:hal_bmwfortune_default:s0 tclass=netlink_route_socket permissive=1
01-01 00:00:16.191   561   561 I auditd  : type=1400 audit(0.0:620): avc: denied { read } for comm="ffff_io00" scontext=u:r:hal_bmwfortune_default:s0 tcontext=u:r:hal_bmwfortune_default:s0 tclass=netlink_route_socket permissive=1
01-01 00:00:16.194     1     1 I init    : starting service 'vendor.bmw.tollcollect.jp@1.0-service'...
01-01 00:00:16.197     1     1 I init    : starting service 'vendor.tvcontrol-hal-1-0'...
01-01 00:00:16.199   571   571 I auditd  : type=1400 audit(0.0:621): avc: denied { create } for comm="ffff_io00" scontext=u:r:hal_lifecycle_default:s0 tcontext=u:r:hal_lifecycle_default:s0 tclass=netlink_route_socket permissive=1
01-01 00:00:16.199   571   571 I auditd  : type=1400 audit(0.0:622): avc: denied { bind } for comm="ffff_io00" scontext=u:r:hal_lifecycle_default:s0 tcontext=u:r:hal_lifecycle_default:s0 tclass=netlink_route_socket permissive=1
01-01 00:00:16.199   571   571 I auditd  : type=1400 audit(0.0:623): avc: denied { write } for comm="ffff_io00" scontext=u:r:hal_lifecycle_default:s0 tcontext=u:r:hal_lifecycle_default:s0 tclass=netlink_route_socket permissive=1
01-01 00:00:16.199   571   571 I auditd  : type=1400 audit(0.0:624): avc: denied { nlmsg_read } for comm="ffff_io00" scontext=u:r:hal_lifecycle_default:s0 tcontext=u:r:hal_lifecycle_default:s0 tclass=netlink_route_socket permissive=1
01-01 00:00:16.199   571   571 I auditd  : type=1400 audit(0.0:625): avc: denied { read } for comm="ffff_io00" scontext=u:r:hal_lifecycle_default:s0 tcontext=u:r:hal_lifecycle_default:s0 tclass=netlink_route_socket permissive=1
01-01 00:00:16.201     1     1 I init    : starting service 'vendor.tvstream-hal-1-0'...
01-01 00:00:16.203     1     1 I init    : starting service 'wifi_hal_legacy_cyp'...
01-01 00:00:16.205     1     1 I init    : starting service 'navsens-hal-1_0'...
01-01 00:00:16.211     1     1 I init    : starting service 'eden_runtime'...
01-01 00:00:16.214     1     1 I init    : Command 'class_start hal' action=boot (/system/etc/init/hw/init.rc:1173) took 494ms and succeeded
01-01 00:00:16.214     1     1 I init    : Service 'vendor.camera-2-4' (pid 511) exited with status 1
01-01 00:00:16.214     1     1 I init    : Sending signal 9 to service 'vendor.camera-2-4' (pid 511) process group...
01-01 00:00:16.214     1     1 I libprocessgroup: Successfully killed process cgroup uid 1006 pid 511 in 0ms
01-01 00:00:16.214     1     1 I init    : service 'ueventd' requested start, but it is already running (flags: 2084)
01-01 00:00:16.214     1     1 I init    : service 'console' requested start, but it is already running (flags: 148)
01-01 00:00:16.214     1     1 I init    : service 'apexd' requested start, but it is already running (flags: 134)
01-01 00:00:16.214     1     1 I init    : starting service 'audioserver'...
01-01 00:00:16.216     1     1 I init    : service 'carwatchdogd' requested start, but it is already running (flags: 132)
01-01 00:00:16.218     1     1 I init    : starting service 'credstore'...
01-01 00:00:16.221     1     1 I init    : starting service 'gpu'...
01-01 00:00:16.223     1     1 I init    : service 'lmkd' requested start, but it is already running (flags: 36)
01-01 00:00:16.223     1     1 I init    : service 'servicemanager' requested start, but it is already running (flags: 2084)
01-01 00:00:16.244     1     1 I init    : starting service 'surfaceflinger'...
01-01 00:00:16.244     1     1 I init    : Could not create socket 'pdx/system/vr/display/client': Failed to bind socket 'pdx/system/vr/display/client': No such file or directory
01-01 00:00:16.244     1     1 I init    : Could not create socket 'pdx/system/vr/display/manager': Failed to bind socket 'pdx/system/vr/display/manager': No such file or directory
01-01 00:00:16.244     1     1 I init    : Could not create socket 'pdx/system/vr/display/vsync': Failed to bind socket 'pdx/system/vr/display/vsync': No such file or directory
01-01 00:00:16.259   587   587 I auditd  : type=1400 audit(0.0:626): avc: denied { create } for comm="ffff_io00" scontext=u:r:bmw_factory_reset_service:s0 tcontext=u:r:bmw_factory_reset_service:s0 tclass=netlink_route_socket permissive=1
01-01 00:00:16.259   587   587 I auditd  : type=1400 audit(0.0:627): avc: denied { bind } for comm="ffff_io00" scontext=u:r:bmw_factory_reset_service:s0 tcontext=u:r:bmw_factory_reset_service:s0 tclass=netlink_route_socket permissive=1
